Component: ARM Compiler 5.05 update 1 (build 106) Tool: armlink [4d0efa]

==============================================================================

Section Cross References

    main.o(i.main) refers to delay.o(i.Delay_init) for Delay_init
    main.o(i.main) refers to misc.o(i.NVIC_PriorityGroupConfig) for NVIC_PriorityGroupConfig
    main.o(i.main) refers to usart.o(i.uart_init) for uart_init
    main.o(i.main) refers to led.o(i.LED_Init) for LED_Init
    main.o(i.main) refers to spi.o(i.SPI2_Init) for SPI2_Init
    main.o(i.main) refers to 24l01.o(i.NRF24L01_Init) for NRF24L01_Init
    main.o(i.main) refers to 24l01.o(i.NRF24L01_Check) for NRF24L01_Check
    main.o(i.main) refers to encoder.o(i.Encoder_Init) for Encoder_Init
    main.o(i.main) refers to motor.o(i.Motor_Init) for Motor_Init
    main.o(i.main) refers to adc.o(i.ADC1_GPIO_Config) for ADC1_GPIO_Config
    main.o(i.main) refers to adc.o(i.ADC1_Mode_Config) for ADC1_Mode_Config
    main.o(i.main) refers to 24l01.o(i.NRF24L01_TX_Mode) for NRF24L01_TX_Mode
    main.o(i.main) refers to timer.o(i.TIM1_Int_Init) for TIM1_Int_Init
    system_stm32f10x.o(i.SetSysClock) refers to system_stm32f10x.o(i.SetSysClockTo72) for SetSysClockTo72
    system_stm32f10x.o(i.SystemCoreClockUpdate) refers to system_stm32f10x.o(.data) for SystemCoreClock
    system_stm32f10x.o(i.SystemInit) refers to system_stm32f10x.o(i.SetSysClock) for SetSysClock
    led.o(i.LED_Init) refers to stm32f10x_rcc.o(i.RCC_APB2PeriphClockCmd) for RCC_APB2PeriphClockCmd
    led.o(i.LED_Init) refers to stm32f10x_gpio.o(i.GPIO_Init) for GPIO_Init
    led.o(i.LED_Init) refers to stm32f10x_gpio.o(i.GPIO_SetBits) for GPIO_SetBits
    motor.o(i.Incremental_PI_A) refers to fflti.o(.text) for __aeabi_i2f
    motor.o(i.Incremental_PI_A) refers to fmul.o(.text) for __aeabi_fmul
    motor.o(i.Incremental_PI_A) refers to fadd.o(.text) for __aeabi_fadd
    motor.o(i.Incremental_PI_A) refers to ffixi.o(.text) for __aeabi_f2iz
    motor.o(i.Incremental_PI_A) refers to motor.o(.data) for BiasA
    motor.o(i.Incremental_PI_B) refers to fflti.o(.text) for __aeabi_i2f
    motor.o(i.Incremental_PI_B) refers to fmul.o(.text) for __aeabi_fmul
    motor.o(i.Incremental_PI_B) refers to fadd.o(.text) for __aeabi_fadd
    motor.o(i.Incremental_PI_B) refers to ffixi.o(.text) for __aeabi_f2iz
    motor.o(i.Incremental_PI_B) refers to motor.o(.data) for BiasB
    motor.o(i.Motor_Gpio_init) refers to stm32f10x_rcc.o(i.RCC_APB2PeriphClockCmd) for RCC_APB2PeriphClockCmd
    motor.o(i.Motor_Gpio_init) refers to stm32f10x_gpio.o(i.GPIO_Init) for GPIO_Init
    motor.o(i.Motor_Init) refers to motor.o(i.Motor_Gpio_init) for Motor_Gpio_init
    motor.o(i.Motor_Init) refers to motor.o(i.PWM2_Init) for PWM2_Init
    motor.o(i.PID_position) refers to fflti.o(.text) for __aeabi_i2f
    motor.o(i.PID_position) refers to fmul.o(.text) for __aeabi_fmul
    motor.o(i.PID_position) refers to fadd.o(.text) for __aeabi_fadd
    motor.o(i.PID_position) refers to ffixi.o(.text) for __aeabi_f2iz
    motor.o(i.PID_position) refers to motor.o(.data) for BiasA
    motor.o(i.PWM2_Init) refers to stm32f10x_rcc.o(i.RCC_APB1PeriphClockCmd) for RCC_APB1PeriphClockCmd
    motor.o(i.PWM2_Init) refers to stm32f10x_tim.o(i.TIM_TimeBaseInit) for TIM_TimeBaseInit
    motor.o(i.PWM2_Init) refers to stm32f10x_tim.o(i.TIM_OC1Init) for TIM_OC1Init
    motor.o(i.PWM2_Init) refers to stm32f10x_tim.o(i.TIM_OC1PreloadConfig) for TIM_OC1PreloadConfig
    motor.o(i.PWM2_Init) refers to stm32f10x_tim.o(i.TIM_OC2Init) for TIM_OC2Init
    motor.o(i.PWM2_Init) refers to stm32f10x_tim.o(i.TIM_OC2PreloadConfig) for TIM_OC2PreloadConfig
    motor.o(i.PWM2_Init) refers to stm32f10x_tim.o(i.TIM_OC3Init) for TIM_OC3Init
    motor.o(i.PWM2_Init) refers to stm32f10x_tim.o(i.TIM_OC3PreloadConfig) for TIM_OC3PreloadConfig
    motor.o(i.PWM2_Init) refers to stm32f10x_tim.o(i.TIM_OC4Init) for TIM_OC4Init
    motor.o(i.PWM2_Init) refers to stm32f10x_tim.o(i.TIM_OC4PreloadConfig) for TIM_OC4PreloadConfig
    motor.o(i.PWM2_Init) refers to stm32f10x_tim.o(i.TIM_Cmd) for TIM_Cmd
    motor.o(i.PWM2_Init) refers to stm32f10x_tim.o(i.TIM_SetCompare1) for TIM_SetCompare1
    motor.o(i.PWM2_Init) refers to stm32f10x_tim.o(i.TIM_SetCompare2) for TIM_SetCompare2
    motor.o(i.PWM2_Init) refers to stm32f10x_tim.o(i.TIM_SetCompare3) for TIM_SetCompare3
    motor.o(i.PWM2_Init) refers to stm32f10x_tim.o(i.TIM_SetCompare4) for TIM_SetCompare4
    motor.o(i.Xianfu_Pwm) refers to timer.o(.data) for Motor_A
    encoder.o(i.EXTI0_IRQHandler) refers to encoder.o(.data) for Encoder_A_EXTI
    encoder.o(i.EXTI1_IRQHandler) refers to encoder.o(.data) for Encoder_A_EXTI
    encoder.o(i.EXTI9_5_IRQHandler) refers to stm32f10x_exti.o(i.EXTI_GetITStatus) for EXTI_GetITStatus
    encoder.o(i.EXTI9_5_IRQHandler) refers to encoder.o(.data) for Encoder_B_EXTI
    encoder.o(i.Encoder_Init) refers to encoder.o(i.Encoder_Init_TIM_Exit0) for Encoder_Init_TIM_Exit0
[...]
    Removing stm32f10x_i2c.o(i.I2C_DualAddressCmd), (24 bytes).
    Removing stm32f10x_i2c.o(i.I2C_FastModeDutyCycleConfig), (28 bytes).
    Removing stm32f10x_i2c.o(i.I2C_GeneralCallCmd), (24 bytes).
    Removing stm32f10x_i2c.o(i.I2C_GenerateSTART), (24 bytes).
    Removing stm32f10x_i2c.o(i.I2C_GenerateSTOP), (24 bytes).
    Removing stm32f10x_i2c.o(i.I2C_GetFlagStatus), (58 bytes).
    Removing stm32f10x_i2c.o(i.I2C_GetITStatus), (38 bytes).
    Removing stm32f10x_i2c.o(i.I2C_GetLastEvent), (26 bytes).
    Removing stm32f10x_i2c.o(i.I2C_GetPEC), (8 bytes).
    Removing stm32f10x_i2c.o(i.I2C_ITConfig), (18 bytes).
    Removing stm32f10x_i2c.o(i.I2C_Init), (236 bytes).
    Removing stm32f10x_i2c.o(i.I2C_NACKPositionConfig), (28 bytes).
    Removing stm32f10x_i2c.o(i.I2C_OwnAddress2Config), (22 bytes).
    Removing stm32f10x_i2c.o(i.I2C_PECPositionConfig), (28 bytes).
    Removing stm32f10x_i2c.o(i.I2C_ReadRegister), (22 bytes).
    Removing stm32f10x_i2c.o(i.I2C_ReceiveData), (8 bytes).
    Removing stm32f10x_i2c.o(i.I2C_SMBusAlertConfig), (28 bytes).
    Removing stm32f10x_i2c.o(i.I2C_Send7bitAddress), (18 bytes).
    Removing stm32f10x_i2c.o(i.I2C_SendData), (4 bytes).
    Removing stm32f10x_i2c.o(i.I2C_SoftwareResetCmd), (22 bytes).
    Removing stm32f10x_i2c.o(i.I2C_StretchClockCmd), (24 bytes).
    Removing stm32f10x_i2c.o(i.I2C_StructInit), (30 bytes).
    Removing stm32f10x_i2c.o(i.I2C_TransmitPEC), (24 bytes).
    Removing stm32f10x_iwdg.o(i.IWDG_Enable), (16 bytes).
    Removing stm32f10x_iwdg.o(i.IWDG_GetFlagStatus), (24 bytes).
    Removing stm32f10x_iwdg.o(i.IWDG_ReloadCounter), (16 bytes).
    Removing stm32f10x_iwdg.o(i.IWDG_SetPrescaler), (12 bytes).
    Removing stm32f10x_iwdg.o(i.IWDG_SetReload), (12 bytes).
    Removing stm32f10x_iwdg.o(i.IWDG_WriteAccessCmd), (12 bytes).
    Removing stm32f10x_pwr.o(i.PWR_BackupAccessCmd), (12 bytes).
    Removing stm32f10x_pwr.o(i.PWR_ClearFlag), (20 bytes).
    Removing stm32f10x_pwr.o(i.PWR_DeInit), (22 bytes).
    Removing stm32f10x_pwr.o(i.PWR_EnterSTANDBYMode), (52 bytes).
    Removing stm32f10x_pwr.o(i.PWR_EnterSTOPMode), (64 bytes).
    Removing stm32f10x_pwr.o(i.PWR_GetFlagStatus), (24 bytes).
    Removing stm32f10x_pwr.o(i.PWR_PVDCmd), (12 bytes).
    Removing stm32f10x_pwr.o(i.PWR_PVDLevelConfig), (24 bytes).
    Removing stm32f10x_pwr.o(i.PWR_WakeUpPinCmd), (12 bytes).
    Removing stm32f10x_rcc.o(i.RCC_APB1PeriphResetCmd), (32 bytes).
    Removing stm32f10x_rcc.o(i.RCC_APB2PeriphResetCmd), (32 bytes).
    Removing stm32f10x_rcc.o(i.RCC_AdjustHSICalibrationValue), (24 bytes).
    Removing stm32f10x_rcc.o(i.RCC_BackupResetCmd), (12 bytes).
    Removing stm32f10x_rcc.o(i.RCC_ClearFlag), (20 bytes).
    Removing stm32f10x_rcc.o(i.RCC_ClearITPendingBit), (12 bytes).
    Removing stm32f10x_rcc.o(i.RCC_ClockSecuritySystemCmd), (12 bytes).
    Removing stm32f10x_rcc.o(i.RCC_DeInit), (76 bytes).
    Removing stm32f10x_rcc.o(i.RCC_GetFlagStatus), (60 bytes).
    Removing stm32f10x_rcc.o(i.RCC_GetITStatus), (24 bytes).
    Removing stm32f10x_rcc.o(i.RCC_GetSYSCLKSource), (16 bytes).
    Removing stm32f10x_rcc.o(i.RCC_HCLKConfig), (24 bytes).
    Removing stm32f10x_rcc.o(i.RCC_HSEConfig), (76 bytes).
    Removing stm32f10x_rcc.o(i.RCC_HSICmd), (12 bytes).
    Removing stm32f10x_rcc.o(i.RCC_ITConfig), (32 bytes).
    Removing stm32f10x_rcc.o(i.RCC_LSEConfig), (52 bytes).
    Removing stm32f10x_rcc.o(i.RCC_LSICmd), (12 bytes).
    Removing stm32f10x_rcc.o(i.RCC_MCOConfig), (12 bytes).
    Removing stm32f10x_rcc.o(i.RCC_PCLK1Config), (24 bytes).
    Removing stm32f10x_rcc.o(i.RCC_PCLK2Config), (24 bytes).
    Removing stm32f10x_rcc.o(i.RCC_PLLCmd), (12 bytes).
    Removing stm32f10x_rcc.o(i.RCC_PLLConfig), (28 bytes).
    Removing stm32f10x_rcc.o(i.RCC_RTCCLKCmd), (12 bytes).
    Removing stm32f10x_rcc.o(i.RCC_RTCCLKConfig), (16 bytes).
    Removing stm32f10x_rcc.o(i.RCC_SYSCLKConfig), (24 bytes).
    Removing stm32f10x_rcc.o(i.RCC_USBCLKConfig), (12 bytes).
    Removing stm32f10x_rcc.o(i.RCC_WaitForHSEStartUp), (56 bytes).
    Removing stm32f10x_rtc.o(i.RTC_ClearFlag), (16 bytes).
    Removing stm32f10x_rtc.o(i.RTC_ClearITPendingBit), (16 bytes).
    Removing stm32f10x_rtc.o(i.RTC_EnterConfigMode), (20 bytes).
    Removing stm32f10x_rtc.o(i.RTC_ExitConfigMode), (20 bytes).
    Removing stm32f10x_rtc.o(i.RTC_GetCounter), (20 bytes).
    Removing stm32f10x_rtc.o(i.RTC_GetDivider), (24 bytes).
    Removing stm32f10x_rtc.o(i.RTC_GetFlagStatus), (24 bytes).
    Removing stm32f10x_rtc.o(i.RTC_GetITStatus), (36 bytes).
    Removing stm32f10x_rtc.o(i.RTC_ITConfig), (32 bytes).
    Removing stm32f10x_rtc.o(i.RTC_SetAlarm), (28 bytes).
    Removing stm32f10x_rtc.o(i.RTC_SetCounter), (28 bytes).
    Removing stm32f10x_rtc.o(i.RTC_SetPrescaler), (32 bytes).
    Removing stm32f10x_rtc.o(i.RTC_WaitForLastTask), (20 bytes).
    Removing stm32f10x_rtc.o(i.RTC_WaitForSynchro), (36 bytes).
    Removing stm32f10x_sdio.o(i.SDIO_CEATAITCmd), (16 bytes).
    Removing stm32f10x_sdio.o(i.SDIO_ClearFlag), (12 bytes).
    Removing stm32f10x_sdio.o(i.SDIO_ClearITPendingBit), (12 bytes).
    Removing stm32f10x_sdio.o(i.SDIO_ClockCmd), (12 bytes).
    Removing stm32f10x_sdio.o(i.SDIO_CmdStructInit), (14 bytes).
    Removing stm32f10x_sdio.o(i.SDIO_CommandCompletionCmd), (12 bytes).
    Removing stm32f10x_sdio.o(i.SDIO_DMACmd), (12 bytes).
    Removing stm32f10x_sdio.o(i.SDIO_DataConfig), (48 bytes).
    Removing stm32f10x_sdio.o(i.SDIO_DataStructInit), (20 bytes).
    Removing stm32f10x_sdio.o(i.SDIO_DeInit), (36 bytes).
    Removing stm32f10x_sdio.o(i.SDIO_GetCommandResponse), (12 bytes).
    Removing stm32f10x_sdio.o(i.SDIO_GetDataCounter), (12 bytes).
    Removing stm32f10x_sdio.o(i.SDIO_GetFIFOCount), (12 bytes).
    Removing stm32f10x_sdio.o(i.SDIO_GetFlagStatus), (24 bytes).
    Removing stm32f10x_sdio.o(i.SDIO_GetITStatus), (24 bytes).
    Removing stm32f10x_sdio.o(i.SDIO_GetPowerState), (16 bytes).
    Removing stm32f10x_sdio.o(i.SDIO_GetResponse), (24 bytes).
    Removing stm32f10x_sdio.o(i.SDIO_ITConfig), (32 bytes).
    Removing stm32f10x_sdio.o(i.SDIO_Init), (48 bytes).
    Removing stm32f10x_sdio.o(i.SDIO_ReadData), (12 bytes).
    Removing stm32f10x_sdio.o(i.SDIO_SendCEATACmd), (12 bytes).
    Removing stm32f10x_sdio.o(i.SDIO_SendCommand), (44 bytes).
    Removing stm32f10x_sdio.o(i.SDIO_SendSDIOSuspendCmd), (12 bytes).
    Removing stm32f10x_sdio.o(i.SDIO_SetPowerState), (28 bytes).
    Removing stm32f10x_sdio.o(i.SDIO_SetSDIOOperation), (12 bytes).
    Removing stm32f10x_sdio.o(i.SDIO_SetSDIOReadWaitMode), (12 bytes).
    Removing stm32f10x_sdio.o(i.SDIO_StartSDIOReadWait), (12 bytes).
    Removing stm32f10x_sdio.o(i.SDIO_StopSDIOReadWait), (12 bytes).
    Removing stm32f10x_sdio.o(i.SDIO_StructInit), (16 bytes).
    Removing stm32f10x_sdio.o(i.SDIO_WriteData), (12 bytes).
    Removing stm32f10x_spi.o(i.I2S_Cmd), (24 bytes).
    Removing stm32f10x_spi.o(i.I2S_Init), (232 bytes).
    Removing stm32f10x_spi.o(i.I2S_StructInit), (20 bytes).
    Removing stm32f10x_spi.o(i.SPI_BiDirectionalLineConfig), (28 bytes).
    Removing stm32f10x_spi.o(i.SPI_CalculateCRC), (24 bytes).
    Removing stm32f10x_spi.o(i.SPI_DataSizeConfig), (18 bytes).
    Removing stm32f10x_spi.o(i.SPI_GetCRC), (16 bytes).
    Removing stm32f10x_spi.o(i.SPI_GetCRCPolynomial), (6 bytes).
    Removing stm32f10x_spi.o(i.SPI_I2S_ClearFlag), (6 bytes).
    Removing stm32f10x_spi.o(i.SPI_I2S_ClearITPendingBit), (20 bytes).
    Removing stm32f10x_spi.o(i.SPI_I2S_DMACmd), (18 bytes).
    Removing stm32f10x_spi.o(i.SPI_I2S_DeInit), (88 bytes).
    Removing stm32f10x_spi.o(i.SPI_I2S_GetITStatus), (52 bytes).
    Removing stm32f10x_spi.o(i.SPI_I2S_ITConfig), (32 bytes).
    Removing stm32f10x_spi.o(i.SPI_NSSInternalSoftwareConfig), (30 bytes).
    Removing stm32f10x_spi.o(i.SPI_SSOutputCmd), (24 bytes).
    Removing stm32f10x_spi.o(i.SPI_StructInit), (24 bytes).
    Removing stm32f10x_spi.o(i.SPI_TransmitCRC), (10 bytes).
    Removing stm32f10x_tim.o(i.TI1_Config), (128 bytes).
    Removing stm32f10x_tim.o(i.TI2_Config), (152 bytes).
    Removing stm32f10x_tim.o(i.TI3_Config), (144 bytes).
    Removing stm32f10x_tim.o(i.TI4_Config), (152 bytes).
    Removing stm32f10x_tim.o(i.TIM_ARRPreloadConfig), (24 bytes).
    Removing stm32f10x_tim.o(i.TIM_BDTRConfig), (32 bytes).
    Removing stm32f10x_tim.o(i.TIM_BDTRStructInit), (18 bytes).
    Removing stm32f10x_tim.o(i.TIM_CCPreloadControl), (24 bytes).
    Removing stm32f10x_tim.o(i.TIM_CCxCmd), (30 bytes).
    Removing stm32f10x_tim.o(i.TIM_CCxNCmd), (30 bytes).
    Removing stm32f10x_tim.o(i.TIM_ClearFlag), (6 bytes).
    Removing stm32f10x_tim.o(i.TIM_ClearOC1Ref), (18 bytes).
    Removing stm32f10x_tim.o(i.TIM_ClearOC2Ref), (24 bytes).
    Removing stm32f10x_tim.o(i.TIM_ClearOC3Ref), (18 bytes).
    Removing stm32f10x_tim.o(i.TIM_ClearOC4Ref), (24 bytes).
    Removing stm32f10x_tim.o(i.TIM_CounterModeConfig), (18 bytes).
    Removing stm32f10x_tim.o(i.TIM_CtrlPWMOutputs), (30 bytes).
    Removing stm32f10x_tim.o(i.TIM_DMACmd), (18 bytes).
    Removing stm32f10x_tim.o(i.TIM_DMAConfig), (10 bytes).
    Removing stm32f10x_tim.o(i.TIM_DeInit), (488 bytes).
    Removing stm32f10x_tim.o(i.TIM_ETRClockMode1Config), (54 bytes).
    Removing stm32f10x_tim.o(i.TIM_ETRClockMode2Config), (32 bytes).
    Removing stm32f10x_tim.o(i.TIM_ETRConfig), (28 bytes).
    Removing stm32f10x_tim.o(i.TIM_EncoderInterfaceConfig), (66 bytes).
    Removing stm32f10x_tim.o(i.TIM_ForcedOC1Config), (18 bytes).
    Removing stm32f10x_tim.o(i.TIM_ForcedOC2Config), (26 bytes).
    Removing stm32f10x_tim.o(i.TIM_ForcedOC3Config), (18 bytes).
    Removing stm32f10x_tim.o(i.TIM_ForcedOC4Config), (26 bytes).
    Removing stm32f10x_tim.o(i.TIM_GenerateEvent), (4 bytes).
    Removing stm32f10x_tim.o(i.TIM_GetCapture1), (6 bytes).
    Removing stm32f10x_tim.o(i.TIM_GetCapture2), (6 bytes).
    Removing stm32f10x_tim.o(i.TIM_GetCapture3), (6 bytes).
    Removing stm32f10x_tim.o(i.TIM_GetCapture4), (8 bytes).
    Removing stm32f10x_tim.o(i.TIM_GetCounter), (6 bytes).
    Removing stm32f10x_tim.o(i.TIM_GetFlagStatus), (18 bytes).
    Removing stm32f10x_tim.o(i.TIM_GetPrescaler), (6 bytes).
    Removing stm32f10x_tim.o(i.TIM_ICInit), (172 bytes).
    Removing stm32f10x_tim.o(i.TIM_ICStructInit), (18 bytes).
    Removing stm32f10x_tim.o(i.TIM_ITRxExternalClockConfig), (24 bytes).
    Removing stm32f10x_tim.o(i.TIM_InternalClockConfig), (12 bytes).
    Removing stm32f10x_tim.o(i.TIM_OC1FastConfig), (18 bytes).
    Removing stm32f10x_tim.o(i.TIM_OC1NPolarityConfig), (18 bytes).
    Removing stm32f10x_tim.o(i.TIM_OC1PolarityConfig), (18 bytes).
    Removing stm32f10x_tim.o(i.TIM_OC2FastConfig), (26 bytes).
    Removing stm32f10x_tim.o(i.TIM_OC2NPolarityConfig), (26 bytes).
    Removing stm32f10x_tim.o(i.TIM_OC2PolarityConfig), (26 bytes).
    Removing stm32f10x_tim.o(i.TIM_OC3FastConfig), (18 bytes).
    Removing stm32f10x_tim.o(i.TIM_OC3NPolarityConfig), (26 bytes).
    Removing stm32f10x_tim.o(i.TIM_OC3PolarityConfig), (26 bytes).
    Removing stm32f10x_tim.o(i.TIM_OC4FastConfig), (26 bytes).
    Removing stm32f10x_tim.o(i.TIM_OC4PolarityConfig), (26 bytes).
    Removing stm32f10x_tim.o(i.TIM_OCStructInit), (20 bytes).
    Removing stm32f10x_tim.o(i.TIM_PWMIConfig), (124 bytes).
    Removing stm32f10x_tim.o(i.TIM_PrescalerConfig), (6 bytes).
    Removing stm32f10x_tim.o(i.TIM_SelectCCDMA), (24 bytes).
    Removing stm32f10x_tim.o(i.TIM_SelectCOM), (24 bytes).
    Removing stm32f10x_tim.o(i.TIM_SelectHallSensor), (24 bytes).
    Removing stm32f10x_tim.o(i.TIM_SelectInputTrigger), (18 bytes).
    Removing stm32f10x_tim.o(i.TIM_SelectMasterSlaveMode), (18 bytes).
    Removing stm32f10x_tim.o(i.TIM_SelectOCxM), (82 bytes).
    Removing stm32f10x_tim.o(i.TIM_SelectOnePulseMode), (18 bytes).
    Removing stm32f10x_tim.o(i.TIM_SelectOutputTrigger), (18 bytes).
    Removing stm32f10x_tim.o(i.TIM_SelectSlaveMode), (18 bytes).
    Removing stm32f10x_tim.o(i.TIM_SetAutoreload), (4 bytes).
    Removing stm32f10x_tim.o(i.TIM_SetClockDivision), (18 bytes).
    Removing stm32f10x_tim.o(i.TIM_SetCounter), (4 bytes).
    Removing stm32f10x_tim.o(i.TIM_SetIC1Prescaler), (18 bytes).
    Removing stm32f10x_tim.o(i.TIM_SetIC2Prescaler), (26 bytes).
    Removing stm32f10x_tim.o(i.TIM_SetIC3Prescaler), (18 bytes).
    Removing stm32f10x_tim.o(i.TIM_SetIC4Prescaler), (26 bytes).
    Removing stm32f10x_tim.o(i.TIM_TIxExternalClockConfig), (62 bytes).
    Removing stm32f10x_tim.o(i.TIM_TimeBaseStructInit), (18 bytes).
    Removing stm32f10x_tim.o(i.TIM_UpdateDisableConfig), (24 bytes).
    Removing stm32f10x_tim.o(i.TIM_UpdateRequestConfig), (24 bytes).
    Removing stm32f10x_usart.o(i.USART_ClearFlag), (18 bytes).
    Removing stm32f10x_usart.o(i.USART_ClearITPendingBit), (30 bytes).
    Removing stm32f10x_usart.o(i.USART_ClockInit), (34 bytes).
    Removing stm32f10x_usart.o(i.USART_ClockStructInit), (12 bytes).
    Removing stm32f10x_usart.o(i.USART_DMACmd), (18 bytes).
    Removing stm32f10x_usart.o(i.USART_DeInit), (156 bytes).
    Removing stm32f10x_usart.o(i.USART_HalfDuplexCmd), (24 bytes).
    Removing stm32f10x_usart.o(i.USART_IrDACmd), (24 bytes).
    Removing stm32f10x_usart.o(i.USART_IrDAConfig), (18 bytes).
    Removing stm32f10x_usart.o(i.USART_LINBreakDetectLengthConfig), (18 bytes).
    Removing stm32f10x_usart.o(i.USART_LINCmd), (24 bytes).
    Removing stm32f10x_usart.o(i.USART_OneBitMethodCmd), (24 bytes).
    Removing stm32f10x_usart.o(i.USART_OverSampling8Cmd), (22 bytes).
    Removing stm32f10x_usart.o(i.USART_ReceiverWakeUpCmd), (24 bytes).
    Removing stm32f10x_usart.o(i.USART_SendBreak), (10 bytes).
    Removing stm32f10x_usart.o(i.USART_SendData), (8 bytes).
    Removing stm32f10x_usart.o(i.USART_SetAddress), (18 bytes).
    Removing stm32f10x_usart.o(i.USART_SetGuardTime), (16 bytes).
    Removing stm32f10x_usart.o(i.USART_SetPrescaler), (16 bytes).
    Removing stm32f10x_usart.o(i.USART_SmartCardCmd), (24 bytes).
    Removing stm32f10x_usart.o(i.USART_SmartCardNACKCmd), (24 bytes).
    Removing stm32f10x_usart.o(i.USART_StructInit), (24 bytes).
    Removing stm32f10x_usart.o(i.USART_WakeUpConfig), (18 bytes).
    Removing stm32f10x_wwdg.o(i.WWDG_ClearFlag), (12 bytes).
    Removing stm32f10x_wwdg.o(i.WWDG_DeInit), (22 bytes).
    Removing stm32f10x_wwdg.o(i.WWDG_Enable), (16 bytes).
    Removing stm32f10x_wwdg.o(i.WWDG_EnableIT), (12 bytes).
    Removing stm32f10x_wwdg.o(i.WWDG_GetFlagStatus), (12 bytes).
    Removing stm32f10x_wwdg.o(i.WWDG_SetCounter), (16 bytes).
    Removing stm32f10x_wwdg.o(i.WWDG_SetPrescaler), (24 bytes).
    Removing stm32f10x_wwdg.o(i.WWDG_SetWindowValue), (40 bytes).
    Removing dmul.o(.text), (228 bytes).
    Removing dflti.o(.text), (34 bytes).
    Removing d2f.o(.text), (56 bytes).
    Removing dfixul.o(.text), (48 bytes).
    Removing cdrcmple.o(.text), (48 bytes).

441 unused section(s) (total 18702 bytes) removed from the image.

==============================================================================

Image Symbol Table

    Local Symbols

    Symbol Name                              Value     Ov Type        Size  Object(Section)

    ../clib/microlib/division.c              0x00000000   Number         0  uldiv.o ABSOLUTE
    ../clib/microlib/division.c              0x00000000   Number         0  uidiv.o ABSOLUTE
    ../clib/microlib/init/entry.s            0x00000000   Number         0  entry11b.o ABSOLUTE
    ../clib/microlib/init/entry.s            0x00000000   Number         0  entry2.o ABSOLUTE
    ../clib/microlib/init/entry.s            0x00000000   Number         0  entry11a.o ABSOLUTE
    ../clib/microlib/init/entry.s            0x00000000   Number         0  entry8b.o ABSOLUTE
    ../clib/microlib/init/entry.s            0x00000000   Number         0  entry10b.o ABSOLUTE
    ../clib/microlib/init/entry.s            0x00000000   Number         0  entry.o ABSOLUTE
    ../clib/microlib/init/entry.s            0x00000000   Number         0  entry10a.o ABSOLUTE
    ../clib/microlib/init/entry.s            0x00000000   Number         0  entry9b.o ABSOLUTE
    ../clib/microlib/init/entry.s            0x00000000   Number         0  entry9a.o ABSOLUTE
    ../clib/microlib/init/entry.s            0x00000000   Number         0  entry8a.o ABSOLUTE
    ../clib/microlib/init/entry.s            0x00000000   Number         0  entry7b.o ABSOLUTE
    ../clib/microlib/init/entry.s            0x00000000   Number         0  entry7a.o ABSOLUTE
    ../clib/microlib/init/entry.s            0x00000000   Number         0  entry5.o ABSOLUTE
    ../clib/microlib/longlong.c              0x00000000   Number         0  llsshr.o ABSOLUTE
    ../clib/microlib/longlong.c              0x00000000   Number         0  llushr.o ABSOLUTE
    ../clib/microlib/longlong.c              0x00000000   Number         0  llshl.o ABSOLUTE
    ../clib/microlib/printf/printf.c         0x00000000   Number         0  printf1.o ABSOLUTE
    ../clib/microlib/printf/printf.c         0x00000000   Number         0  printf0.o ABSOLUTE
    ../clib/microlib/printf/printf.c         0x00000000   Number         0  printf6.o ABSOLUTE
    ../clib/microlib/printf/printf.c         0x00000000   Number         0  printfb.o ABSOLUTE
    ../clib/microlib/printf/printf.c         0x00000000   Number         0  printf5.o ABSOLUTE
    ../clib/microlib/printf/printf.c         0x00000000   Number         0  printf4.o ABSOLUTE
    ../clib/microlib/printf/printf.c         0x00000000   Number         0  printf8.o ABSOLUTE
    ../clib/microlib/printf/printf.c         0x00000000   Number         0  printf3.o ABSOLUTE
    ../clib/microlib/printf/printf.c         0x00000000   Number         0  printf2.o ABSOLUTE
    ../clib/microlib/printf/printf.c         0x00000000   Number         0  printfa.o ABSOLUTE
    ../clib/microlib/printf/printf.c         0x00000000   Number         0  printf7.o ABSOLUTE
    ../clib/microlib/printf/stubs.s          0x00000000   Number         0  stubs.o ABSOLUTE
    ../clib/microlib/stubs.s                 0x00000000   Number         0  useno.o ABSOLUTE
    ../clib/microlib/stubs.s                 0x00000000   Number         0  iusefp.o ABSOLUTE
    ../fplib/microlib/d2f.c                  0x00000000   Number         0  d2f.o ABSOLUTE
    ../fplib/microlib/fpadd.c                0x00000000   Number         0  dadd.o ABSOLUTE
    ../fplib/microlib/fpadd.c                0x00000000   Number         0  fadd.o ABSOLUTE
    ../fplib/microlib/fpdiv.c                0x00000000   Number         0  ddiv.o ABSOLUTE
    ../fplib/microlib/fpepilogue.c           0x00000000   Number         0  depilogue.o ABSOLUTE
    ../fplib/microlib/fpepilogue.c           0x00000000   Number         0  fepilogue.o ABSOLUTE
    ../fplib/microlib/fpfix.c                0x00000000   Number         0  dfixul.o ABSOLUTE
    ../fplib/microlib/fpfix.c                0x00000000   Number         0  dfixi.o ABSOLUTE
    ../fplib/microlib/fpfix.c                0x00000000   Number         0  ffixi.o ABSOLUTE
    ../fplib/microlib/fpflt.c                0x00000000   Number         0  fflti.o ABSOLUTE
    ../fplib/microlib/fpflt.c                0x00000000   Number         0  dflti.o ABSOLUTE
    ../fplib/microlib/fpflt.c                0x00000000   Number         0  dfltui.o ABSOLUTE
    ../fplib/microlib/fpmul.c                0x00000000   Number         0  dmul.o ABSOLUTE
    ../fplib/microlib/fpmul.c                0x00000000   Number         0  fmul.o ABSOLUTE
    ..\CORE\core_cm3.c                       0x00000000   Number         0  core_cm3.o ABSOLUTE
    ..\CORE\startup_stm32f10x_hd.s           0x00000000   Number         0  startup_stm32f10x_hd.o ABSOLUTE
    ..\HARDWARE\ADC\ADC.c                    0x00000000   Number         0  adc.o ABSOLUTE
    ..\HARDWARE\JY61\JY61.c                  0x00000000   Number         0  jy61.o ABSOLUTE
    ..\HARDWARE\LED\LED.c                    0x00000000   Number         0  led.o ABSOLUTE
    ..\HARDWARE\Motor\Motor.c                0x00000000   Number         0  motor.o ABSOLUTE
    ..\HARDWARE\NRF24L01\24l01.c             0x00000000   Number         0  24l01.o ABSOLUTE
    ..\HARDWARE\SPI\spi.c                    0x00000000   Number         0  spi.o ABSOLUTE
    ..\HARDWARE\encoder\encoder.c            0x00000000   Number         0  encoder.o ABSOLUTE
    ..\HARDWARE\timer\timer.c                0x00000000   Number         0  timer.o ABSOLUTE
    ..\STM32F10x_FWLib\src\misc.c            0x00000000   Number         0  misc.o ABSOLUTE
    ..\STM32F10x_FWLib\src\stm32f10x_adc.c   0x00000000   Number         0  stm32f10x_adc.o ABSOLUTE
    ..\STM32F10x_FWLib\src\stm32f10x_bkp.c   0x00000000   Number         0  stm32f10x_bkp.o ABSOLUTE
    ..\STM32F10x_FWLib\src\stm32f10x_can.c   0x00000000   Number         0  stm32f10x_can.o ABSOLUTE
    ..\STM32F10x_FWLib\src\stm32f10x_cec.c   0x00000000   Number         0  stm32f10x_cec.o ABSOLUTE
    ..\STM32F10x_FWLib\src\stm32f10x_crc.c   0x00000000   Number         0  stm32f10x_crc.o ABSOLUTE
    ..\STM32F10x_FWLib\src\stm32f10x_dac.c   0x00000000   Number         0  stm32f10x_dac.o ABSOLUTE
    ..\STM32F10x_FWLib\src\stm32f10x_dbgmcu.c 0x00000000   Number         0  stm32f10x_dbgmcu.o ABSOLUTE
    ..\STM32F10x_FWLib\src\stm32f10x_dma.c   0x00000000   Number         0  stm32f10x_dma.o ABSOLUTE
    ..\STM32F10x_FWLib\src\stm32f10x_exti.c  0x00000000   Number         0  stm32f10x_exti.o ABSOLUTE
    ..\STM32F10x_FWLib\src\stm32f10x_flash.c 0x00000000   Number         0  stm32f10x_flash.o ABSOLUTE
    ..\STM32F10x_FWLib\src\stm32f10x_fsmc.c  0x00000000   Number         0  stm32f10x_fsmc.o ABSOLUTE
    ..\STM32F10x_FWLib\src\stm32f10x_gpio.c  0x00000000   Number         0  stm32f10x_gpio.o ABSOLUTE
    ..\STM32F10x_FWLib\src\stm32f10x_i2c.c   0x00000000   Number         0  stm32f10x_i2c.o ABSOLUTE
    ..\STM32F10x_FWLib\src\stm32f10x_iwdg.c  0x00000000   Number         0  stm32f10x_iwdg.o ABSOLUTE
    ..\STM32F10x_FWLib\src\stm32f10x_pwr.c   0x00000000   Number         0  stm32f10x_pwr.o ABSOLUTE
    ..\STM32F10x_FWLib\src\stm32f10x_rcc.c   0x00000000   Number         0  stm32f10x_rcc.o ABSOLUTE
    ..\STM32F10x_FWLib\src\stm32f10x_rtc.c   0x00000000   Number         0  stm32f10x_rtc.o ABSOLUTE
    ..\STM32F10x_FWLib\src\stm32f10x_sdio.c  0x00000000   Number         0  stm32f10x_sdio.o ABSOLUTE
    ..\STM32F10x_FWLib\src\stm32f10x_spi.c   0x00000000   Number         0  stm32f10x_spi.o ABSOLUTE
    ..\STM32F10x_FWLib\src\stm32f10x_tim.c   0x00000000   Number         0  stm32f10x_tim.o ABSOLUTE
    ..\STM32F10x_FWLib\src\stm32f10x_usart.c 0x00000000   Number         0  stm32f10x_usart.o ABSOLUTE
    ..\STM32F10x_FWLib\src\stm32f10x_wwdg.c  0x00000000   Number         0  stm32f10x_wwdg.o ABSOLUTE
    ..\SYSTEM\delay\delay.c                  0x00000000   Number         0  delay.o ABSOLUTE
    ..\SYSTEM\sys\sys.c                      0x00000000   Number         0  sys.o ABSOLUTE
    ..\SYSTEM\usart\usart.c                  0x00000000   Number         0  usart.o ABSOLUTE
    ..\\CORE\\core_cm3.c                     0x00000000   Number         0  core_cm3.o ABSOLUTE
    ..\\SYSTEM\\sys\\sys.c                   0x00000000   Number         0  sys.o ABSOLUTE
    cdrcmple.s                               0x00000000   Number         0  cdrcmple.o ABSOLUTE
    dc.s                                     0x00000000   Number         0  dc.o ABSOLUTE
    handlers.s                               0x00000000   Number         0  handlers.o ABSOLUTE
    init.s                                   0x00000000   Number         0  init.o ABSOLUTE
    main.c                                   0x00000000   Number         0  main.o ABSOLUTE
    stm32f10x_it.c                           0x00000000   Number         0  stm32f10x_it.o ABSOLUTE
    system_stm32f10x.c                       0x00000000   Number         0  system_stm32f10x.o ABSOLUTE
    RESET                                    0x08000000   Section      304  startup_stm32f10x_hd.o(RESET)
    .ARM.Collect$$$$00000000                 0x08000130   Section        0  entry.o(.ARM.Collect$$$$00000000)
    .ARM.Collect$$$$00000001                 0x08000130   Section        4  entry2.o(.ARM.Collect$$$$00000001)
    .ARM.Collect$$$$00000004                 0x08000134   Section        4  entry5.o(.ARM.Collect$$$$00000004)
    .ARM.Collect$$$$00000008                 0x08000138   Section        0  entry7b.o(.ARM.Collect$$$$00000008)
    .ARM.Collect$$$$0000000A                 0x08000138   Section        0  entry8b.o(.ARM.Collect$$$$0000000A)
    .ARM.Collect$$$$0000000B                 0x08000138   Section        8  entry9a.o(.ARM.Collect$$$$0000000B)
    .ARM.Collect$$$$0000000D                 0x08000140   Section        0  entry10a.o(.ARM.Collect$$$$0000000D)
    .ARM.Collect$$$$0000000F                 0x08000140   Section        0  entry11a.o(.ARM.Collect$$$$0000000F)
    .ARM.Collect$$$$00002712                 0x08000140   Section        4  entry2.o(.ARM.Collect$$$$00002712)
    __lit__00000000                          0x08000140   Data           4  entry2.o(.ARM.Collect$$$$00002712)
    .text                                    0x08000144   Section       36  startup_stm32f10x_hd.o(.text)
    .text                                    0x08000168   Section        0  fadd.o(.text)
    .text                                    0x08000218   Section        0  fmul.o(.text)
    .text                                    0x0800027c   Section        0  dadd.o(.text)
    .text                                    0x080003ca   Section        0  ddiv.o(.text)
    .text                                    0x080004a8   Section        0  fflti.o(.text)
    .text                                    0x080004ba   Section        0  dfltui.o(.text)
    .text                                    0x080004d4   Section        0  ffixi.o(.text)
    .text                                    0x08000506   Section        0  dfixi.o(.text)
    .text                                    0x08000544   Section        0  uidiv.o(.text)
    .text                                    0x08000570   Section        0  llshl.o(.text)
    .text                                    0x0800058e   Section        0  llushr.o(.text)
    .text                                    0x080005ae   Section        0  llsshr.o(.text)
    .text                                    0x080005d2   Section        0  fepilogue.o(.text)
    .text                                    0x080005d2   Section        0  iusefp.o(.text)
    .text                                    0x08000640   Section        0  depilogue.o(.text)
    .text                                    0x080006fc   Section       36  init.o(.text)
    i.ADC1_GPIO_Config                       0x08000720   Section        0  adc.o(i.ADC1_GPIO_Config)
    i.ADC1_Mode_Config                       0x080007b8   Section        0  adc.o(i.ADC1_Mode_Config)
    i.ADC_Cmd                                0x080008c0   Section        0  stm32f10x_adc.o(i.ADC_Cmd)
    i.ADC_DMACmd                             0x080008d6   Section        0  stm32f10x_adc.o(i.ADC_DMACmd)
    i.ADC_GetCalibrationStatus               0x080008ec   Section        0  stm32f10x_adc.o(i.ADC_GetCalibrationStatus)
    i.ADC_GetResetCalibrationStatus          0x08000900   Section        0  stm32f10x_adc.o(i.ADC_GetResetCalibrationStatus)
    i.ADC_Init                               0x08000914   Section        0  stm32f10x_adc.o(i.ADC_Init)
    i.ADC_RegularChannelConfig               0x08000964   Section        0  stm32f10x_adc.o(i.ADC_RegularChannelConfig)
    i.ADC_ResetCalibration                   0x08000a1c   Section        0  stm32f10x_adc.o(i.ADC_ResetCalibration)
    i.ADC_SoftwareStartConvCmd               0x08000a26   Section        0  stm32f10x_adc.o(i.ADC_SoftwareStartConvCmd)
    i.ADC_StartCalibration                   0x08000a3c   Section        0  stm32f10x_adc.o(i.ADC_StartCalibration)
    i.BusFault_Handler                       0x08000a46   Section        0  stm32f10x_it.o(i.BusFault_Handler)
    i.DMA_Cmd                                0x08000a4a   Section        0  stm32f10x_dma.o(i.DMA_Cmd)
    i.DMA_DeInit                             0x08000a64   Section        0  stm32f10x_dma.o(i.DMA_DeInit)
    i.DMA_Init                               0x08000bb0   Section        0  stm32f10x_dma.o(i.DMA_Init)
    i.DebugMon_Handler                       0x08000bec   Section        0  stm32f10x_it.o(i.DebugMon_Handler)
    i.Delay_init                             0x08000bf0   Section        0  delay.o(i.Delay_init)
    i.Distance                               0x08000c34   Section        0  adc.o(i.Distance)
    i.EXTI0_IRQHandler                       0x08000dac   Section        0  encoder.o(i.EXTI0_IRQHandler)
    i.EXTI1_IRQHandler                       0x08000e04   Section        0  encoder.o(i.EXTI1_IRQHandler)
    i.EXTI9_5_IRQHandler                     0x08000e60   Section        0  encoder.o(i.EXTI9_5_IRQHandler)
    i.EXTI_GetITStatus                       0x08000f14   Section        0  stm32f10x_exti.o(i.EXTI_GetITStatus)
    i.EXTI_Init                              0x08000f3c   Section        0  stm32f10x_exti.o(i.EXTI_Init)
    i.Encoder_Init                           0x08000fd0   Section        0  encoder.o(i.Encoder_Init)
    i.Encoder_Init_TIM_Exit0                 0x08000fe4   Section        0  encoder.o(i.Encoder_Init_TIM_Exit0)
    i.Encoder_Init_TIM_Exit1                 0x08001054   Section        0  encoder.o(i.Encoder_Init_TIM_Exit1)
    i.Encoder_Init_TIM_Exit6                 0x080010c4   Section        0  encoder.o(i.Encoder_Init_TIM_Exit6)
    i.Encoder_Init_TIM_Exit7                 0x08001130   Section        0  encoder.o(i.Encoder_Init_TIM_Exit7)
    i.GPIO_EXTILineConfig                    0x080011a0   Section        0  stm32f10x_gpio.o(i.GPIO_EXTILineConfig)
    i.GPIO_Init                              0x080011e0   Section        0  stm32f10x_gpio.o(i.GPIO_Init)
    i.GPIO_ResetBits                         0x080012f6   Section        0  stm32f10x_gpio.o(i.GPIO_ResetBits)
    i.GPIO_SetBits                           0x080012fa   Section        0  stm32f10x_gpio.o(i.GPIO_SetBits)
    i.GetVolt                                0x080012fe   Section        0  adc.o(i.GetVolt)
    i.HardFault_Handler                      0x08001314   Section        0  stm32f10x_it.o(i.HardFault_Handler)
    i.LED_Init                               0x08001318   Section        0  led.o(i.LED_Init)
    i.MemManage_Handler                      0x0800134c   Section        0  stm32f10x_it.o(i.MemManage_Handler)
    i.Motor_Gpio_init                        0x08001350   Section        0  motor.o(i.Motor_Gpio_init)
    i.Motor_Init                             0x0800137c   Section        0  motor.o(i.Motor_Init)
    i.NMI_Handler                            0x0800138e   Section        0  stm32f10x_it.o(i.NMI_Handler)
    i.NRF24L01_Check                         0x08001390   Section        0  24l01.o(i.NRF24L01_Check)
    i.NRF24L01_Init                          0x080013e0   Section        0  24l01.o(i.NRF24L01_Init)
    i.NRF24L01_Read_Buf                      0x080014bc   Section        0  24l01.o(i.NRF24L01_Read_Buf)
    i.NRF24L01_Read_Reg                      0x080014f8   Section        0  24l01.o(i.NRF24L01_Read_Reg)
    i.NRF24L01_TX_Mode                       0x08001524   Section        0  24l01.o(i.NRF24L01_TX_Mode)
    i.NRF24L01_TxPacket                      0x0800158c   Section        0  24l01.o(i.NRF24L01_TxPacket)
    i.NRF24L01_Write_Buf                     0x080015f4   Section        0  24l01.o(i.NRF24L01_Write_Buf)
    i.NRF24L01_Write_Reg                     0x08001630   Section        0  24l01.o(i.NRF24L01_Write_Reg)
    i.NVIC_Init                              0x08001660   Section        0  misc.o(i.NVIC_Init)
    i.NVIC_PriorityGroupConfig               0x080016d0   Section        0  misc.o(i.NVIC_PriorityGroupConfig)
    i.PID_position                           0x080016e4   Section        0  motor.o(i.PID_position)
    i.PWM2_Init                              0x0800178c   Section        0  motor.o(i.PWM2_Init)
    i.PendSV_Handler                         0x08001838   Section        0  stm32f10x_it.o(i.PendSV_Handler)
    i.RCC_ADCCLKConfig                       0x0800183c   Section        0  stm32f10x_rcc.o(i.RCC_ADCCLKConfig)
    i.RCC_AHBPeriphClockCmd                  0x08001854   Section        0  stm32f10x_rcc.o(i.RCC_AHBPeriphClockCmd)
    i.RCC_APB1PeriphClockCmd                 0x08001874   Section        0  stm32f10x_rcc.o(i.RCC_APB1PeriphClockCmd)
    i.RCC_APB2PeriphClockCmd                 0x08001894   Section        0  stm32f10x_rcc.o(i.RCC_APB2PeriphClockCmd)
    i.RCC_GetClocksFreq                      0x080018b4   Section        0  stm32f10x_rcc.o(i.RCC_GetClocksFreq)
    i.SPI2_Init                              0x08001988   Section        0  spi.o(i.SPI2_Init)
    i.SPI2_ReadWriteByte                     0x08001a1c   Section        0  spi.o(i.SPI2_ReadWriteByte)
    i.SPI2_SetSpeed                          0x08001a70   Section        0  spi.o(i.SPI2_SetSpeed)
    i.SPI_Cmd                                0x08001a98   Section        0  stm32f10x_spi.o(i.SPI_Cmd)
    i.SPI_I2S_GetFlagStatus                  0x08001ab0   Section        0  stm32f10x_spi.o(i.SPI_I2S_GetFlagStatus)
    i.SPI_I2S_ReceiveData                    0x08001ac2   Section        0  stm32f10x_spi.o(i.SPI_I2S_ReceiveData)
    i.SPI_I2S_SendData                       0x08001ac8   Section        0  stm32f10x_spi.o(i.SPI_I2S_SendData)
    i.SPI_Init                               0x08001acc   Section        0  stm32f10x_spi.o(i.SPI_Init)
    i.SVC_Handler                            0x08001b08   Section        0  stm32f10x_it.o(i.SVC_Handler)
    i.SetSysClock                            0x08001b0a   Section        0  system_stm32f10x.o(i.SetSysClock)
    SetSysClock                              0x08001b0b   Thumb Code     8  system_stm32f10x.o(i.SetSysClock)
    i.SetSysClockTo72                        0x08001b14   Section        0  system_stm32f10x.o(i.SetSysClockTo72)
    SetSysClockTo72                          0x08001b15   Thumb Code   214  system_stm32f10x.o(i.SetSysClockTo72)
    i.Set_Pwm_Motor1                         0x08001bf4   Section        0  motor.o(i.Set_Pwm_Motor1)
    i.Set_Pwm_Motor2                         0x08001c24   Section        0  motor.o(i.Set_Pwm_Motor2)
    i.SysTick_CLKSourceConfig                0x08001c54   Section        0  misc.o(i.SysTick_CLKSourceConfig)
    i.SysTick_Handler                        0x08001c7c   Section        0  stm32f10x_it.o(i.SysTick_Handler)
    i.SystemInit                             0x08001c80   Section        0  system_stm32f10x.o(i.SystemInit)
    i.TIM1_Int_Init                          0x08001ce0   Section        0  timer.o(i.TIM1_Int_Init)
    i.TIM1_UP_IRQHandler                     0x08001d44   Section        0  timer.o(i.TIM1_UP_IRQHandler)
    i.TIM_ClearITPendingBit                  0x08001db8   Section        0  stm32f10x_tim.o(i.TIM_ClearITPendingBit)
    i.TIM_Cmd                                0x08001dbe   Section        0  stm32f10x_tim.o(i.TIM_Cmd)
    i.TIM_GetITStatus                        0x08001dd6   Section        0  stm32f10x_tim.o(i.TIM_GetITStatus)
    i.TIM_ITConfig                           0x08001df8   Section        0  stm32f10x_tim.o(i.TIM_ITConfig)
    i.TIM_OC1Init                            0x08001e0c   Section        0  stm32f10x_tim.o(i.TIM_OC1Init)
    i.TIM_OC1PreloadConfig                   0x08001ea4   Section        0  stm32f10x_tim.o(i.TIM_OC1PreloadConfig)
    i.TIM_OC2Init                            0x08001eb8   Section        0  stm32f10x_tim.o(i.TIM_OC2Init)
    i.TIM_OC2PreloadConfig                   0x08001f5c   Section        0  stm32f10x_tim.o(i.TIM_OC2PreloadConfig)
    i.TIM_OC3Init                            0x08001f78   Section        0  stm32f10x_tim.o(i.TIM_OC3Init)
    i.TIM_OC3PreloadConfig                   0x08002018   Section        0  stm32f10x_tim.o(i.TIM_OC3PreloadConfig)
    i.TIM_OC4Init                            0x0800202c   Section        0  stm32f10x_tim.o(i.TIM_OC4Init)
    i.TIM_OC4PreloadConfig                   0x080020a8   Section        0  stm32f10x_tim.o(i.TIM_OC4PreloadConfig)
    i.TIM_SetCompare1                        0x080020c2   Section        0  stm32f10x_tim.o(i.TIM_SetCompare1)
    i.TIM_SetCompare2                        0x080020c6   Section        0  stm32f10x_tim.o(i.TIM_SetCompare2)
    i.TIM_SetCompare3                        0x080020ca   Section        0  stm32f10x_tim.o(i.TIM_SetCompare3)
    i.TIM_SetCompare4                        0x080020ce   Section        0  stm32f10x_tim.o(i.TIM_SetCompare4)
    i.TIM_TimeBaseInit                       0x080020d4   Section        0  stm32f10x_tim.o(i.TIM_TimeBaseInit)
    i.USART1_IRQHandler                      0x08002178   Section        0  usart.o(i.USART1_IRQHandler)
    i.USART3_IRQHandler                      0x08002200   Section        0  jy61.o(i.USART3_IRQHandler)
    i.USART_Cmd                              0x08002278   Section        0  stm32f10x_usart.o(i.USART_Cmd)
    i.USART_GetFlagStatus                    0x08002290   Section        0  stm32f10x_usart.o(i.USART_GetFlagStatus)
    i.USART_GetITStatus                      0x080022aa   Section        0  stm32f10x_usart.o(i.USART_GetITStatus)
    i.USART_ITConfig                         0x080022fe   Section        0  stm32f10x_usart.o(i.USART_ITConfig)
    i.USART_Init                             0x08002348   Section        0  stm32f10x_usart.o(i.USART_Init)
    i.USART_ReceiveData                      0x08002420   Section        0  stm32f10x_usart.o(i.USART_ReceiveData)
    i.UsageFault_Handler                     0x0800242a   Section        0  stm32f10x_it.o(i.UsageFault_Handler)
    i.Xianfu_Pwm                             0x08002430   Section        0  motor.o(i.Xianfu_Pwm)
    i.__0printf$1                            0x08002478   Section        0  printf1.o(i.__0printf$1)
    i.__scatterload_copy                     0x08002498   Section       14  handlers.o(i.__scatterload_copy)
    i.__scatterload_null                     0x080024a6   Section        2  handlers.o(i.__scatterload_null)
    i.__scatterload_zeroinit                 0x080024a8   Section       14  handlers.o(i.__scatterload_zeroinit)
    i._printf_core                           0x080024b8   Section        0  printf1.o(i._printf_core)
    _printf_core                             0x080024b9   Thumb Code   336  printf1.o(i._printf_core)
    i.date_change                            0x0800260c   Section        0  adc.o(i.date_change)
    i.delay_ms                               0x0800266c   Section        0  delay.o(i.delay_ms)
    i.filter                                 0x080026b8   Section        0  adc.o(i.filter)
    i.fputc                                  0x080026f8   Section        0  usart.o(i.fputc)
    i.main                                   0x08002714   Section        0  main.o(i.main)
    i.uart_init                              0x0800275c   Section        0  usart.o(i.uart_init)
    .constdata                               0x080027fc   Section       10  24l01.o(.constdata)
    .data                                    0x20000000   Section       20  system_stm32f10x.o(.data)
    .data                                    0x20000014   Section       88  motor.o(.data)
    BiasA                                    0x20000038   Data           4  motor.o(.data)
    PwmA                                     0x2000003c   Data           4  motor.o(.data)
    Last_biasA                               0x20000040   Data           4  motor.o(.data)
    Integral_biasA                           0x20000044   Data           4  motor.o(.data)
    BiasA                                    0x20000048   Data           4  motor.o(.data)
    PwmA                                     0x2000004c   Data           4  motor.o(.data)
    Last_biasA                               0x20000050   Data           4  motor.o(.data)
    Integral_biasA                           0x20000054   Data           4  motor.o(.data)
    tiaojie                                  0x20000058   Data           4  motor.o(.data)
    BiasB                                    0x2000005c   Data           4  motor.o(.data)
    PwmB                                     0x20000060   Data           4  motor.o(.data)
    Last_biasB                               0x20000064   Data           4  motor.o(.data)
    Integral_biasB                           0x20000068   Data           4  motor.o(.data)
    .data                                    0x2000006c   Section        8  encoder.o(.data)
    .data                                    0x20000074   Section       25  timer.o(.data)
    .data                                    0x2000008e   Section        8  adc.o(.data)
    .data                                    0x20000098   Section       16  jy61.o(.data)
    .data                                    0x200000a8   Section        4  delay.o(.data)
    fac_us                                   0x200000a8   Data           1  delay.o(.data)
    fac_ms                                   0x200000aa   Data           2  delay.o(.data)
    .data                                    0x200000ac   Section        6  usart.o(.data)
    .data                                    0x200000b2   Section       20  stm32f10x_rcc.o(.data)
    APBAHBPrescTable                         0x200000b2   Data          16  stm32f10x_rcc.o(.data)
    ADCPrescTable                            0x200000c2   Data           4  stm32f10x_rcc.o(.data)
    .bss                                     0x200000c8   Section       80  timer.o(.bss)
    .bss                                     0x20000118   Section      400  adc.o(.bss)
    .bss                                     0x200002a8   Section       72  jy61.o(.bss)
    Temp_date                                0x200002b3   Data          11  jy61.o(.bss)
    .bss                                     0x200002f0   Section      200  usart.o(.bss)
    STACK                                    0x200003b8   Section     1024  startup_stm32f10x_hd.o(STACK)

    Global Symbols

    Symbol Name                              Value     Ov Type        Size  Object(Section)

    BuildAttributes$$THM_ISAv4$P$D$K$B$S$PE$A:L22UL41UL21$X:L11$S22US41US21$IEEE1$IW$USESV6$~STKCKD$USESV7$~SHL$OTIME$ROPI$EBA8$MICROLIB$REQ8$PRES8$EABIv2 0x00000000   Number         0  anon$$obj.o ABSOLUTE
    __ARM_use_no_argv                        0x00000000   Number         0  main.o ABSOLUTE
    __use_no_errno                           0x00000000   Number         0  useno.o ABSOLUTE
    __use_no_exception_handling              0x00000000   Number         0  useno.o ABSOLUTE
    __use_no_fp                              0x00000000   Number         0  useno.o ABSOLUTE
    __use_no_heap                            0x00000000   Number         0  useno.o ABSOLUTE
    __use_no_heap_region                     0x00000000   Number         0  useno.o ABSOLUTE
    __use_no_semihosting                     0x00000000   Number         0  useno.o ABSOLUTE
    __use_no_semihosting_swi                 0x00000000   Number         0  useno.o ABSOLUTE
    __use_no_signal_handling                 0x00000000   Number         0  useno.o ABSOLUTE
    _printf_a                                0x00000000   Number         0  stubs.o ABSOLUTE
    _printf_c                                0x00000000   Number         0  stubs.o ABSOLUTE
    _printf_charcount                        0x00000000   Number         0  stubs.o ABSOLUTE
    _printf_d                                0x00000000   Number         0  stubs.o ABSOLUTE
    _printf_e                                0x00000000   Number         0  stubs.o ABSOLUTE
    _printf_f                                0x00000000   Number         0  stubs.o ABSOLUTE
    _printf_flags                            0x00000000   Number         0  stubs.o ABSOLUTE
    _printf_fp_dec                           0x00000000   Number         0  stubs.o ABSOLUTE
    _printf_fp_hex                           0x00000000   Number         0  stubs.o ABSOLUTE
    _printf_g                                0x00000000   Number         0  stubs.o ABSOLUTE
    _printf_i                                0x00000000   Number         0  stubs.o ABSOLUTE
    _printf_int_dec                          0x00000000   Number         0  stubs.o ABSOLUTE
    _printf_l                                0x00000000   Number         0  stubs.o ABSOLUTE
    _printf_lc                               0x00000000   Number         0  stubs.o ABSOLUTE
    _printf_ll                               0x00000000   Number         0  stubs.o ABSOLUTE
    _printf_lld                              0x00000000   Number         0  stubs.o ABSOLUTE
    _printf_lli                              0x00000000   Number         0  stubs.o ABSOLUTE
    _printf_llo                              0x00000000   Number         0  stubs.o ABSOLUTE
    _printf_llu                              0x00000000   Number         0  stubs.o ABSOLUTE
    _printf_llx                              0x00000000   Number         0  stubs.o ABSOLUTE
    _printf_longlong_dec                     0x00000000   Number         0  stubs.o ABSOLUTE
    _printf_longlong_hex                     0x00000000   Number         0  stubs.o ABSOLUTE
    _printf_longlong_oct                     0x00000000   Number         0  stubs.o ABSOLUTE
    _printf_ls                               0x00000000   Number         0  stubs.o ABSOLUTE
    _printf_mbtowc                           0x00000000   Number         0  stubs.o ABSOLUTE
    _printf_n                                0x00000000   Number         0  stubs.o ABSOLUTE
    _printf_o                                0x00000000   Number         0  stubs.o ABSOLUTE
    _printf_p                                0x00000000   Number         0  stubs.o ABSOLUTE
    _printf_percent                          0x00000000   Number         0  stubs.o ABSOLUTE
    _printf_pre_padding                      0x00000000   Number         0  stubs.o ABSOLUTE
    _printf_return_value                     0x00000000   Number         0  stubs.o ABSOLUTE
    _printf_s                                0x00000000   Number         0  stubs.o ABSOLUTE
    _printf_sizespec                         0x00000000   Number         0  stubs.o ABSOLUTE
    _printf_str                              0x00000000   Number         0  stubs.o ABSOLUTE
    _printf_truncate_signed                  0x00000000   Number         0  stubs.o ABSOLUTE
    _printf_truncate_unsigned                0x00000000   Number         0  stubs.o ABSOLUTE
    _printf_u                                0x00000000   Number         0  stubs.o ABSOLUTE
    _printf_wc                               0x00000000   Number         0  stubs.o ABSOLUTE
    _printf_wctomb                           0x00000000   Number         0  stubs.o ABSOLUTE
    _printf_widthprec                        0x00000000   Number         0  stubs.o ABSOLUTE
    _printf_x                                0x00000000   Number         0  stubs.o ABSOLUTE
    __cpp_initialize__aeabi_                  - Undefined Weak Reference
    __cxa_finalize                            - Undefined Weak Reference
    __decompress                              - Undefined Weak Reference
    _clock_init                               - Undefined Weak Reference
    _microlib_exit                            - Undefined Weak Reference
    __Vectors_Size                           0x00000130   Number         0  startup_stm32f10x_hd.o ABSOLUTE
    __Vectors                                0x08000000   Data           4  startup_stm32f10x_hd.o(RESET)
    __Vectors_End                            0x08000130   Data           0  startup_stm32f10x_hd.o(RESET)
    __main                                   0x08000131   Thumb Code     0  entry.o(.ARM.Collect$$$$00000000)
    _main_stk                                0x08000131   Thumb Code     0  entry2.o(.ARM.Collect$$$$00000001)
    _main_scatterload                        0x08000135   Thumb Code     0  entry5.o(.ARM.Collect$$$$00000004)
    __main_after_scatterload                 0x08000139   Thumb Code     0  entry5.o(.ARM.Collect$$$$00000004)
    _main_clock                              0x08000139   Thumb Code     0  entry7b.o(.ARM.Collect$$$$00000008)
    _main_cpp_init                           0x08000139   Thumb Code     0  entry8b.o(.ARM.Collect$$$$0000000A)
    _main_init                               0x08000139   Thumb Code     0  entry9a.o(.ARM.Collect$$$$0000000B)
    __rt_final_cpp                           0x08000141   Thumb Code     0  entry10a.o(.ARM.Collect$$$$0000000D)
    __rt_final_exit                          0x08000141   Thumb Code     0  entry11a.o(.ARM.Collect$$$$0000000F)
    Reset_Handler                            0x08000145   Thumb Code     8  startup_stm32f10x_hd.o(.text)
    ADC1_2_IRQHandler                        0x0800015f   Thumb Code     0  startup_stm32f10x_hd.o(.text)
    ADC3_IRQHandler                          0x0800015f   Thumb Code     0  startup_stm32f10x_hd.o(.text)
    CAN1_RX1_IRQHandler                      0x0800015f   Thumb Code     0  startup_stm32f10x_hd.o(.text)
    CAN1_SCE_IRQHandler                      0x0800015f   Thumb Code     0  startup_stm32f10x_hd.o(.text)
    DMA1_Channel1_IRQHandler                 0x0800015f   Thumb Code     0  startup_stm32f10x_hd.o(.text)
    DMA1_Channel2_IRQHandler                 0x0800015f   Thumb Code     0  startup_stm32f10x_hd.o(.text)
    DMA1_Channel3_IRQHandler                 0x0800015f   Thumb Code     0  startup_stm32f10x_hd.o(.text)
    DMA1_Channel4_IRQHandler                 0x0800015f   Thumb Code     0  startup_stm32f10x_hd.o(.text)
    DMA1_Channel5_IRQHandler                 0x0800015f   Thumb Code     0  startup_stm32f10x_hd.o(.text)
    DMA1_Channel6_IRQHandler                 0x0800015f   Thumb Code     0  startup_stm32f10x_hd.o(.text)
    DMA1_Channel7_IRQHandler                 0x0800015f   Thumb Code     0  startup_stm32f10x_hd.o(.text)
    DMA2_Channel1_IRQHandler                 0x0800015f   Thumb Code     0  startup_stm32f10x_hd.o(.text)
    DMA2_Channel2_IRQHandler                 0x0800015f   Thumb Code     0  startup_stm32f10x_hd.o(.text)
    DMA2_Channel3_IRQHandler                 0x0800015f   Thumb Code     0  startup_stm32f10x_hd.o(.text)
    DMA2_Channel4_5_IRQHandler               0x0800015f   Thumb Code     0  startup_stm32f10x_hd.o(.text)
    EXTI15_10_IRQHandler                     0x0800015f   Thumb Code     0  startup_stm32f10x_hd.o(.text)
    EXTI2_IRQHandler                         0x0800015f   Thumb Code     0  startup_stm32f10x_hd.o(.text)
    EXTI3_IRQHandler                         0x0800015f   Thumb Code     0  startup_stm32f10x_hd.o(.text)
    EXTI4_IRQHandler                         0x0800015f   Thumb Code     0  startup_stm32f10x_hd.o(.text)
    FLASH_IRQHandler                         0x0800015f   Thumb Code     0  startup_stm32f10x_hd.o(.text)
    FSMC_IRQHandler                          0x0800015f   Thumb Code     0  startup_stm32f10x_hd.o(.text)
    I2C1_ER_IRQHandler                       0x0800015f   Thumb Code     0  startup_stm32f10x_hd.o(.text)
    I2C1_EV_IRQHandler                       0x0800015f   Thumb Code     0  startup_stm32f10x_hd.o(.text)
    I2C2_ER_IRQHandler                       0x0800015f   Thumb Code     0  startup_stm32f10x_hd.o(.text)
    I2C2_EV_IRQHandler                       0x0800015f   Thumb Code     0  startup_stm32f10x_hd.o(.text)
    PVD_IRQHandler                           0x0800015f   Thumb Code     0  startup_stm32f10x_hd.o(.text)
    RCC_IRQHandler                           0x0800015f   Thumb Code     0  startup_stm32f10x_hd.o(.text)
    RTCAlarm_IRQHandler                      0x0800015f   Thumb Code     0  startup_stm32f10x_hd.o(.text)
    RTC_IRQHandler                           0x0800015f   Thumb Code     0  startup_stm32f10x_hd.o(.text)
    SDIO_IRQHandler                          0x0800015f   Thumb Code     0  startup_stm32f10x_hd.o(.text)
    SPI1_IRQHandler                          0x0800015f   Thumb Code     0  startup_stm32f10x_hd.o(.text)
    SPI2_IRQHandler                          0x0800015f   Thumb Code     0  startup_stm32f10x_hd.o(.text)
    SPI3_IRQHandler                          0x0800015f   Thumb Code     0  startup_stm32f10x_hd.o(.text)
    TAMPER_IRQHandler                        0x0800015f   Thumb Code     0  startup_stm32f10x_hd.o(.text)
    TIM1_BRK_IRQHandler                      0x0800015f   Thumb Code     0  startup_stm32f10x_hd.o(.text)
    TIM1_CC_IRQHandler                       0x0800015f   Thumb Code     0  startup_stm32f10x_hd.o(.text)
    TIM1_TRG_COM_IRQHandler                  0x0800015f   Thumb Code     0  startup_stm32f10x_hd.o(.text)
    TIM2_IRQHandler                          0x0800015f   Thumb Code     0  startup_stm32f10x_hd.o(.text)
    TIM3_IRQHandler                          0x0800015f   Thumb Code     0  startup_stm32f10x_hd.o(.text)
    TIM4_IRQHandler                          0x0800015f   Thumb Code     0  startup_stm32f10x_hd.o(.text)
    TIM5_IRQHandler                          0x0800015f   Thumb Code     0  startup_stm32f10x_hd.o(.text)
    TIM6_IRQHandler                          0x0800015f   Thumb Code     0  startup_stm32f10x_hd.o(.text)
    TIM7_IRQHandler                          0x0800015f   Thumb Code     0  startup_stm32f10x_hd.o(.text)
    TIM8_BRK_IRQHandler                      0x0800015f   Thumb Code     0  startup_stm32f10x_hd.o(.text)
    TIM8_CC_IRQHandler                       0x0800015f   Thumb Code     0  startup_stm32f10x_hd.o(.text)
    TIM8_TRG_COM_IRQHandler                  0x0800015f   Thumb Code     0  startup_stm32f10x_hd.o(.text)
    TIM8_UP_IRQHandler                       0x0800015f   Thumb Code     0  startup_stm32f10x_hd.o(.text)
    UART4_IRQHandler                         0x0800015f   Thumb Code     0  startup_stm32f10x_hd.o(.text)
    UART5_IRQHandler                         0x0800015f   Thumb Code     0  startup_stm32f10x_hd.o(.text)
    USART2_IRQHandler                        0x0800015f   Thumb Code     0  startup_stm32f10x_hd.o(.text)
    USBWakeUp_IRQHandler                     0x0800015f   Thumb Code     0  startup_stm32f10x_hd.o(.text)
    USB_HP_CAN1_TX_IRQHandler                0x0800015f   Thumb Code     0  startup_stm32f10x_hd.o(.text)
    USB_LP_CAN1_RX0_IRQHandler               0x0800015f   Thumb Code     0  startup_stm32f10x_hd.o(.text)
    WWDG_IRQHandler                          0x0800015f   Thumb Code     0  startup_stm32f10x_hd.o(.text)
    __aeabi_fadd                             0x08000169   Thumb Code   164  fadd.o(.text)
    __aeabi_fsub                             0x0800020d   Thumb Code     6  fadd.o(.text)
    __aeabi_frsub                            0x08000213   Thumb Code     6  fadd.o(.text)
    __aeabi_fmul                             0x08000219   Thumb Code   100  fmul.o(.text)
    __aeabi_dadd                             0x0800027d   Thumb Code   322  dadd.o(.text)
    __aeabi_dsub                             0x080003bf   Thumb Code     6  dadd.o(.text)
    __aeabi_drsub                            0x080003c5   Thumb Code     6  dadd.o(.text)
    __aeabi_ddiv                             0x080003cb   Thumb Code   222  ddiv.o(.text)
    __aeabi_i2f                              0x080004a9   Thumb Code    18  fflti.o(.text)
    __aeabi_ui2d                             0x080004bb   Thumb Code    26  dfltui.o(.text)
    __aeabi_f2iz                             0x080004d5   Thumb Code    50  ffixi.o(.text)
    __aeabi_d2iz                             0x08000507   Thumb Code    62  dfixi.o(.text)
    __aeabi_uidiv                            0x08000545   Thumb Code     0  uidiv.o(.text)
    __aeabi_uidivmod                         0x08000545   Thumb Code    44  uidiv.o(.text)
    __aeabi_llsl                             0x08000571   Thumb Code    30  llshl.o(.text)
    _ll_shift_l                              0x08000571   Thumb Code     0  llshl.o(.text)
    __aeabi_llsr                             0x0800058f   Thumb Code    32  llushr.o(.text)
    _ll_ushift_r                             0x0800058f   Thumb Code     0  llushr.o(.text)
    __aeabi_lasr                             0x080005af   Thumb Code    36  llsshr.o(.text)
    _ll_sshift_r                             0x080005af   Thumb Code     0  llsshr.o(.text)
    __I$use$fp                               0x080005d3   Thumb Code     0  iusefp.o(.text)
    _float_round                             0x080005d3   Thumb Code    18  fepilogue.o(.text)
    _float_epilogue                          0x080005e5   Thumb Code    92  fepilogue.o(.text)
    _double_round                            0x08000641   Thumb Code    30  depilogue.o(.text)
    _double_epilogue                         0x0800065f   Thumb Code   156  depilogue.o(.text)
    __scatterload                            0x080006fd   Thumb Code    28  init.o(.text)
    __scatterload_rt2                        0x080006fd   Thumb Code     0  init.o(.text)
    ADC1_GPIO_Config                         0x08000721   Thumb Code   144  adc.o(i.ADC1_GPIO_Config)
    ADC1_Mode_Config                         0x080007b9   Thumb Code   252  adc.o(i.ADC1_Mode_Config)
    ADC_Cmd                                  0x080008c1   Thumb Code    22  stm32f10x_adc.o(i.ADC_Cmd)
    ADC_DMACmd                               0x080008d7   Thumb Code    22  stm32f10x_adc.o(i.ADC_DMACmd)
    ADC_GetCalibrationStatus                 0x080008ed   Thumb Code    20  stm32f10x_adc.o(i.ADC_GetCalibrationStatus)
    ADC_GetResetCalibrationStatus            0x08000901   Thumb Code    20  stm32f10x_adc.o(i.ADC_GetResetCalibrationStatus)
    ADC_Init                                 0x08000915   Thumb Code    70  stm32f10x_adc.o(i.ADC_Init)
    ADC_RegularChannelConfig                 0x08000965   Thumb Code   184  stm32f10x_adc.o(i.ADC_RegularChannelConfig)
    ADC_ResetCalibration                     0x08000a1d   Thumb Code    10  stm32f10x_adc.o(i.ADC_ResetCalibration)
    ADC_SoftwareStartConvCmd                 0x08000a27   Thumb Code    22  stm32f10x_adc.o(i.ADC_SoftwareStartConvCmd)
    ADC_StartCalibration                     0x08000a3d   Thumb Code    10  stm32f10x_adc.o(i.ADC_StartCalibration)
    BusFault_Handler                         0x08000a47   Thumb Code     4  stm32f10x_it.o(i.BusFault_Handler)
    DMA_Cmd                                  0x08000a4b   Thumb Code    24  stm32f10x_dma.o(i.DMA_Cmd)
    DMA_DeInit                               0x08000a65   Thumb Code   324  stm32f10x_dma.o(i.DMA_DeInit)
    DMA_Init                                 0x08000bb1   Thumb Code    60  stm32f10x_dma.o(i.DMA_Init)
    DebugMon_Handler                         0x08000bed   Thumb Code     2  stm32f10x_it.o(i.DebugMon_Handler)
    Delay_init                               0x08000bf1   Thumb Code    50  delay.o(i.Delay_init)
    Distance                                 0x08000c35   Thumb Code   326  adc.o(i.Distance)
    EXTI0_IRQHandler                         0x08000dad   Thumb Code    76  encoder.o(i.EXTI0_IRQHandler)
    EXTI1_IRQHandler                         0x08000e05   Thumb Code    78  encoder.o(i.EXTI1_IRQHandler)
    EXTI9_5_IRQHandler                       0x08000e61   Thumb Code   168  encoder.o(i.EXTI9_5_IRQHandler)
    EXTI_GetITStatus                         0x08000f15   Thumb Code    34  stm32f10x_exti.o(i.EXTI_GetITStatus)
    EXTI_Init                                0x08000f3d   Thumb Code   142  stm32f10x_exti.o(i.EXTI_Init)
    Encoder_Init                             0x08000fd1   Thumb Code    20  encoder.o(i.Encoder_Init)
    Encoder_Init_TIM_Exit0                   0x08000fe5   Thumb Code   106  encoder.o(i.Encoder_Init_TIM_Exit0)
    Encoder_Init_TIM_Exit1                   0x08001055   Thumb Code   106  encoder.o(i.Encoder_Init_TIM_Exit1)
    Encoder_Init_TIM_Exit6                   0x080010c5   Thumb Code   102  encoder.o(i.Encoder_Init_TIM_Exit6)
    Encoder_Init_TIM_Exit7                   0x08001131   Thumb Code   106  encoder.o(i.Encoder_Init_TIM_Exit7)
    GPIO_EXTILineConfig                      0x080011a1   Thumb Code    60  stm32f10x_gpio.o(i.GPIO_EXTILineConfig)
    GPIO_Init                                0x080011e1   Thumb Code   278  stm32f10x_gpio.o(i.GPIO_Init)
    GPIO_ResetBits                           0x080012f7   Thumb Code     4  stm32f10x_gpio.o(i.GPIO_ResetBits)
    GPIO_SetBits                             0x080012fb   Thumb Code     4  stm32f10x_gpio.o(i.GPIO_SetBits)
    GetVolt                                  0x080012ff   Thumb Code    22  adc.o(i.GetVolt)
    HardFault_Handler                        0x08001315   Thumb Code     4  stm32f10x_it.o(i.HardFault_Handler)
    LED_Init                                 0x08001319   Thumb Code    46  led.o(i.LED_Init)
    MemManage_Handler                        0x0800134d   Thumb Code     4  stm32f10x_it.o(i.MemManage_Handler)
    Motor_Gpio_init                          0x08001351   Thumb Code    38  motor.o(i.Motor_Gpio_init)
    Motor_Init                               0x0800137d   Thumb Code    18  motor.o(i.Motor_Init)
    NMI_Handler                              0x0800138f   Thumb Code     2  stm32f10x_it.o(i.NMI_Handler)
    NRF24L01_Check                           0x08001391   Thumb Code    72  24l01.o(i.NRF24L01_Check)
    NRF24L01_Init                            0x080013e1   Thumb Code   198  24l01.o(i.NRF24L01_Init)
    NRF24L01_Read_Buf                        0x080014bd   Thumb Code    56  24l01.o(i.NRF24L01_Read_Buf)
    NRF24L01_Read_Reg                        0x080014f9   Thumb Code    36  24l01.o(i.NRF24L01_Read_Reg)
    NRF24L01_TX_Mode                         0x08001525   Thumb Code    86  24l01.o(i.NRF24L01_TX_Mode)
    NRF24L01_TxPacket                        0x0800158d   Thumb Code    94  24l01.o(i.NRF24L01_TxPacket)
    NRF24L01_Write_Buf                       0x080015f5   Thumb Code    56  24l01.o(i.NRF24L01_Write_Buf)
    NRF24L01_Write_Reg                       0x08001631   Thumb Code    38  24l01.o(i.NRF24L01_Write_Reg)
    NVIC_Init                                0x08001661   Thumb Code   100  misc.o(i.NVIC_Init)
    NVIC_PriorityGroupConfig                 0x080016d1   Thumb Code    10  misc.o(i.NVIC_PriorityGroupConfig)
    PID_position                             0x080016e5   Thumb Code   140  motor.o(i.PID_position)
    PWM2_Init                                0x0800178d   Thumb Code   168  motor.o(i.PWM2_Init)
    PendSV_Handler                           0x08001839   Thumb Code     2  stm32f10x_it.o(i.PendSV_Handler)
    RCC_ADCCLKConfig                         0x0800183d   Thumb Code    18  stm32f10x_rcc.o(i.RCC_ADCCLKConfig)
    RCC_AHBPeriphClockCmd                    0x08001855   Thumb Code    26  stm32f10x_rcc.o(i.RCC_AHBPeriphClockCmd)
    RCC_APB1PeriphClockCmd                   0x08001875   Thumb Code    26  stm32f10x_rcc.o(i.RCC_APB1PeriphClockCmd)
    RCC_APB2PeriphClockCmd                   0x08001895   Thumb Code    26  stm32f10x_rcc.o(i.RCC_APB2PeriphClockCmd)
    RCC_GetClocksFreq                        0x080018b5   Thumb Code   192  stm32f10x_rcc.o(i.RCC_GetClocksFreq)
    SPI2_Init                                0x08001989   Thumb Code   140  spi.o(i.SPI2_Init)
    SPI2_ReadWriteByte                       0x08001a1d   Thumb Code    78  spi.o(i.SPI2_ReadWriteByte)
    SPI2_SetSpeed                            0x08001a71   Thumb Code    36  spi.o(i.SPI2_SetSpeed)
    SPI_Cmd                                  0x08001a99   Thumb Code    24  stm32f10x_spi.o(i.SPI_Cmd)
    SPI_I2S_GetFlagStatus                    0x08001ab1   Thumb Code    18  stm32f10x_spi.o(i.SPI_I2S_GetFlagStatus)
    SPI_I2S_ReceiveData                      0x08001ac3   Thumb Code     6  stm32f10x_spi.o(i.SPI_I2S_ReceiveData)
    SPI_I2S_SendData                         0x08001ac9   Thumb Code     4  stm32f10x_spi.o(i.SPI_I2S_SendData)
    SPI_Init                                 0x08001acd   Thumb Code    60  stm32f10x_spi.o(i.SPI_Init)
    SVC_Handler                              0x08001b09   Thumb Code     2  stm32f10x_it.o(i.SVC_Handler)
    Set_Pwm_Motor1                           0x08001bf5   Thumb Code    42  motor.o(i.Set_Pwm_Motor1)
    Set_Pwm_Motor2                           0x08001c25   Thumb Code    42  motor.o(i.Set_Pwm_Motor2)
    SysTick_CLKSourceConfig                  0x08001c55   Thumb Code    40  misc.o(i.SysTick_CLKSourceConfig)
    SysTick_Handler                          0x08001c7d   Thumb Code     2  stm32f10x_it.o(i.SysTick_Handler)
    SystemInit                               0x08001c81   Thumb Code    78  system_stm32f10x.o(i.SystemInit)
    TIM1_Int_Init                            0x08001ce1   Thumb Code    96  timer.o(i.TIM1_Int_Init)
    TIM1_UP_IRQHandler                       0x08001d45   Thumb Code    88  timer.o(i.TIM1_UP_IRQHandler)
    TIM_ClearITPendingBit                    0x08001db9   Thumb Code     6  stm32f10x_tim.o(i.TIM_ClearITPendingBit)
    TIM_Cmd                                  0x08001dbf   Thumb Code    24  stm32f10x_tim.o(i.TIM_Cmd)
    TIM_GetITStatus                          0x08001dd7   Thumb Code    34  stm32f10x_tim.o(i.TIM_GetITStatus)
    TIM_ITConfig                             0x08001df9   Thumb Code    18  stm32f10x_tim.o(i.TIM_ITConfig)
    TIM_OC1Init                              0x08001e0d   Thumb Code   132  stm32f10x_tim.o(i.TIM_OC1Init)
    TIM_OC1PreloadConfig                     0x08001ea5   Thumb Code    18  stm32f10x_tim.o(i.TIM_OC1PreloadConfig)
    TIM_OC2Init                              0x08001eb9   Thumb Code   154  stm32f10x_tim.o(i.TIM_OC2Init)
    TIM_OC2PreloadConfig                     0x08001f5d   Thumb Code    26  stm32f10x_tim.o(i.TIM_OC2PreloadConfig)
    TIM_OC3Init                              0x08001f79   Thumb Code   150  stm32f10x_tim.o(i.TIM_OC3Init)
    TIM_OC3PreloadConfig                     0x08002019   Thumb Code    18  stm32f10x_tim.o(i.TIM_OC3PreloadConfig)
    TIM_OC4Init                              0x0800202d   Thumb Code   114  stm32f10x_tim.o(i.TIM_OC4Init)
    TIM_OC4PreloadConfig                     0x080020a9   Thumb Code    26  stm32f10x_tim.o(i.TIM_OC4PreloadConfig)
    TIM_SetCompare1                          0x080020c3   Thumb Code     4  stm32f10x_tim.o(i.TIM_SetCompare1)
    TIM_SetCompare2                          0x080020c7   Thumb Code     4  stm32f10x_tim.o(i.TIM_SetCompare2)
    TIM_SetCompare3                          0x080020cb   Thumb Code     4  stm32f10x_tim.o(i.TIM_SetCompare3)
    TIM_SetCompare4                          0x080020cf   Thumb Code     6  stm32f10x_tim.o(i.TIM_SetCompare4)
    TIM_TimeBaseInit                         0x080020d5   Thumb Code   122  stm32f10x_tim.o(i.TIM_TimeBaseInit)
    USART1_IRQHandler                        0x08002179   Thumb Code   122  usart.o(i.USART1_IRQHandler)
    USART3_IRQHandler                        0x08002201   Thumb Code    98  jy61.o(i.USART3_IRQHandler)
    USART_Cmd                                0x08002279   Thumb Code    24  stm32f10x_usart.o(i.USART_Cmd)
    USART_GetFlagStatus                      0x08002291   Thumb Code    26  stm32f10x_usart.o(i.USART_GetFlagStatus)
    USART_GetITStatus                        0x080022ab   Thumb Code    84  stm32f10x_usart.o(i.USART_GetITStatus)
    USART_ITConfig                           0x080022ff   Thumb Code    74  stm32f10x_usart.o(i.USART_ITConfig)
    USART_Init                               0x08002349   Thumb Code   210  stm32f10x_usart.o(i.USART_Init)
    USART_ReceiveData                        0x08002421   Thumb Code    10  stm32f10x_usart.o(i.USART_ReceiveData)
    UsageFault_Handler                       0x0800242b   Thumb Code     4  stm32f10x_it.o(i.UsageFault_Handler)
    Xianfu_Pwm                               0x08002431   Thumb Code    62  motor.o(i.Xianfu_Pwm)
    __0printf$1                              0x08002479   Thumb Code    22  printf1.o(i.__0printf$1)
    __1printf$1                              0x08002479   Thumb Code     0  printf1.o(i.__0printf$1)
    __2printf                                0x08002479   Thumb Code     0  printf1.o(i.__0printf$1)
    __scatterload_copy                       0x08002499   Thumb Code    14  handlers.o(i.__scatterload_copy)
    __scatterload_null                       0x080024a7   Thumb Code     2  handlers.o(i.__scatterload_null)
    __scatterload_zeroinit                   0x080024a9   Thumb Code    14  handlers.o(i.__scatterload_zeroinit)
    date_change                              0x0800260d   Thumb Code    86  adc.o(i.date_change)
    delay_ms                                 0x0800266d   Thumb Code    72  delay.o(i.delay_ms)
    filter                                   0x080026b9   Thumb Code    56  adc.o(i.filter)
    fputc                                    0x080026f9   Thumb Code    24  usart.o(i.fputc)
    main                                     0x08002715   Thumb Code    70  main.o(i.main)
    uart_init                                0x0800275d   Thumb Code   152  usart.o(i.uart_init)
    TX_ADDRESS                               0x080027fc   Data           5  24l01.o(.constdata)
    RX_ADDRESS                               0x08002801   Data           5  24l01.o(.constdata)
    Region$$Table$$Base                      0x08002808   Number         0  anon$$obj.o(Region$$Table)
    Region$$Table$$Limit                     0x08002828   Number         0  anon$$obj.o(Region$$Table)
    SystemCoreClock                          0x20000000   Data           4  system_stm32f10x.o(.data)
    AHBPrescTable                            0x20000004   Data          16  system_stm32f10x.o(.data)
    Velocity_KP                              0x20000014   Data           4  motor.o(.data)
    Velocity_KI                              0x20000018   Data           4  motor.o(.data)
    Velocity_KD                              0x2000001c   Data           4  motor.o(.data)
    Velocity_KPA                             0x20000020   Data           4  motor.o(.data)
    Velocity_KIA                             0x20000024   Data           4  motor.o(.data)
    Velocity_KDA                             0x20000028   Data           4  motor.o(.data)
    Velocity_KPB                             0x2000002c   Data           4  motor.o(.data)
    Velocity_KIB                             0x20000030   Data           4  motor.o(.data)
    Velocity_KDB                             0x20000034   Data           4  motor.o(.data)
    Encoder_A_EXTI                           0x2000006c   Data           4  encoder.o(.data)
    Encoder_B_EXTI                           0x20000070   Data           4  encoder.o(.data)
    Encoder_Left                             0x20000074   Data           4  timer.o(.data)
    Encoder_Right                            0x20000078   Data           4  timer.o(.data)
    i                                        0x2000007c   Data           2  timer.o(.data)
    j                                        0x2000007e   Data           2  timer.o(.data)
    k                                        0x20000080   Data           2  timer.o(.data)
    Motor_A                                  0x20000084   Data           4  timer.o(.data)
    Motor_B                                  0x20000088   Data           4  timer.o(.data)
    t                                        0x2000008c   Data           1  timer.o(.data)
    After_filter                             0x2000008e   Data           8  adc.o(.data)
    sign                                     0x20000098   Data           1  jy61.o(.data)
    counter                                  0x20000099   Data           1  jy61.o(.data)
    SendData                                 0x2000009a   Data           6  jy61.o(.data)
    len                                      0x200000a0   Data           2  jy61.o(.data)
    T                                        0x200000a4   Data           4  jy61.o(.data)
    __stdout                                 0x200000ac   Data           4  usart.o(.data)
    USART_RX_STA                             0x200000b0   Data           2  usart.o(.data)
    send                                     0x200000c8   Data          16  timer.o(.bss)
    value                                    0x200000d8   Data          16  timer.o(.bss)
    array                                    0x200000e8   Data          16  timer.o(.bss)
    send_date                                0x200000f8   Data          32  timer.o(.bss)
    AD_Value                                 0x20000118   Data         400  adc.o(.bss)
    Re_buf                                   0x200002a8   Data          11  jy61.o(.bss)
    Temp                                     0x200002be   Data          11  jy61.o(.bss)
    acc                                      0x200002cc   Data          12  jy61.o(.bss)
    speed                                    0x200002d8   Data          12  jy61.o(.bss)
    angle                                    0x200002e4   Data          12  jy61.o(.bss)
    USART_RX_BUF                             0x200002f0   Data         200  usart.o(.bss)
    __initial_sp                             0x200007b8   Data           0  startup_stm32f10x_hd.o(STACK)



==============================================================================

Memory Map of the image

  Image Entry point : 0x08000145

  Load Region LR_1 (Base: 0x08000000, Size: 0x000028f0, Max: 0xffffffff, ABSOLUTE)

    Execution Region ER_RO (Base: 0x08000000, Size: 0x00002828, Max: 0xffffffff, ABSOLUTE)

    Base Addr    Size         Type   Attr      Idx    E Section Name        Object

    0x08000000   0x00000130   Data   RO          726    RESET               startup_stm32f10x_hd.o
    0x08000130   0x00000000   Code   RO         3698  * .ARM.Collect$$$$00000000  mc_w.l(entry.o)
    0x08000130   0x00000004   Code   RO         3984    .ARM.Collect$$$$00000001  mc_w.l(entry2.o)
    0x08000134   0x00000004   Code   RO         3987    .ARM.Collect$$$$00000004  mc_w.l(entry5.o)
    0x08000138   0x00000000   Code   RO         3989    .ARM.Collect$$$$00000008  mc_w.l(entry7b.o)
    0x08000138   0x00000000   Code   RO         3991    .ARM.Collect$$$$0000000A  mc_w.l(entry8b.o)
    0x08000138   0x00000008   Code   RO         3992    .ARM.Collect$$$$0000000B  mc_w.l(entry9a.o)
    0x08000140   0x00000000   Code   RO         3994    .ARM.Collect$$$$0000000D  mc_w.l(entry10a.o)
    0x08000140   0x00000000   Code   RO         3996    .ARM.Collect$$$$0000000F  mc_w.l(entry11a.o)
    0x08000140   0x00000004   Code   RO         3985    .ARM.Collect$$$$00002712  mc_w.l(entry2.o)
    0x08000144   0x00000024   Code   RO          727  * .text               startup_stm32f10x_hd.o
    0x08000168   0x000000b0   Code   RO         3962    .text               mf_w.l(fadd.o)
    0x08000218   0x00000064   Code   RO         3964    .text               mf_w.l(fmul.o)
    0x0800027c   0x0000014e   Code   RO         3966    .text               mf_w.l(dadd.o)
    0x080003ca   0x000000de   Code   RO         3970    .text               mf_w.l(ddiv.o)
    0x080004a8   0x00000012   Code   RO         3972    .text               mf_w.l(fflti.o)
    0x080004ba   0x0000001a   Code   RO         3976    .text               mf_w.l(dfltui.o)
    0x080004d4   0x00000032   Code   RO         3978    .text               mf_w.l(ffixi.o)
    0x08000506   0x0000003e   Code   RO         3980    .text               mf_w.l(dfixi.o)
    0x08000544   0x0000002c   Code   RO         3998    .text               mc_w.l(uidiv.o)
    0x08000570   0x0000001e   Code   RO         4002    .text               mc_w.l(llshl.o)
    0x0800058e   0x00000020   Code   RO         4004    .text               mc_w.l(llushr.o)
    0x080005ae   0x00000024   Code   RO         4006    .text               mc_w.l(llsshr.o)
    0x080005d2   0x00000000   Code   RO         4008    .text               mc_w.l(iusefp.o)
    0x080005d2   0x0000006e   Code   RO         4009    .text               mf_w.l(fepilogue.o)
    0x08000640   0x000000ba   Code   RO         4011    .text               mf_w.l(depilogue.o)
    0x080006fa   0x00000002   PAD
    0x080006fc   0x00000024   Code   RO         4017    .text               mc_w.l(init.o)
    0x08000720   0x00000098   Code   RO          428    i.ADC1_GPIO_Config  adc.o
    0x080007b8   0x00000108   Code   RO          429    i.ADC1_Mode_Config  adc.o
    0x080008c0   0x00000016   Code   RO          773    i.ADC_Cmd           stm32f10x_adc.o
    0x080008d6   0x00000016   Code   RO          774    i.ADC_DMACmd        stm32f10x_adc.o
    0x080008ec   0x00000014   Code   RO          781    i.ADC_GetCalibrationStatus  stm32f10x_adc.o
    0x08000900   0x00000014   Code   RO          787    i.ADC_GetResetCalibrationStatus  stm32f10x_adc.o
    0x08000914   0x00000050   Code   RO          791    i.ADC_Init          stm32f10x_adc.o
    0x08000964   0x000000b8   Code   RO          795    i.ADC_RegularChannelConfig  stm32f10x_adc.o
    0x08000a1c   0x0000000a   Code   RO          796    i.ADC_ResetCalibration  stm32f10x_adc.o
    0x08000a26   0x00000016   Code   RO          798    i.ADC_SoftwareStartConvCmd  stm32f10x_adc.o
    0x08000a3c   0x0000000a   Code   RO          800    i.ADC_StartCalibration  stm32f10x_adc.o
    0x08000a46   0x00000004   Code   RO          139    i.BusFault_Handler  stm32f10x_it.o
    0x08000a4a   0x00000018   Code   RO         1458    i.DMA_Cmd           stm32f10x_dma.o
    0x08000a62   0x00000002   PAD
    0x08000a64   0x0000014c   Code   RO         1459    i.DMA_DeInit        stm32f10x_dma.o
    0x08000bb0   0x0000003c   Code   RO         1464    i.DMA_Init          stm32f10x_dma.o
    0x08000bec   0x00000002   Code   RO          140    i.DebugMon_Handler  stm32f10x_it.o
    0x08000bee   0x00000002   PAD
    0x08000bf0   0x00000044   Code   RO          618    i.Delay_init        delay.o
    0x08000c34   0x00000178   Code   RO          430    i.Distance          adc.o
    0x08000dac   0x00000058   Code   RO          342    i.EXTI0_IRQHandler  encoder.o
    0x08000e04   0x0000005c   Code   RO          343    i.EXTI1_IRQHandler  encoder.o
    0x08000e60   0x000000b4   Code   RO          344    i.EXTI9_5_IRQHandler  encoder.o
    0x08000f14   0x00000028   Code   RO         1533    i.EXTI_GetITStatus  stm32f10x_exti.o
    0x08000f3c   0x00000094   Code   RO         1534    i.EXTI_Init         stm32f10x_exti.o
    0x08000fd0   0x00000014   Code   RO          345    i.Encoder_Init      encoder.o
    0x08000fe4   0x00000070   Code   RO          346    i.Encoder_Init_TIM_Exit0  encoder.o
    0x08001054   0x00000070   Code   RO          347    i.Encoder_Init_TIM_Exit1  encoder.o
    0x080010c4   0x0000006c   Code   RO          348    i.Encoder_Init_TIM_Exit6  encoder.o
    0x08001130   0x00000070   Code   RO          349    i.Encoder_Init_TIM_Exit7  encoder.o
    0x080011a0   0x00000040   Code   RO         1879    i.GPIO_EXTILineConfig  stm32f10x_gpio.o
    0x080011e0   0x00000116   Code   RO         1882    i.GPIO_Init         stm32f10x_gpio.o
    0x080012f6   0x00000004   Code   RO         1889    i.GPIO_ResetBits    stm32f10x_gpio.o
    0x080012fa   0x00000004   Code   RO         1890    i.GPIO_SetBits      stm32f10x_gpio.o
    0x080012fe   0x00000016   Code   RO          431    i.GetVolt           adc.o
    0x08001314   0x00000004   Code   RO          141    i.HardFault_Handler  stm32f10x_it.o
    0x08001318   0x00000034   Code   RO          236    i.LED_Init          led.o
    0x0800134c   0x00000004   Code   RO          142    i.MemManage_Handler  stm32f10x_it.o
    0x08001350   0x0000002c   Code   RO          276    i.Motor_Gpio_init   motor.o
    0x0800137c   0x00000012   Code   RO          277    i.Motor_Init        motor.o
    0x0800138e   0x00000002   Code   RO          143    i.NMI_Handler       stm32f10x_it.o
    0x08001390   0x00000050   Code   RO          549    i.NRF24L01_Check    24l01.o
    0x080013e0   0x000000dc   Code   RO          550    i.NRF24L01_Init     24l01.o
    0x080014bc   0x0000003c   Code   RO          552    i.NRF24L01_Read_Buf  24l01.o
    0x080014f8   0x0000002c   Code   RO          553    i.NRF24L01_Read_Reg  24l01.o
    0x08001524   0x00000068   Code   RO          555    i.NRF24L01_TX_Mode  24l01.o
    0x0800158c   0x00000068   Code   RO          556    i.NRF24L01_TxPacket  24l01.o
    0x080015f4   0x0000003c   Code   RO          557    i.NRF24L01_Write_Buf  24l01.o
    0x08001630   0x00000030   Code   RO          558    i.NRF24L01_Write_Reg  24l01.o
    0x08001660   0x00000070   Code   RO          731    i.NVIC_Init         misc.o
    0x080016d0   0x00000014   Code   RO          732    i.NVIC_PriorityGroupConfig  misc.o
    0x080016e4   0x000000a8   Code   RO          278    i.PID_position      motor.o
    0x0800178c   0x000000ac   Code   RO          279    i.PWM2_Init         motor.o
    0x08001838   0x00000002   Code   RO          144    i.PendSV_Handler    stm32f10x_it.o
    0x0800183a   0x00000002   PAD
    0x0800183c   0x00000018   Code   RO         2296    i.RCC_ADCCLKConfig  stm32f10x_rcc.o
    0x08001854   0x00000020   Code   RO         2297    i.RCC_AHBPeriphClockCmd  stm32f10x_rcc.o
    0x08001874   0x00000020   Code   RO         2298    i.RCC_APB1PeriphClockCmd  stm32f10x_rcc.o
    0x08001894   0x00000020   Code   RO         2300    i.RCC_APB2PeriphClockCmd  stm32f10x_rcc.o
    0x080018b4   0x000000d4   Code   RO         2308    i.RCC_GetClocksFreq  stm32f10x_rcc.o
    0x08001988   0x00000094   Code   RO          525    i.SPI2_Init         spi.o
    0x08001a1c   0x00000054   Code   RO          526    i.SPI2_ReadWriteByte  spi.o
    0x08001a70   0x00000028   Code   RO          527    i.SPI2_SetSpeed     spi.o
    0x08001a98   0x00000018   Code   RO         2777    i.SPI_Cmd           stm32f10x_spi.o
    0x08001ab0   0x00000012   Code   RO         2785    i.SPI_I2S_GetFlagStatus  stm32f10x_spi.o
    0x08001ac2   0x00000006   Code   RO         2788    i.SPI_I2S_ReceiveData  stm32f10x_spi.o
    0x08001ac8   0x00000004   Code   RO         2789    i.SPI_I2S_SendData  stm32f10x_spi.o
    0x08001acc   0x0000003c   Code   RO         2790    i.SPI_Init          stm32f10x_spi.o
    0x08001b08   0x00000002   Code   RO          145    i.SVC_Handler       stm32f10x_it.o
    0x08001b0a   0x00000008   Code   RO          202    i.SetSysClock       system_stm32f10x.o
    0x08001b12   0x00000002   PAD
    0x08001b14   0x000000e0   Code   RO          203    i.SetSysClockTo72   system_stm32f10x.o
    0x08001bf4   0x00000030   Code   RO          280    i.Set_Pwm_Motor1    motor.o
    0x08001c24   0x00000030   Code   RO          281    i.Set_Pwm_Motor2    motor.o
    0x08001c54   0x00000028   Code   RO          735    i.SysTick_CLKSourceConfig  misc.o
    0x08001c7c   0x00000002   Code   RO          146    i.SysTick_Handler   stm32f10x_it.o
    0x08001c7e   0x00000002   PAD
    0x08001c80   0x00000060   Code   RO          205    i.SystemInit        system_stm32f10x.o
    0x08001ce0   0x00000064   Code   RO          405    i.TIM1_Int_Init     timer.o
    0x08001d44   0x00000074   Code   RO          406    i.TIM1_UP_IRQHandler  timer.o
    0x08001db8   0x00000006   Code   RO         2927    i.TIM_ClearITPendingBit  stm32f10x_tim.o
    0x08001dbe   0x00000018   Code   RO         2932    i.TIM_Cmd           stm32f10x_tim.o
    0x08001dd6   0x00000022   Code   RO         2953    i.TIM_GetITStatus   stm32f10x_tim.o
    0x08001df8   0x00000012   Code   RO         2957    i.TIM_ITConfig      stm32f10x_tim.o
    0x08001e0a   0x00000002   PAD
    0x08001e0c   0x00000098   Code   RO         2961    i.TIM_OC1Init       stm32f10x_tim.o
    0x08001ea4   0x00000012   Code   RO         2964    i.TIM_OC1PreloadConfig  stm32f10x_tim.o
    0x08001eb6   0x00000002   PAD
    0x08001eb8   0x000000a4   Code   RO         2966    i.TIM_OC2Init       stm32f10x_tim.o
    0x08001f5c   0x0000001a   Code   RO         2969    i.TIM_OC2PreloadConfig  stm32f10x_tim.o
    0x08001f76   0x00000002   PAD
    0x08001f78   0x000000a0   Code   RO         2971    i.TIM_OC3Init       stm32f10x_tim.o
    0x08002018   0x00000012   Code   RO         2974    i.TIM_OC3PreloadConfig  stm32f10x_tim.o
    0x0800202a   0x00000002   PAD
    0x0800202c   0x0000007c   Code   RO         2976    i.TIM_OC4Init       stm32f10x_tim.o
    0x080020a8   0x0000001a   Code   RO         2978    i.TIM_OC4PreloadConfig  stm32f10x_tim.o
    0x080020c2   0x00000004   Code   RO         2993    i.TIM_SetCompare1   stm32f10x_tim.o
    0x080020c6   0x00000004   Code   RO         2994    i.TIM_SetCompare2   stm32f10x_tim.o
    0x080020ca   0x00000004   Code   RO         2995    i.TIM_SetCompare3   stm32f10x_tim.o
    0x080020ce   0x00000006   Code   RO         2996    i.TIM_SetCompare4   stm32f10x_tim.o
    0x080020d4   0x000000a4   Code   RO         3003    i.TIM_TimeBaseInit  stm32f10x_tim.o
    0x08002178   0x00000088   Code   RO          673    i.USART1_IRQHandler  usart.o
    0x08002200   0x00000078   Code   RO          484    i.USART3_IRQHandler  jy61.o
    0x08002278   0x00000018   Code   RO         3468    i.USART_Cmd         stm32f10x_usart.o
    0x08002290   0x0000001a   Code   RO         3471    i.USART_GetFlagStatus  stm32f10x_usart.o
    0x080022aa   0x00000054   Code   RO         3472    i.USART_GetITStatus  stm32f10x_usart.o
    0x080022fe   0x0000004a   Code   RO         3474    i.USART_ITConfig    stm32f10x_usart.o
    0x08002348   0x000000d8   Code   RO         3475    i.USART_Init        stm32f10x_usart.o
    0x08002420   0x0000000a   Code   RO         3482    i.USART_ReceiveData  stm32f10x_usart.o
    0x0800242a   0x00000004   Code   RO          147    i.UsageFault_Handler  stm32f10x_it.o
    0x0800242e   0x00000002   PAD
    0x08002430   0x00000048   Code   RO          282    i.Xianfu_Pwm        motor.o
    0x08002478   0x00000020   Code   RO         3746    i.__0printf$1       mc_w.l(printf1.o)
    0x08002498   0x0000000e   Code   RO         4021    i.__scatterload_copy  mc_w.l(handlers.o)
    0x080024a6   0x00000002   Code   RO         4022    i.__scatterload_null  mc_w.l(handlers.o)
    0x080024a8   0x0000000e   Code   RO         4023    i.__scatterload_zeroinit  mc_w.l(handlers.o)
    0x080024b6   0x00000002   PAD
    0x080024b8   0x00000154   Code   RO         3753    i._printf_core      mc_w.l(printf1.o)
    0x0800260c   0x00000060   Code   RO          432    i.date_change       adc.o
    0x0800266c   0x0000004c   Code   RO          619    i.delay_ms          delay.o
    0x080026b8   0x00000040   Code   RO          433    i.filter            adc.o
    0x080026f8   0x0000001c   Code   RO          675    i.fputc             usart.o
    0x08002714   0x00000046   Code   RO            1    i.main              main.o
    0x0800275a   0x00000002   PAD
    0x0800275c   0x000000a0   Code   RO          676    i.uart_init         usart.o
    0x080027fc   0x0000000a   Data   RO          559    .constdata          24l01.o
    0x08002806   0x00000002   PAD
    0x08002808   0x00000020   Data   RO         4019    Region$$Table       anon$$obj.o


    Execution Region ER_RW (Base: 0x20000000, Size: 0x000000c8, Max: 0xffffffff, ABSOLUTE)

    Base Addr    Size         Type   Attr      Idx    E Section Name        Object

    0x20000000   0x00000014   Data   RW          206    .data               system_stm32f10x.o
    0x20000014   0x00000058   Data   RW          283    .data               motor.o
    0x2000006c   0x00000008   Data   RW          351    .data               encoder.o
    0x20000074   0x00000019   Data   RW          408    .data               timer.o
    0x2000008d   0x00000001   PAD
    0x2000008e   0x00000008   Data   RW          436    .data               adc.o
    0x20000096   0x00000002   PAD
    0x20000098   0x00000010   Data   RW          489    .data               jy61.o
    0x200000a8   0x00000004   Data   RW          621    .data               delay.o
    0x200000ac   0x00000006   Data   RW          678    .data               usart.o
    0x200000b2   0x00000014   Data   RW         2328    .data               stm32f10x_rcc.o


    Execution Region ER_ZI (Base: 0x200000c8, Size: 0x000006f0, Max: 0xffffffff, ABSOLUTE)

    Base Addr    Size         Type   Attr      Idx    E Section Name        Object

    0x200000c8   0x00000050   Zero   RW          407    .bss                timer.o
    0x20000118   0x00000190   Zero   RW          435    .bss                adc.o
    0x200002a8   0x00000048   Zero   RW          488    .bss                jy61.o
    0x200002f0   0x000000c8   Zero   RW          677    .bss                usart.o
    0x200003b8   0x00000400   Zero   RW          724    STACK               startup_stm32f10x_hd.o


==============================================================================

Image component sizes


      Code (inc. data)   RO Data    RW Data    ZI Data      Debug   Object Name

       720         84         10          0          0       5658   24l01.o
       974         88          0          8        400       4145   adc.o
       144         22          0          4          0       1172   delay.o
       824         62          0          8          0       4782   encoder.o
       120         22          0         16         72       1506   jy61.o
        52          6          0          0          0     215071   led.o
        70          0          0          0          0      65195   main.o
       172         22          0          0          0       2033   misc.o
       570         60          0         88          0       5555   motor.o
       272         18          0          0          0       1749   spi.o
        36          8        304          0       1024        784   startup_stm32f10x_hd.o
       390         10          0          0          0       7285   stm32f10x_adc.o
       416          8          0          0          0       3398   stm32f10x_dma.o
       188         12          0          0          0       1559   stm32f10x_exti.o
       350          4          0          0          0       3610   stm32f10x_gpio.o
        26          0          0          0          0       3650   stm32f10x_it.o
       332         44          0         20          0       5497   stm32f10x_rcc.o
       112          0          0          0          0       3774   stm32f10x_spi.o
       952         92          0          0          0      10758   stm32f10x_tim.o
       434          6          0          0          0       5520   stm32f10x_usart.o
         0          0          0          0          0         32   sys.o
       328         28          0         20          0       2057   system_stm32f10x.o
       216         32          0         25         80       2335   timer.o
       324         26          0          6        200       3608   usart.o

    ----------------------------------------------------------------------
      8044        654        348        200       1776     360733   Object Totals
         0          0         32          0          0          0   (incl. Generated)
        22          0          2          5          0          0   (incl. Padding)

    ----------------------------------------------------------------------

      Code (inc. data)   RO Data    RW Data    ZI Data      Debug   Library Member Name

         0          0          0          0          0          0   entry.o
         0          0          0          0          0          0   entry10a.o
         0          0          0          0          0          0   entry11a.o
         8          4          0          0          0          0   entry2.o
         4          0          0          0          0          0   entry5.o
         0          0          0          0          0          0   entry7b.o
         0          0          0          0          0          0   entry8b.o
         8          4          0          0          0          0   entry9a.o
        30          0          0          0          0          0   handlers.o
        36          8          0          0          0         68   init.o
         0          0          0          0          0          0   iusefp.o
        30          0          0          0          0         68   llshl.o
        36          0          0          0          0         68   llsshr.o
        32          0          0          0          0         68   llushr.o
       372         14          0          0          0        184   printf1.o
        44          0          0          0          0         80   uidiv.o
       334          0          0          0          0        148   dadd.o
       222          0          0          0          0        100   ddiv.o
       186          0          0          0          0        176   depilogue.o
        62          0          0          0          0         80   dfixi.o
        26          0          0          0          0         76   dfltui.o
       176          0          0          0          0        140   fadd.o
       110          0          0          0          0        168   fepilogue.o
        50          0          0          0          0         68   ffixi.o
        18          0          0          0          0         68   fflti.o
       100          0          0          0          0         76   fmul.o

    ----------------------------------------------------------------------
      1888         30          0          0          0       1636   Library Totals
         4          0          0          0          0          0   (incl. Padding)

    ----------------------------------------------------------------------

      Code (inc. data)   RO Data    RW Data    ZI Data      Debug   Library Name

       600         30          0          0          0        536   mc_w.l
      1284          0          0          0          0       1100   mf_w.l

    ----------------------------------------------------------------------
      1888         30          0          0          0       1636   Library Totals

    ----------------------------------------------------------------------

==============================================================================


      Code (inc. data)   RO Data    RW Data    ZI Data      Debug   

      9932        684        348        200       1776     356333   Grand Totals
      9932        684        348        200       1776     356333   ELF Image Totals
      9932        684        348        200          0          0   ROM Totals

==============================================================================

    Total RO  Size (Code + RO Data)                10280 (  10.04kB)
    Total RW  Size (RW Data + ZI Data)              1976 (   1.93kB)
    Total ROM Size (Code + RO Data + RW Data)      10480 (  10.23kB)

==============================================================================

