Component: ARM Compiler 5.05 update 1 (build 106) Tool: armlink [4d0efa]

==============================================================================

Section Cross References

    main.o(i.main) refers to delay.o(i.Delay_init) for Delay_init
    main.o(i.main) refers to misc.o(i.NVIC_PriorityGroupConfig) for NVIC_PriorityGroupConfig
    main.o(i.main) refers to usart.o(i.uart_init) for uart_init
    main.o(i.main) refers to jy61.o(i.uart3_init) for uart3_init
    main.o(i.main) refers to led.o(i.LED_Init) for LED_Init
    main.o(i.main) refers to encoder.o(i.Encoder_Init) for Encoder_Init
    main.o(i.main) refers to motor.o(i.Motor_Init) for Motor_Init
    main.o(i.main) refers to adc.o(i.Adc_Init) for Adc_Init
    main.o(i.main) refers to timer.o(i.TIM1_Int_Init) for TIM1_Int_Init
    system_stm32f10x.o(i.SetSysClock) refers to system_stm32f10x.o(i.SetSysClockTo72) for SetSysClockTo72
    system_stm32f10x.o(i.SystemCoreClockUpdate) refers to system_stm32f10x.o(.data) for SystemCoreClock
    system_stm32f10x.o(i.SystemInit) refers to system_stm32f10x.o(i.SetSysClock) for SetSysClock
    led.o(i.LED_Init) refers to stm32f10x_rcc.o(i.RCC_APB2PeriphClockCmd) for RCC_APB2PeriphClockCmd
    led.o(i.LED_Init) refers to stm32f10x_gpio.o(i.GPIO_Init) for GPIO_Init
    led.o(i.LED_Init) refers to stm32f10x_gpio.o(i.GPIO_SetBits) for GPIO_SetBits
    motor.o(i.Incremental_PI_A) refers to fflti.o(.text) for __aeabi_i2f
    motor.o(i.Incremental_PI_A) refers to fmul.o(.text) for __aeabi_fmul
    motor.o(i.Incremental_PI_A) refers to fadd.o(.text) for __aeabi_fadd
    motor.o(i.Incremental_PI_A) refers to ffixi.o(.text) for __aeabi_f2iz
    motor.o(i.Incremental_PI_A) refers to motor.o(.data) for BiasA
    motor.o(i.Incremental_PI_B) refers to fflti.o(.text) for __aeabi_i2f
    motor.o(i.Incremental_PI_B) refers to fmul.o(.text) for __aeabi_fmul
    motor.o(i.Incremental_PI_B) refers to fadd.o(.text) for __aeabi_fadd
    motor.o(i.Incremental_PI_B) refers to ffixi.o(.text) for __aeabi_f2iz
    motor.o(i.Incremental_PI_B) refers to motor.o(.data) for BiasB
    motor.o(i.Motor_Gpio_init) refers to stm32f10x_rcc.o(i.RCC_APB2PeriphClockCmd) for RCC_APB2PeriphClockCmd
    motor.o(i.Motor_Gpio_init) refers to stm32f10x_gpio.o(i.GPIO_Init) for GPIO_Init
    motor.o(i.Motor_Init) refers to motor.o(i.Motor_Gpio_init) for Motor_Gpio_init
    motor.o(i.Motor_Init) refers to motor.o(i.PWM2_Init) for PWM2_Init
    motor.o(i.PWM2_Init) refers to stm32f10x_rcc.o(i.RCC_APB1PeriphClockCmd) for RCC_APB1PeriphClockCmd
    motor.o(i.PWM2_Init) refers to stm32f10x_tim.o(i.TIM_TimeBaseInit) for TIM_TimeBaseInit
    motor.o(i.PWM2_Init) refers to stm32f10x_tim.o(i.TIM_OC1Init) for TIM_OC1Init
    motor.o(i.PWM2_Init) refers to stm32f10x_tim.o(i.TIM_OC1PreloadConfig) for TIM_OC1PreloadConfig
    motor.o(i.PWM2_Init) refers to stm32f10x_tim.o(i.TIM_OC2Init) for TIM_OC2Init
    motor.o(i.PWM2_Init) refers to stm32f10x_tim.o(i.TIM_OC2PreloadConfig) for TIM_OC2PreloadConfig
    motor.o(i.PWM2_Init) refers to stm32f10x_tim.o(i.TIM_OC3Init) for TIM_OC3Init
    motor.o(i.PWM2_Init) refers to stm32f10x_tim.o(i.TIM_OC3PreloadConfig) for TIM_OC3PreloadConfig
    motor.o(i.PWM2_Init) refers to stm32f10x_tim.o(i.TIM_OC4Init) for TIM_OC4Init
    motor.o(i.PWM2_Init) refers to stm32f10x_tim.o(i.TIM_OC4PreloadConfig) for TIM_OC4PreloadConfig
    motor.o(i.PWM2_Init) refers to stm32f10x_tim.o(i.TIM_Cmd) for TIM_Cmd
    motor.o(i.PWM2_Init) refers to stm32f10x_tim.o(i.TIM_SetCompare1) for TIM_SetCompare1
    motor.o(i.PWM2_Init) refers to stm32f10x_tim.o(i.TIM_SetCompare2) for TIM_SetCompare2
    motor.o(i.PWM2_Init) refers to stm32f10x_tim.o(i.TIM_SetCompare3) for TIM_SetCompare3
    motor.o(i.PWM2_Init) refers to stm32f10x_tim.o(i.TIM_SetCompare4) for TIM_SetCompare4
    motor.o(i.Xianfu_Pwm) refers to timer.o(.data) for Motor_A
    encoder.o(i.EXTI0_IRQHandler) refers to encoder.o(.data) for Encoder_A_EXTI
    encoder.o(i.EXTI1_IRQHandler) refers to encoder.o(.data) for Encoder_A_EXTI
    encoder.o(i.EXTI9_5_IRQHandler) refers to stm32f10x_exti.o(i.EXTI_GetITStatus) for EXTI_GetITStatus
    encoder.o(i.EXTI9_5_IRQHandler) refers to encoder.o(.data) for Encoder_B_EXTI
    encoder.o(i.Encoder_Init) refers to encoder.o(i.Encoder_Init_TIM_Exit0) for Encoder_Init_TIM_Exit0
    encoder.o(i.Encoder_Init) refers to encoder.o(i.Encoder_Init_TIM_Exit1) for Encoder_Init_TIM_Exit1
    encoder.o(i.Encoder_Init) refers to encoder.o(i.Encoder_Init_TIM_Exit6) for Encoder_Init_TIM_Exit6
    encoder.o(i.Encoder_Init) refers to encoder.o(i.Encoder_Init_TIM_Exit7) for Encoder_Init_TIM_Exit7
    encoder.o(i.Encoder_Init_TIM_Exit0) refers to stm32f10x_rcc.o(i.RCC_APB2PeriphClockCmd) for RCC_APB2PeriphClockCmd
    encoder.o(i.Encoder_Init_TIM_Exit0) refers to stm32f10x_gpio.o(i.GPIO_Init) for GPIO_Init
    encoder.o(i.Encoder_Init_TIM_Exit0) refers to stm32f10x_gpio.o(i.GPIO_EXTILineConfig) for GPIO_EXTILineConfig
[...]
    Removing stm32f10x_can.o(i.CAN_MessagePending), (30 bytes).
    Removing stm32f10x_can.o(i.CAN_OperatingModeRequest), (162 bytes).
    Removing stm32f10x_can.o(i.CAN_Receive), (240 bytes).
    Removing stm32f10x_can.o(i.CAN_SlaveStartBank), (52 bytes).
    Removing stm32f10x_can.o(i.CAN_Sleep), (30 bytes).
    Removing stm32f10x_can.o(i.CAN_StructInit), (32 bytes).
    Removing stm32f10x_can.o(i.CAN_TTComModeCmd), (118 bytes).
    Removing stm32f10x_can.o(i.CAN_Transmit), (294 bytes).
    Removing stm32f10x_can.o(i.CAN_TransmitStatus), (160 bytes).
    Removing stm32f10x_can.o(i.CAN_WakeUp), (48 bytes).
    Removing stm32f10x_can.o(i.CheckITStatus), (18 bytes).
    Removing stm32f10x_cec.o(i.CEC_ClearFlag), (36 bytes).
    Removing stm32f10x_cec.o(i.CEC_ClearITPendingBit), (36 bytes).
    Removing stm32f10x_cec.o(i.CEC_Cmd), (32 bytes).
    Removing stm32f10x_cec.o(i.CEC_DeInit), (22 bytes).
    Removing stm32f10x_cec.o(i.CEC_EndOfMessageCmd), (12 bytes).
    Removing stm32f10x_cec.o(i.CEC_GetFlagStatus), (48 bytes).
    Removing stm32f10x_cec.o(i.CEC_GetITStatus), (40 bytes).
    Removing stm32f10x_cec.o(i.CEC_ITConfig), (12 bytes).
    Removing stm32f10x_cec.o(i.CEC_Init), (32 bytes).
    Removing stm32f10x_cec.o(i.CEC_OwnAddressConfig), (12 bytes).
    Removing stm32f10x_cec.o(i.CEC_ReceiveDataByte), (12 bytes).
    Removing stm32f10x_cec.o(i.CEC_SendDataByte), (12 bytes).
    Removing stm32f10x_cec.o(i.CEC_SetPrescaler), (12 bytes).
    Removing stm32f10x_cec.o(i.CEC_StartOfMessage), (12 bytes).
    Removing stm32f10x_crc.o(i.CRC_CalcBlockCRC), (36 bytes).
    Removing stm32f10x_crc.o(i.CRC_CalcCRC), (16 bytes).
    Removing stm32f10x_crc.o(i.CRC_GetCRC), (12 bytes).
    Removing stm32f10x_crc.o(i.CRC_GetIDRegister), (12 bytes).
    Removing stm32f10x_crc.o(i.CRC_ResetDR), (12 bytes).
    Removing stm32f10x_crc.o(i.CRC_SetIDRegister), (12 bytes).
    Removing stm32f10x_dac.o(i.DAC_Cmd), (40 bytes).
    Removing stm32f10x_dac.o(i.DAC_DMACmd), (44 bytes).
    Removing stm32f10x_dac.o(i.DAC_DeInit), (22 bytes).
    Removing stm32f10x_dac.o(i.DAC_DualSoftwareTriggerCmd), (36 bytes).
    Removing stm32f10x_dac.o(i.DAC_GetDataOutputValue), (36 bytes).
    Removing stm32f10x_dac.o(i.DAC_Init), (52 bytes).
    Removing stm32f10x_dac.o(i.DAC_SetChannel1Data), (32 bytes).
    Removing stm32f10x_dac.o(i.DAC_SetChannel2Data), (32 bytes).
    Removing stm32f10x_dac.o(i.DAC_SetDualChannelData), (36 bytes).
    Removing stm32f10x_dac.o(i.DAC_SoftwareTriggerCmd), (44 bytes).
    Removing stm32f10x_dac.o(i.DAC_StructInit), (12 bytes).
    Removing stm32f10x_dac.o(i.DAC_WaveGenerationCmd), (40 bytes).
    Removing stm32f10x_dbgmcu.o(i.DBGMCU_Config), (32 bytes).
    Removing stm32f10x_dbgmcu.o(i.DBGMCU_GetDEVID), (16 bytes).
    Removing stm32f10x_dbgmcu.o(i.DBGMCU_GetREVID), (12 bytes).
    Removing stm32f10x_dma.o(i.DMA_ClearFlag), (28 bytes).
    Removing stm32f10x_dma.o(i.DMA_ClearITPendingBit), (28 bytes).
    Removing stm32f10x_dma.o(i.DMA_Cmd), (24 bytes).
    Removing stm32f10x_dma.o(i.DMA_DeInit), (332 bytes).
    Removing stm32f10x_dma.o(i.DMA_GetCurrDataCounter), (8 bytes).
    Removing stm32f10x_dma.o(i.DMA_GetFlagStatus), (44 bytes).
    Removing stm32f10x_dma.o(i.DMA_GetITStatus), (44 bytes).
    Removing stm32f10x_dma.o(i.DMA_ITConfig), (18 bytes).
    Removing stm32f10x_dma.o(i.DMA_Init), (60 bytes).
    Removing stm32f10x_dma.o(i.DMA_SetCurrDataCounter), (4 bytes).
    Removing stm32f10x_dma.o(i.DMA_StructInit), (26 bytes).
    Removing stm32f10x_exti.o(i.EXTI_ClearFlag), (12 bytes).
    Removing stm32f10x_exti.o(i.EXTI_ClearITPendingBit), (12 bytes).
    Removing stm32f10x_exti.o(i.EXTI_DeInit), (36 bytes).
    Removing stm32f10x_exti.o(i.EXTI_GenerateSWInterrupt), (16 bytes).
    Removing stm32f10x_exti.o(i.EXTI_GetFlagStatus), (24 bytes).
    Removing stm32f10x_exti.o(i.EXTI_StructInit), (16 bytes).
    Removing stm32f10x_flash.o(i.FLASH_ClearFlag), (12 bytes).
    Removing stm32f10x_flash.o(i.FLASH_EnableWriteProtection), (196 bytes).
    Removing stm32f10x_flash.o(i.FLASH_EraseAllBank1Pages), (72 bytes).
    Removing stm32f10x_flash.o(i.FLASH_EraseAllPages), (72 bytes).
    Removing stm32f10x_flash.o(i.FLASH_EraseOptionBytes), (168 bytes).
    Removing stm32f10x_flash.o(i.FLASH_ErasePage), (76 bytes).
    Removing stm32f10x_flash.o(i.FLASH_GetBank1Status), (52 bytes).
    Removing stm32f10x_flash.o(i.FLASH_GetFlagStatus), (48 bytes).
    Removing stm32f10x_flash.o(i.FLASH_GetPrefetchBufferStatus), (24 bytes).
    Removing stm32f10x_flash.o(i.FLASH_GetReadOutProtectionStatus), (24 bytes).
    Removing stm32f10x_flash.o(i.FLASH_GetStatus), (52 bytes).
    Removing stm32f10x_flash.o(i.FLASH_GetUserOptionByte), (12 bytes).
    Removing stm32f10x_flash.o(i.FLASH_GetWriteProtectionOptionByte), (12 bytes).
    Removing stm32f10x_flash.o(i.FLASH_HalfCycleAccessCmd), (28 bytes).
    Removing stm32f10x_flash.o(i.FLASH_ITConfig), (32 bytes).
    Removing stm32f10x_flash.o(i.FLASH_Lock), (20 bytes).
    Removing stm32f10x_flash.o(i.FLASH_LockBank1), (20 bytes).
    Removing stm32f10x_flash.o(i.FLASH_PrefetchBufferCmd), (28 bytes).
    Removing stm32f10x_flash.o(i.FLASH_ProgramHalfWord), (64 bytes).
    Removing stm32f10x_flash.o(i.FLASH_ProgramOptionByteData), (84 bytes).
    Removing stm32f10x_flash.o(i.FLASH_ProgramWord), (108 bytes).
    Removing stm32f10x_flash.o(i.FLASH_ReadOutProtection), (172 bytes).
    Removing stm32f10x_flash.o(i.FLASH_SetLatency), (24 bytes).
    Removing stm32f10x_flash.o(i.FLASH_Unlock), (24 bytes).
    Removing stm32f10x_flash.o(i.FLASH_UnlockBank1), (24 bytes).
    Removing stm32f10x_flash.o(i.FLASH_UserOptionByteConfig), (104 bytes).
    Removing stm32f10x_flash.o(i.FLASH_WaitForLastBank1Operation), (38 bytes).
    Removing stm32f10x_flash.o(i.FLASH_WaitForLastOperation), (38 bytes).
    Removing stm32f10x_fsmc.o(i.FSMC_ClearFlag), (64 bytes).
    Removing stm32f10x_fsmc.o(i.FSMC_ClearITPendingBit), (72 bytes).
    Removing stm32f10x_fsmc.o(i.FSMC_GetECC), (28 bytes).
    Removing stm32f10x_fsmc.o(i.FSMC_GetFlagStatus), (56 bytes).
    Removing stm32f10x_fsmc.o(i.FSMC_GetITStatus), (68 bytes).
    Removing stm32f10x_fsmc.o(i.FSMC_ITConfig), (128 bytes).
    Removing stm32f10x_fsmc.o(i.FSMC_NANDCmd), (92 bytes).
    Removing stm32f10x_fsmc.o(i.FSMC_NANDDeInit), (68 bytes).
    Removing stm32f10x_fsmc.o(i.FSMC_NANDECCCmd), (92 bytes).
    Removing stm32f10x_fsmc.o(i.FSMC_NANDInit), (136 bytes).
    Removing stm32f10x_fsmc.o(i.FSMC_NANDStructInit), (54 bytes).
    Removing stm32f10x_fsmc.o(i.FSMC_NORSRAMCmd), (52 bytes).
    Removing stm32f10x_fsmc.o(i.FSMC_NORSRAMDeInit), (54 bytes).
    Removing stm32f10x_fsmc.o(i.FSMC_NORSRAMInit), (230 bytes).
    Removing stm32f10x_fsmc.o(i.FSMC_NORSRAMStructInit), (114 bytes).
    Removing stm32f10x_fsmc.o(i.FSMC_PCCARDCmd), (48 bytes).
    Removing stm32f10x_fsmc.o(i.FSMC_PCCARDDeInit), (40 bytes).
    Removing stm32f10x_fsmc.o(i.FSMC_PCCARDInit), (132 bytes).
    Removing stm32f10x_fsmc.o(i.FSMC_PCCARDStructInit), (60 bytes).
    Removing stm32f10x_gpio.o(i.GPIO_AFIODeInit), (20 bytes).
    Removing stm32f10x_gpio.o(i.GPIO_DeInit), (200 bytes).
    Removing stm32f10x_gpio.o(i.GPIO_ETH_MediaInterfaceConfig), (12 bytes).
    Removing stm32f10x_gpio.o(i.GPIO_EventOutputCmd), (12 bytes).
    Removing stm32f10x_gpio.o(i.GPIO_EventOutputConfig), (32 bytes).
    Removing stm32f10x_gpio.o(i.GPIO_PinLockConfig), (18 bytes).
    Removing stm32f10x_gpio.o(i.GPIO_PinRemapConfig), (144 bytes).
    Removing stm32f10x_gpio.o(i.GPIO_ReadInputData), (8 bytes).
    Removing stm32f10x_gpio.o(i.GPIO_ReadInputDataBit), (18 bytes).
    Removing stm32f10x_gpio.o(i.GPIO_ReadOutputData), (8 bytes).
    Removing stm32f10x_gpio.o(i.GPIO_ReadOutputDataBit), (18 bytes).
    Removing stm32f10x_gpio.o(i.GPIO_ResetBits), (4 bytes).
    Removing stm32f10x_gpio.o(i.GPIO_StructInit), (16 bytes).
    Removing stm32f10x_gpio.o(i.GPIO_Write), (4 bytes).
    Removing stm32f10x_gpio.o(i.GPIO_WriteBit), (10 bytes).
    Removing stm32f10x_i2c.o(i.I2C_ARPCmd), (24 bytes).
    Removing stm32f10x_i2c.o(i.I2C_AcknowledgeConfig), (24 bytes).
    Removing stm32f10x_i2c.o(i.I2C_CalculatePEC), (24 bytes).
    Removing stm32f10x_i2c.o(i.I2C_CheckEvent), (42 bytes).
    Removing stm32f10x_i2c.o(i.I2C_ClearFlag), (12 bytes).
    Removing stm32f10x_i2c.o(i.I2C_ClearITPendingBit), (12 bytes).
    Removing stm32f10x_i2c.o(i.I2C_Cmd), (24 bytes).
    Removing stm32f10x_i2c.o(i.I2C_DMACmd), (24 bytes).
    Removing stm32f10x_i2c.o(i.I2C_DMALastTransferCmd), (24 bytes).
    Removing stm32f10x_i2c.o(i.I2C_DeInit), (56 bytes).
    Removing stm32f10x_i2c.o(i.I2C_DualAddressCmd), (24 bytes).
    Removing stm32f10x_i2c.o(i.I2C_FastModeDutyCycleConfig), (28 bytes).
    Removing stm32f10x_i2c.o(i.I2C_GeneralCallCmd), (24 bytes).
    Removing stm32f10x_i2c.o(i.I2C_GenerateSTART), (24 bytes).
    Removing stm32f10x_i2c.o(i.I2C_GenerateSTOP), (24 bytes).
    Removing stm32f10x_i2c.o(i.I2C_GetFlagStatus), (58 bytes).
    Removing stm32f10x_i2c.o(i.I2C_GetITStatus), (38 bytes).
    Removing stm32f10x_i2c.o(i.I2C_GetLastEvent), (26 bytes).
    Removing stm32f10x_i2c.o(i.I2C_GetPEC), (8 bytes).
    Removing stm32f10x_i2c.o(i.I2C_ITConfig), (18 bytes).
    Removing stm32f10x_i2c.o(i.I2C_Init), (236 bytes).
    Removing stm32f10x_i2c.o(i.I2C_NACKPositionConfig), (28 bytes).
    Removing stm32f10x_i2c.o(i.I2C_OwnAddress2Config), (22 bytes).
    Removing stm32f10x_i2c.o(i.I2C_PECPositionConfig), (28 bytes).
    Removing stm32f10x_i2c.o(i.I2C_ReadRegister), (22 bytes).
    Removing stm32f10x_i2c.o(i.I2C_ReceiveData), (8 bytes).
    Removing stm32f10x_i2c.o(i.I2C_SMBusAlertConfig), (28 bytes).
    Removing stm32f10x_i2c.o(i.I2C_Send7bitAddress), (18 bytes).
    Removing stm32f10x_i2c.o(i.I2C_SendData), (4 bytes).
    Removing stm32f10x_i2c.o(i.I2C_SoftwareResetCmd), (22 bytes).
    Removing stm32f10x_i2c.o(i.I2C_StretchClockCmd), (24 bytes).
    Removing stm32f10x_i2c.o(i.I2C_StructInit), (30 bytes).
    Removing stm32f10x_i2c.o(i.I2C_TransmitPEC), (24 bytes).
    Removing stm32f10x_iwdg.o(i.IWDG_Enable), (16 bytes).
    Removing stm32f10x_iwdg.o(i.IWDG_GetFlagStatus), (24 bytes).
    Removing stm32f10x_iwdg.o(i.IWDG_ReloadCounter), (16 bytes).
    Removing stm32f10x_iwdg.o(i.IWDG_SetPrescaler), (12 bytes).
    Removing stm32f10x_iwdg.o(i.IWDG_SetReload), (12 bytes).
    Removing stm32f10x_iwdg.o(i.IWDG_WriteAccessCmd), (12 bytes).
    Removing stm32f10x_pwr.o(i.PWR_BackupAccessCmd), (12 bytes).
    Removing stm32f10x_pwr.o(i.PWR_ClearFlag), (20 bytes).
    Removing stm32f10x_pwr.o(i.PWR_DeInit), (22 bytes).
    Removing stm32f10x_pwr.o(i.PWR_EnterSTANDBYMode), (52 bytes).
    Removing stm32f10x_pwr.o(i.PWR_EnterSTOPMode), (64 bytes).
    Removing stm32f10x_pwr.o(i.PWR_GetFlagStatus), (24 bytes).
    Removing stm32f10x_pwr.o(i.PWR_PVDCmd), (12 bytes).
    Removing stm32f10x_pwr.o(i.PWR_PVDLevelConfig), (24 bytes).
    Removing stm32f10x_pwr.o(i.PWR_WakeUpPinCmd), (12 bytes).
    Removing stm32f10x_rcc.o(i.RCC_AHBPeriphClockCmd), (32 bytes).
    Removing stm32f10x_rcc.o(i.RCC_APB1PeriphResetCmd), (32 bytes).
    Removing stm32f10x_rcc.o(i.RCC_AdjustHSICalibrationValue), (24 bytes).
    Removing stm32f10x_rcc.o(i.RCC_BackupResetCmd), (12 bytes).
    Removing stm32f10x_rcc.o(i.RCC_ClearFlag), (20 bytes).
    Removing stm32f10x_rcc.o(i.RCC_ClearITPendingBit), (12 bytes).
    Removing stm32f10x_rcc.o(i.RCC_ClockSecuritySystemCmd), (12 bytes).
    Removing stm32f10x_rcc.o(i.RCC_DeInit), (76 bytes).
    Removing stm32f10x_rcc.o(i.RCC_GetFlagStatus), (60 bytes).
    Removing stm32f10x_rcc.o(i.RCC_GetITStatus), (24 bytes).
    Removing stm32f10x_rcc.o(i.RCC_GetSYSCLKSource), (16 bytes).
    Removing stm32f10x_rcc.o(i.RCC_HCLKConfig), (24 bytes).
    Removing stm32f10x_rcc.o(i.RCC_HSEConfig), (76 bytes).
    Removing stm32f10x_rcc.o(i.RCC_HSICmd), (12 bytes).
    Removing stm32f10x_rcc.o(i.RCC_ITConfig), (32 bytes).
    Removing stm32f10x_rcc.o(i.RCC_LSEConfig), (52 bytes).
    Removing stm32f10x_rcc.o(i.RCC_LSICmd), (12 bytes).
    Removing stm32f10x_rcc.o(i.RCC_MCOConfig), (12 bytes).
    Removing stm32f10x_rcc.o(i.RCC_PCLK1Config), (24 bytes).
    Removing stm32f10x_rcc.o(i.RCC_PCLK2Config), (24 bytes).
    Removing stm32f10x_rcc.o(i.RCC_PLLCmd), (12 bytes).
    Removing stm32f10x_rcc.o(i.RCC_PLLConfig), (28 bytes).
    Removing stm32f10x_rcc.o(i.RCC_RTCCLKCmd), (12 bytes).
    Removing stm32f10x_rcc.o(i.RCC_RTCCLKConfig), (16 bytes).
    Removing stm32f10x_rcc.o(i.RCC_SYSCLKConfig), (24 bytes).
    Removing stm32f10x_rcc.o(i.RCC_USBCLKConfig), (12 bytes).
    Removing stm32f10x_rcc.o(i.RCC_WaitForHSEStartUp), (56 bytes).
    Removing stm32f10x_rtc.o(i.RTC_ClearFlag), (16 bytes).
    Removing stm32f10x_rtc.o(i.RTC_ClearITPendingBit), (16 bytes).
    Removing stm32f10x_rtc.o(i.RTC_EnterConfigMode), (20 bytes).
    Removing stm32f10x_rtc.o(i.RTC_ExitConfigMode), (20 bytes).
    Removing stm32f10x_rtc.o(i.RTC_GetCounter), (20 bytes).
    Removing stm32f10x_rtc.o(i.RTC_GetDivider), (24 bytes).
    Removing stm32f10x_rtc.o(i.RTC_GetFlagStatus), (24 bytes).
    Removing stm32f10x_rtc.o(i.RTC_GetITStatus), (36 bytes).
    Removing stm32f10x_rtc.o(i.RTC_ITConfig), (32 bytes).
    Removing stm32f10x_rtc.o(i.RTC_SetAlarm), (28 bytes).
    Removing stm32f10x_rtc.o(i.RTC_SetCounter), (28 bytes).
    Removing stm32f10x_rtc.o(i.RTC_SetPrescaler), (32 bytes).
    Removing stm32f10x_rtc.o(i.RTC_WaitForLastTask), (20 bytes).
    Removing stm32f10x_rtc.o(i.RTC_WaitForSynchro), (36 bytes).
    Removing stm32f10x_sdio.o(i.SDIO_CEATAITCmd), (16 bytes).
    Removing stm32f10x_sdio.o(i.SDIO_ClearFlag), (12 bytes).
    Removing stm32f10x_sdio.o(i.SDIO_ClearITPendingBit), (12 bytes).
    Removing stm32f10x_sdio.o(i.SDIO_ClockCmd), (12 bytes).
    Removing stm32f10x_sdio.o(i.SDIO_CmdStructInit), (14 bytes).
    Removing stm32f10x_sdio.o(i.SDIO_CommandCompletionCmd), (12 bytes).
    Removing stm32f10x_sdio.o(i.SDIO_DMACmd), (12 bytes).
    Removing stm32f10x_sdio.o(i.SDIO_DataConfig), (48 bytes).
    Removing stm32f10x_sdio.o(i.SDIO_DataStructInit), (20 bytes).
    Removing stm32f10x_sdio.o(i.SDIO_DeInit), (36 bytes).
    Removing stm32f10x_sdio.o(i.SDIO_GetCommandResponse), (12 bytes).
    Removing stm32f10x_sdio.o(i.SDIO_GetDataCounter), (12 bytes).
    Removing stm32f10x_sdio.o(i.SDIO_GetFIFOCount), (12 bytes).
    Removing stm32f10x_sdio.o(i.SDIO_GetFlagStatus), (24 bytes).
    Removing stm32f10x_sdio.o(i.SDIO_GetITStatus), (24 bytes).
    Removing stm32f10x_sdio.o(i.SDIO_GetPowerState), (16 bytes).
    Removing stm32f10x_sdio.o(i.SDIO_GetResponse), (24 bytes).
    Removing stm32f10x_sdio.o(i.SDIO_ITConfig), (32 bytes).
    Removing stm32f10x_sdio.o(i.SDIO_Init), (48 bytes).
    Removing stm32f10x_sdio.o(i.SDIO_ReadData), (12 bytes).
    Removing stm32f10x_sdio.o(i.SDIO_SendCEATACmd), (12 bytes).
    Removing stm32f10x_sdio.o(i.SDIO_SendCommand), (44 bytes).
    Removing stm32f10x_sdio.o(i.SDIO_SendSDIOSuspendCmd), (12 bytes).
    Removing stm32f10x_sdio.o(i.SDIO_SetPowerState), (28 bytes).
    Removing stm32f10x_sdio.o(i.SDIO_SetSDIOOperation), (12 bytes).
    Removing stm32f10x_sdio.o(i.SDIO_SetSDIOReadWaitMode), (12 bytes).
    Removing stm32f10x_sdio.o(i.SDIO_StartSDIOReadWait), (12 bytes).
    Removing stm32f10x_sdio.o(i.SDIO_StopSDIOReadWait), (12 bytes).
    Removing stm32f10x_sdio.o(i.SDIO_StructInit), (16 bytes).
    Removing stm32f10x_sdio.o(i.SDIO_WriteData), (12 bytes).
    Removing stm32f10x_spi.o(i.I2S_Cmd), (24 bytes).
    Removing stm32f10x_spi.o(i.I2S_Init), (232 bytes).
    Removing stm32f10x_spi.o(i.I2S_StructInit), (20 bytes).
    Removing stm32f10x_spi.o(i.SPI_BiDirectionalLineConfig), (28 bytes).
    Removing stm32f10x_spi.o(i.SPI_CalculateCRC), (24 bytes).
    Removing stm32f10x_spi.o(i.SPI_Cmd), (24 bytes).
    Removing stm32f10x_spi.o(i.SPI_DataSizeConfig), (18 bytes).
    Removing stm32f10x_spi.o(i.SPI_GetCRC), (16 bytes).
    Removing stm32f10x_spi.o(i.SPI_GetCRCPolynomial), (6 bytes).
    Removing stm32f10x_spi.o(i.SPI_I2S_ClearFlag), (6 bytes).
    Removing stm32f10x_spi.o(i.SPI_I2S_ClearITPendingBit), (20 bytes).
    Removing stm32f10x_spi.o(i.SPI_I2S_DMACmd), (18 bytes).
    Removing stm32f10x_spi.o(i.SPI_I2S_DeInit), (88 bytes).
    Removing stm32f10x_spi.o(i.SPI_I2S_GetFlagStatus), (18 bytes).
    Removing stm32f10x_spi.o(i.SPI_I2S_GetITStatus), (52 bytes).
    Removing stm32f10x_spi.o(i.SPI_I2S_ITConfig), (32 bytes).
    Removing stm32f10x_spi.o(i.SPI_I2S_ReceiveData), (6 bytes).
    Removing stm32f10x_spi.o(i.SPI_I2S_SendData), (4 bytes).
    Removing stm32f10x_spi.o(i.SPI_Init), (60 bytes).
    Removing stm32f10x_spi.o(i.SPI_NSSInternalSoftwareConfig), (30 bytes).
    Removing stm32f10x_spi.o(i.SPI_SSOutputCmd), (24 bytes).
    Removing stm32f10x_spi.o(i.SPI_StructInit), (24 bytes).
    Removing stm32f10x_spi.o(i.SPI_TransmitCRC), (10 bytes).
    Removing stm32f10x_tim.o(i.TI1_Config), (128 bytes).
    Removing stm32f10x_tim.o(i.TI2_Config), (152 bytes).
    Removing stm32f10x_tim.o(i.TI3_Config), (144 bytes).
    Removing stm32f10x_tim.o(i.TI4_Config), (152 bytes).
    Removing stm32f10x_tim.o(i.TIM_ARRPreloadConfig), (24 bytes).
    Removing stm32f10x_tim.o(i.TIM_BDTRConfig), (32 bytes).
    Removing stm32f10x_tim.o(i.TIM_BDTRStructInit), (18 bytes).
    Removing stm32f10x_tim.o(i.TIM_CCPreloadControl), (24 bytes).
    Removing stm32f10x_tim.o(i.TIM_CCxCmd), (30 bytes).
    Removing stm32f10x_tim.o(i.TIM_CCxNCmd), (30 bytes).
    Removing stm32f10x_tim.o(i.TIM_ClearFlag), (6 bytes).
    Removing stm32f10x_tim.o(i.TIM_ClearOC1Ref), (18 bytes).
    Removing stm32f10x_tim.o(i.TIM_ClearOC2Ref), (24 bytes).
    Removing stm32f10x_tim.o(i.TIM_ClearOC3Ref), (18 bytes).
    Removing stm32f10x_tim.o(i.TIM_ClearOC4Ref), (24 bytes).
    Removing stm32f10x_tim.o(i.TIM_CounterModeConfig), (18 bytes).
    Removing stm32f10x_tim.o(i.TIM_CtrlPWMOutputs), (30 bytes).
    Removing stm32f10x_tim.o(i.TIM_DMACmd), (18 bytes).
    Removing stm32f10x_tim.o(i.TIM_DMAConfig), (10 bytes).
    Removing stm32f10x_tim.o(i.TIM_DeInit), (488 bytes).
    Removing stm32f10x_tim.o(i.TIM_ETRClockMode1Config), (54 bytes).
    Removing stm32f10x_tim.o(i.TIM_ETRClockMode2Config), (32 bytes).
    Removing stm32f10x_tim.o(i.TIM_ETRConfig), (28 bytes).
    Removing stm32f10x_tim.o(i.TIM_EncoderInterfaceConfig), (66 bytes).
    Removing stm32f10x_tim.o(i.TIM_ForcedOC1Config), (18 bytes).
    Removing stm32f10x_tim.o(i.TIM_ForcedOC2Config), (26 bytes).
    Removing stm32f10x_tim.o(i.TIM_ForcedOC3Config), (18 bytes).
    Removing stm32f10x_tim.o(i.TIM_ForcedOC4Config), (26 bytes).
    Removing stm32f10x_tim.o(i.TIM_GenerateEvent), (4 bytes).
    Removing stm32f10x_tim.o(i.TIM_GetCapture1), (6 bytes).
    Removing stm32f10x_tim.o(i.TIM_GetCapture2), (6 bytes).
    Removing stm32f10x_tim.o(i.TIM_GetCapture3), (6 bytes).
    Removing stm32f10x_tim.o(i.TIM_GetCapture4), (8 bytes).
    Removing stm32f10x_tim.o(i.TIM_GetCounter), (6 bytes).
    Removing stm32f10x_tim.o(i.TIM_GetFlagStatus), (18 bytes).
    Removing stm32f10x_tim.o(i.TIM_GetPrescaler), (6 bytes).
    Removing stm32f10x_tim.o(i.TIM_ICInit), (172 bytes).
    Removing stm32f10x_tim.o(i.TIM_ICStructInit), (18 bytes).
    Removing stm32f10x_tim.o(i.TIM_ITRxExternalClockConfig), (24 bytes).
    Removing stm32f10x_tim.o(i.TIM_InternalClockConfig), (12 bytes).
    Removing stm32f10x_tim.o(i.TIM_OC1FastConfig), (18 bytes).
    Removing stm32f10x_tim.o(i.TIM_OC1NPolarityConfig), (18 bytes).
    Removing stm32f10x_tim.o(i.TIM_OC1PolarityConfig), (18 bytes).
    Removing stm32f10x_tim.o(i.TIM_OC2FastConfig), (26 bytes).
    Removing stm32f10x_tim.o(i.TIM_OC2NPolarityConfig), (26 bytes).
    Removing stm32f10x_tim.o(i.TIM_OC2PolarityConfig), (26 bytes).
    Removing stm32f10x_tim.o(i.TIM_OC3FastConfig), (18 bytes).
    Removing stm32f10x_tim.o(i.TIM_OC3NPolarityConfig), (26 bytes).
    Removing stm32f10x_tim.o(i.TIM_OC3PolarityConfig), (26 bytes).
    Removing stm32f10x_tim.o(i.TIM_OC4FastConfig), (26 bytes).
    Removing stm32f10x_tim.o(i.TIM_OC4PolarityConfig), (26 bytes).
    Removing stm32f10x_tim.o(i.TIM_OCStructInit), (20 bytes).
    Removing stm32f10x_tim.o(i.TIM_PWMIConfig), (124 bytes).
    Removing stm32f10x_tim.o(i.TIM_PrescalerConfig), (6 bytes).
    Removing stm32f10x_tim.o(i.TIM_SelectCCDMA), (24 bytes).
    Removing stm32f10x_tim.o(i.TIM_SelectCOM), (24 bytes).
    Removing stm32f10x_tim.o(i.TIM_SelectHallSensor), (24 bytes).
    Removing stm32f10x_tim.o(i.TIM_SelectInputTrigger), (18 bytes).
    Removing stm32f10x_tim.o(i.TIM_SelectMasterSlaveMode), (18 bytes).
    Removing stm32f10x_tim.o(i.TIM_SelectOCxM), (82 bytes).
    Removing stm32f10x_tim.o(i.TIM_SelectOnePulseMode), (18 bytes).
    Removing stm32f10x_tim.o(i.TIM_SelectOutputTrigger), (18 bytes).
    Removing stm32f10x_tim.o(i.TIM_SelectSlaveMode), (18 bytes).
    Removing stm32f10x_tim.o(i.TIM_SetAutoreload), (4 bytes).
    Removing stm32f10x_tim.o(i.TIM_SetClockDivision), (18 bytes).
    Removing stm32f10x_tim.o(i.TIM_SetCounter), (4 bytes).
    Removing stm32f10x_tim.o(i.TIM_SetIC1Prescaler), (18 bytes).
    Removing stm32f10x_tim.o(i.TIM_SetIC2Prescaler), (26 bytes).
    Removing stm32f10x_tim.o(i.TIM_SetIC3Prescaler), (18 bytes).
    Removing stm32f10x_tim.o(i.TIM_SetIC4Prescaler), (26 bytes).
    Removing stm32f10x_tim.o(i.TIM_TIxExternalClockConfig), (62 bytes).
    Removing stm32f10x_tim.o(i.TIM_TimeBaseStructInit), (18 bytes).
    Removing stm32f10x_tim.o(i.TIM_UpdateDisableConfig), (24 bytes).
    Removing stm32f10x_tim.o(i.TIM_UpdateRequestConfig), (24 bytes).
    Removing stm32f10x_usart.o(i.USART_ClearITPendingBit), (30 bytes).
    Removing stm32f10x_usart.o(i.USART_ClockInit), (34 bytes).
    Removing stm32f10x_usart.o(i.USART_ClockStructInit), (12 bytes).
    Removing stm32f10x_usart.o(i.USART_DMACmd), (18 bytes).
    Removing stm32f10x_usart.o(i.USART_DeInit), (156 bytes).
    Removing stm32f10x_usart.o(i.USART_GetFlagStatus), (26 bytes).
    Removing stm32f10x_usart.o(i.USART_HalfDuplexCmd), (24 bytes).
    Removing stm32f10x_usart.o(i.USART_IrDACmd), (24 bytes).
    Removing stm32f10x_usart.o(i.USART_IrDAConfig), (18 bytes).
    Removing stm32f10x_usart.o(i.USART_LINBreakDetectLengthConfig), (18 bytes).
    Removing stm32f10x_usart.o(i.USART_LINCmd), (24 bytes).
    Removing stm32f10x_usart.o(i.USART_OneBitMethodCmd), (24 bytes).
    Removing stm32f10x_usart.o(i.USART_OverSampling8Cmd), (22 bytes).
    Removing stm32f10x_usart.o(i.USART_ReceiverWakeUpCmd), (24 bytes).
    Removing stm32f10x_usart.o(i.USART_SendBreak), (10 bytes).
    Removing stm32f10x_usart.o(i.USART_SendData), (8 bytes).
    Removing stm32f10x_usart.o(i.USART_SetAddress), (18 bytes).
    Removing stm32f10x_usart.o(i.USART_SetGuardTime), (16 bytes).
    Removing stm32f10x_usart.o(i.USART_SetPrescaler), (16 bytes).
    Removing stm32f10x_usart.o(i.USART_SmartCardCmd), (24 bytes).
    Removing stm32f10x_usart.o(i.USART_SmartCardNACKCmd), (24 bytes).
    Removing stm32f10x_usart.o(i.USART_StructInit), (24 bytes).
    Removing stm32f10x_usart.o(i.USART_WakeUpConfig), (18 bytes).
    Removing stm32f10x_wwdg.o(i.WWDG_ClearFlag), (12 bytes).
    Removing stm32f10x_wwdg.o(i.WWDG_DeInit), (22 bytes).
    Removing stm32f10x_wwdg.o(i.WWDG_Enable), (16 bytes).
    Removing stm32f10x_wwdg.o(i.WWDG_EnableIT), (12 bytes).
    Removing stm32f10x_wwdg.o(i.WWDG_GetFlagStatus), (12 bytes).
    Removing stm32f10x_wwdg.o(i.WWDG_SetCounter), (16 bytes).
    Removing stm32f10x_wwdg.o(i.WWDG_SetPrescaler), (24 bytes).
    Removing stm32f10x_wwdg.o(i.WWDG_SetWindowValue), (40 bytes).
    Removing dfixul.o(.text), (48 bytes).
    Removing cdrcmple.o(.text), (48 bytes).

441 unused section(s) (total 17606 bytes) removed from the image.

==============================================================================

Image Symbol Table

    Local Symbols

    Symbol Name                              Value     Ov Type        Size  Object(Section)

    ../clib/microlib/division.c              0x00000000   Number         0  uidiv.o ABSOLUTE
    ../clib/microlib/division.c              0x00000000   Number         0  uldiv.o ABSOLUTE
    ../clib/microlib/init/entry.s            0x00000000   Number         0  entry11a.o ABSOLUTE
    ../clib/microlib/init/entry.s            0x00000000   Number         0  entry10b.o ABSOLUTE
    ../clib/microlib/init/entry.s            0x00000000   Number         0  entry7a.o ABSOLUTE
    ../clib/microlib/init/entry.s            0x00000000   Number         0  entry10a.o ABSOLUTE
    ../clib/microlib/init/entry.s            0x00000000   Number         0  entry5.o ABSOLUTE
    ../clib/microlib/init/entry.s            0x00000000   Number         0  entry9a.o ABSOLUTE
    ../clib/microlib/init/entry.s            0x00000000   Number         0  entry8b.o ABSOLUTE
    ../clib/microlib/init/entry.s            0x00000000   Number         0  entry8a.o ABSOLUTE
    ../clib/microlib/init/entry.s            0x00000000   Number         0  entry7b.o ABSOLUTE
    ../clib/microlib/init/entry.s            0x00000000   Number         0  entry9b.o ABSOLUTE
    ../clib/microlib/init/entry.s            0x00000000   Number         0  entry2.o ABSOLUTE
    ../clib/microlib/init/entry.s            0x00000000   Number         0  entry11b.o ABSOLUTE
    ../clib/microlib/init/entry.s            0x00000000   Number         0  entry.o ABSOLUTE
    ../clib/microlib/longlong.c              0x00000000   Number         0  llushr.o ABSOLUTE
    ../clib/microlib/longlong.c              0x00000000   Number         0  llsshr.o ABSOLUTE
    ../clib/microlib/longlong.c              0x00000000   Number         0  llshl.o ABSOLUTE
    ../clib/microlib/printf/printf.c         0x00000000   Number         0  printf4.o ABSOLUTE
    ../clib/microlib/printf/printf.c         0x00000000   Number         0  printf5.o ABSOLUTE
    ../clib/microlib/printf/printf.c         0x00000000   Number         0  printf6.o ABSOLUTE
    ../clib/microlib/printf/printf.c         0x00000000   Number         0  printf7.o ABSOLUTE
    ../clib/microlib/printf/printf.c         0x00000000   Number         0  printf8.o ABSOLUTE
    ../clib/microlib/printf/printf.c         0x00000000   Number         0  printfa.o ABSOLUTE
    ../clib/microlib/printf/printf.c         0x00000000   Number         0  printfb.o ABSOLUTE
    ../clib/microlib/printf/printf.c         0x00000000   Number         0  printf0.o ABSOLUTE
    ../clib/microlib/printf/printf.c         0x00000000   Number         0  printf1.o ABSOLUTE
    ../clib/microlib/printf/printf.c         0x00000000   Number         0  printf2.o ABSOLUTE
    ../clib/microlib/printf/printf.c         0x00000000   Number         0  printf3.o ABSOLUTE
    ../clib/microlib/printf/stubs.s          0x00000000   Number         0  stubs.o ABSOLUTE
    ../clib/microlib/stubs.s                 0x00000000   Number         0  iusefp.o ABSOLUTE
    ../clib/microlib/stubs.s                 0x00000000   Number         0  useno.o ABSOLUTE
    ../fplib/microlib/d2f.c                  0x00000000   Number         0  d2f.o ABSOLUTE
    ../fplib/microlib/fpadd.c                0x00000000   Number         0  fadd.o ABSOLUTE
    ../fplib/microlib/fpadd.c                0x00000000   Number         0  dadd.o ABSOLUTE
    ../fplib/microlib/fpdiv.c                0x00000000   Number         0  ddiv.o ABSOLUTE
    ../fplib/microlib/fpepilogue.c           0x00000000   Number         0  depilogue.o ABSOLUTE
    ../fplib/microlib/fpepilogue.c           0x00000000   Number         0  fepilogue.o ABSOLUTE
    ../fplib/microlib/fpfix.c                0x00000000   Number         0  dfixul.o ABSOLUTE
    ../fplib/microlib/fpfix.c                0x00000000   Number         0  ffixi.o ABSOLUTE
    ../fplib/microlib/fpflt.c                0x00000000   Number         0  fflti.o ABSOLUTE
    ../fplib/microlib/fpflt.c                0x00000000   Number         0  dflti.o ABSOLUTE
    ../fplib/microlib/fpmul.c                0x00000000   Number         0  dmul.o ABSOLUTE
    ../fplib/microlib/fpmul.c                0x00000000   Number         0  fmul.o ABSOLUTE
    ..\CORE\core_cm3.c                       0x00000000   Number         0  core_cm3.o ABSOLUTE
    ..\CORE\startup_stm32f10x_hd.s           0x00000000   Number         0  startup_stm32f10x_hd.o ABSOLUTE
    ..\HARDWARE\ADC\ADC.c                    0x00000000   Number         0  adc.o ABSOLUTE
    ..\HARDWARE\JY61\JY61.c                  0x00000000   Number         0  jy61.o ABSOLUTE
    ..\HARDWARE\LED\LED.c                    0x00000000   Number         0  led.o ABSOLUTE
    ..\HARDWARE\Motor\Motor.c                0x00000000   Number         0  motor.o ABSOLUTE
    ..\HARDWARE\encoder\encoder.c            0x00000000   Number         0  encoder.o ABSOLUTE
    ..\HARDWARE\timer\timer.c                0x00000000   Number         0  timer.o ABSOLUTE
    ..\STM32F10x_FWLib\src\misc.c            0x00000000   Number         0  misc.o ABSOLUTE
    ..\STM32F10x_FWLib\src\stm32f10x_adc.c   0x00000000   Number         0  stm32f10x_adc.o ABSOLUTE
    ..\STM32F10x_FWLib\src\stm32f10x_bkp.c   0x00000000   Number         0  stm32f10x_bkp.o ABSOLUTE
    ..\STM32F10x_FWLib\src\stm32f10x_can.c   0x00000000   Number         0  stm32f10x_can.o ABSOLUTE
    ..\STM32F10x_FWLib\src\stm32f10x_cec.c   0x00000000   Number         0  stm32f10x_cec.o ABSOLUTE
    ..\STM32F10x_FWLib\src\stm32f10x_crc.c   0x00000000   Number         0  stm32f10x_crc.o ABSOLUTE
    ..\STM32F10x_FWLib\src\stm32f10x_dac.c   0x00000000   Number         0  stm32f10x_dac.o ABSOLUTE
    ..\STM32F10x_FWLib\src\stm32f10x_dbgmcu.c 0x00000000   Number         0  stm32f10x_dbgmcu.o ABSOLUTE
    ..\STM32F10x_FWLib\src\stm32f10x_dma.c   0x00000000   Number         0  stm32f10x_dma.o ABSOLUTE
    ..\STM32F10x_FWLib\src\stm32f10x_exti.c  0x00000000   Number         0  stm32f10x_exti.o ABSOLUTE
    ..\STM32F10x_FWLib\src\stm32f10x_flash.c 0x00000000   Number         0  stm32f10x_flash.o ABSOLUTE
    ..\STM32F10x_FWLib\src\stm32f10x_fsmc.c  0x00000000   Number         0  stm32f10x_fsmc.o ABSOLUTE
    ..\STM32F10x_FWLib\src\stm32f10x_gpio.c  0x00000000   Number         0  stm32f10x_gpio.o ABSOLUTE
    ..\STM32F10x_FWLib\src\stm32f10x_i2c.c   0x00000000   Number         0  stm32f10x_i2c.o ABSOLUTE
    ..\STM32F10x_FWLib\src\stm32f10x_iwdg.c  0x00000000   Number         0  stm32f10x_iwdg.o ABSOLUTE
    ..\STM32F10x_FWLib\src\stm32f10x_pwr.c   0x00000000   Number         0  stm32f10x_pwr.o ABSOLUTE
    ..\STM32F10x_FWLib\src\stm32f10x_rcc.c   0x00000000   Number         0  stm32f10x_rcc.o ABSOLUTE
    ..\STM32F10x_FWLib\src\stm32f10x_rtc.c   0x00000000   Number         0  stm32f10x_rtc.o ABSOLUTE
    ..\STM32F10x_FWLib\src\stm32f10x_sdio.c  0x00000000   Number         0  stm32f10x_sdio.o ABSOLUTE
    ..\STM32F10x_FWLib\src\stm32f10x_spi.c   0x00000000   Number         0  stm32f10x_spi.o ABSOLUTE
    ..\STM32F10x_FWLib\src\stm32f10x_tim.c   0x00000000   Number         0  stm32f10x_tim.o ABSOLUTE
    ..\STM32F10x_FWLib\src\stm32f10x_usart.c 0x00000000   Number         0  stm32f10x_usart.o ABSOLUTE
    ..\STM32F10x_FWLib\src\stm32f10x_wwdg.c  0x00000000   Number         0  stm32f10x_wwdg.o ABSOLUTE
    ..\SYSTEM\delay\delay.c                  0x00000000   Number         0  delay.o ABSOLUTE
    ..\SYSTEM\sys\sys.c                      0x00000000   Number         0  sys.o ABSOLUTE
    ..\SYSTEM\usart\usart.c                  0x00000000   Number         0  usart.o ABSOLUTE
    ..\\CORE\\core_cm3.c                     0x00000000   Number         0  core_cm3.o ABSOLUTE
    ..\\SYSTEM\\sys\\sys.c                   0x00000000   Number         0  sys.o ABSOLUTE
    cdrcmple.s                               0x00000000   Number         0  cdrcmple.o ABSOLUTE
    dc.s                                     0x00000000   Number         0  dc.o ABSOLUTE
    handlers.s                               0x00000000   Number         0  handlers.o ABSOLUTE
    init.s                                   0x00000000   Number         0  init.o ABSOLUTE
    main.c                                   0x00000000   Number         0  main.o ABSOLUTE
    stm32f10x_it.c                           0x00000000   Number         0  stm32f10x_it.o ABSOLUTE
    system_stm32f10x.c                       0x00000000   Number         0  system_stm32f10x.o ABSOLUTE
    RESET                                    0x08000000   Section      304  startup_stm32f10x_hd.o(RESET)
    .ARM.Collect$$$$00000000                 0x08000130   Section        0  entry.o(.ARM.Collect$$$$00000000)
    .ARM.Collect$$$$00000001                 0x08000130   Section        4  entry2.o(.ARM.Collect$$$$00000001)
    .ARM.Collect$$$$00000004                 0x08000134   Section        4  entry5.o(.ARM.Collect$$$$00000004)
    .ARM.Collect$$$$00000008                 0x08000138   Section        0  entry7b.o(.ARM.Collect$$$$00000008)
    .ARM.Collect$$$$0000000A                 0x08000138   Section        0  entry8b.o(.ARM.Collect$$$$0000000A)
    .ARM.Collect$$$$0000000B                 0x08000138   Section        8  entry9a.o(.ARM.Collect$$$$0000000B)
    .ARM.Collect$$$$0000000D                 0x08000140   Section        0  entry10a.o(.ARM.Collect$$$$0000000D)
    .ARM.Collect$$$$0000000F                 0x08000140   Section        0  entry11a.o(.ARM.Collect$$$$0000000F)
    .ARM.Collect$$$$00002712                 0x08000140   Section        4  entry2.o(.ARM.Collect$$$$00002712)
    __lit__00000000                          0x08000140   Data           4  entry2.o(.ARM.Collect$$$$00002712)
    .text                                    0x08000144   Section       36  startup_stm32f10x_hd.o(.text)
    .text                                    0x08000168   Section        0  fadd.o(.text)
    .text                                    0x08000218   Section        0  fmul.o(.text)
    .text                                    0x0800027c   Section        0  dadd.o(.text)
    .text                                    0x080003ca   Section        0  dmul.o(.text)
    .text                                    0x080004ae   Section        0  ddiv.o(.text)
    .text                                    0x0800058c   Section        0  fflti.o(.text)
    .text                                    0x0800059e   Section        0  dflti.o(.text)
    .text                                    0x080005c0   Section        0  ffixi.o(.text)
    .text                                    0x080005f2   Section        0  d2f.o(.text)
    .text                                    0x0800062a   Section        0  uidiv.o(.text)
    .text                                    0x08000656   Section        0  llshl.o(.text)
    .text                                    0x08000674   Section        0  llsshr.o(.text)
    .text                                    0x08000698   Section        0  iusefp.o(.text)
    .text                                    0x08000698   Section        0  fepilogue.o(.text)
    .text                                    0x08000706   Section        0  depilogue.o(.text)
    .text                                    0x080007c0   Section       36  init.o(.text)
    .text                                    0x080007e4   Section        0  llushr.o(.text)
    i.ADC_ClearFlag                          0x08000804   Section        0  stm32f10x_adc.o(i.ADC_ClearFlag)
    i.ADC_Cmd                                0x0800080a   Section        0  stm32f10x_adc.o(i.ADC_Cmd)
    i.ADC_DeInit                             0x08000820   Section        0  stm32f10x_adc.o(i.ADC_DeInit)
    i.ADC_GetCalibrationStatus               0x0800087c   Section        0  stm32f10x_adc.o(i.ADC_GetCalibrationStatus)
    i.ADC_GetResetCalibrationStatus          0x08000890   Section        0  stm32f10x_adc.o(i.ADC_GetResetCalibrationStatus)
    i.ADC_ITConfig                           0x080008a4   Section        0  stm32f10x_adc.o(i.ADC_ITConfig)
    i.ADC_Init                               0x080008bc   Section        0  stm32f10x_adc.o(i.ADC_Init)
    i.ADC_ResetCalibration                   0x0800090c   Section        0  stm32f10x_adc.o(i.ADC_ResetCalibration)
    i.ADC_SoftwareStartConvCmd               0x08000916   Section        0  stm32f10x_adc.o(i.ADC_SoftwareStartConvCmd)
    i.ADC_StartCalibration                   0x0800092c   Section        0  stm32f10x_adc.o(i.ADC_StartCalibration)
    i.Adc_Init                               0x08000938   Section        0  adc.o(i.Adc_Init)
    i.BusFault_Handler                       0x080009e0   Section        0  stm32f10x_it.o(i.BusFault_Handler)
    i.DebugMon_Handler                       0x080009e4   Section        0  stm32f10x_it.o(i.DebugMon_Handler)
    i.Delay_init                             0x080009e8   Section        0  delay.o(i.Delay_init)
    i.EXTI0_IRQHandler                       0x08000a2c   Section        0  encoder.o(i.EXTI0_IRQHandler)
    i.EXTI1_IRQHandler                       0x08000a84   Section        0  encoder.o(i.EXTI1_IRQHandler)
    i.EXTI9_5_IRQHandler                     0x08000ae0   Section        0  encoder.o(i.EXTI9_5_IRQHandler)
    i.EXTI_GetITStatus                       0x08000b94   Section        0  stm32f10x_exti.o(i.EXTI_GetITStatus)
    i.EXTI_Init                              0x08000bbc   Section        0  stm32f10x_exti.o(i.EXTI_Init)
    i.Encoder_Init                           0x08000c50   Section        0  encoder.o(i.Encoder_Init)
    i.Encoder_Init_TIM_Exit0                 0x08000c64   Section        0  encoder.o(i.Encoder_Init_TIM_Exit0)
    i.Encoder_Init_TIM_Exit1                 0x08000cd4   Section        0  encoder.o(i.Encoder_Init_TIM_Exit1)
    i.Encoder_Init_TIM_Exit6                 0x08000d44   Section        0  encoder.o(i.Encoder_Init_TIM_Exit6)
    i.Encoder_Init_TIM_Exit7                 0x08000db0   Section        0  encoder.o(i.Encoder_Init_TIM_Exit7)
    i.GPIO_EXTILineConfig                    0x08000e20   Section        0  stm32f10x_gpio.o(i.GPIO_EXTILineConfig)
    i.GPIO_Init                              0x08000e60   Section        0  stm32f10x_gpio.o(i.GPIO_Init)
    i.GPIO_SetBits                           0x08000f76   Section        0  stm32f10x_gpio.o(i.GPIO_SetBits)
    i.HardFault_Handler                      0x08000f7a   Section        0  stm32f10x_it.o(i.HardFault_Handler)
    i.Incremental_PI_A                       0x08000f80   Section        0  motor.o(i.Incremental_PI_A)
    i.Incremental_PI_B                       0x08001038   Section        0  motor.o(i.Incremental_PI_B)
    i.LED_Init                               0x080010e4   Section        0  led.o(i.LED_Init)
    i.MemManage_Handler                      0x08001118   Section        0  stm32f10x_it.o(i.MemManage_Handler)
    i.Motor_Gpio_init                        0x0800111c   Section        0  motor.o(i.Motor_Gpio_init)
    i.Motor_Init                             0x08001148   Section        0  motor.o(i.Motor_Init)
    i.NMI_Handler                            0x0800115a   Section        0  stm32f10x_it.o(i.NMI_Handler)
    i.NVIC_Init                              0x0800115c   Section        0  misc.o(i.NVIC_Init)
    i.NVIC_PriorityGroupConfig               0x080011cc   Section        0  misc.o(i.NVIC_PriorityGroupConfig)
    i.PWM2_Init                              0x080011e0   Section        0  motor.o(i.PWM2_Init)
    i.PendSV_Handler                         0x0800128c   Section        0  stm32f10x_it.o(i.PendSV_Handler)
    i.RCC_ADCCLKConfig                       0x08001290   Section        0  stm32f10x_rcc.o(i.RCC_ADCCLKConfig)
    i.RCC_APB1PeriphClockCmd                 0x080012a8   Section        0  stm32f10x_rcc.o(i.RCC_APB1PeriphClockCmd)
    i.RCC_APB2PeriphClockCmd                 0x080012c8   Section        0  stm32f10x_rcc.o(i.RCC_APB2PeriphClockCmd)
    i.RCC_APB2PeriphResetCmd                 0x080012e8   Section        0  stm32f10x_rcc.o(i.RCC_APB2PeriphResetCmd)
    i.RCC_GetClocksFreq                      0x08001308   Section        0  stm32f10x_rcc.o(i.RCC_GetClocksFreq)
    i.Read_Encoder                           0x080013dc   Section        0  encoder.o(i.Read_Encoder)
    i.SVC_Handler                            0x08001414   Section        0  stm32f10x_it.o(i.SVC_Handler)
    i.SetSysClock                            0x08001416   Section        0  system_stm32f10x.o(i.SetSysClock)
    SetSysClock                              0x08001417   Thumb Code     8  system_stm32f10x.o(i.SetSysClock)
    i.SetSysClockTo72                        0x08001420   Section        0  system_stm32f10x.o(i.SetSysClockTo72)
    SetSysClockTo72                          0x08001421   Thumb Code   214  system_stm32f10x.o(i.SetSysClockTo72)
    i.Set_Pwm_Motor1                         0x08001500   Section        0  motor.o(i.Set_Pwm_Motor1)
    i.Set_Pwm_Motor2                         0x08001530   Section        0  motor.o(i.Set_Pwm_Motor2)
    i.SysTick_CLKSourceConfig                0x08001560   Section        0  misc.o(i.SysTick_CLKSourceConfig)
    i.SysTick_Handler                        0x08001588   Section        0  stm32f10x_it.o(i.SysTick_Handler)
    i.SystemInit                             0x0800158c   Section        0  system_stm32f10x.o(i.SystemInit)
    i.TIM1_Int_Init                          0x080015ec   Section        0  timer.o(i.TIM1_Int_Init)
    i.TIM1_UP_IRQHandler                     0x08001650   Section        0  timer.o(i.TIM1_UP_IRQHandler)
    i.TIM_ClearITPendingBit                  0x080016ec   Section        0  stm32f10x_tim.o(i.TIM_ClearITPendingBit)
    i.TIM_Cmd                                0x080016f2   Section        0  stm32f10x_tim.o(i.TIM_Cmd)
    i.TIM_GetITStatus                        0x0800170a   Section        0  stm32f10x_tim.o(i.TIM_GetITStatus)
    i.TIM_ITConfig                           0x0800172c   Section        0  stm32f10x_tim.o(i.TIM_ITConfig)
    i.TIM_OC1Init                            0x08001740   Section        0  stm32f10x_tim.o(i.TIM_OC1Init)
    i.TIM_OC1PreloadConfig                   0x080017d8   Section        0  stm32f10x_tim.o(i.TIM_OC1PreloadConfig)
    i.TIM_OC2Init                            0x080017ec   Section        0  stm32f10x_tim.o(i.TIM_OC2Init)
    i.TIM_OC2PreloadConfig                   0x08001890   Section        0  stm32f10x_tim.o(i.TIM_OC2PreloadConfig)
    i.TIM_OC3Init                            0x080018ac   Section        0  stm32f10x_tim.o(i.TIM_OC3Init)
    i.TIM_OC3PreloadConfig                   0x0800194c   Section        0  stm32f10x_tim.o(i.TIM_OC3PreloadConfig)
    i.TIM_OC4Init                            0x08001960   Section        0  stm32f10x_tim.o(i.TIM_OC4Init)
    i.TIM_OC4PreloadConfig                   0x080019dc   Section        0  stm32f10x_tim.o(i.TIM_OC4PreloadConfig)
    i.TIM_SetCompare1                        0x080019f6   Section        0  stm32f10x_tim.o(i.TIM_SetCompare1)
    i.TIM_SetCompare2                        0x080019fa   Section        0  stm32f10x_tim.o(i.TIM_SetCompare2)
    i.TIM_SetCompare3                        0x080019fe   Section        0  stm32f10x_tim.o(i.TIM_SetCompare3)
    i.TIM_SetCompare4                        0x08001a02   Section        0  stm32f10x_tim.o(i.TIM_SetCompare4)
    i.TIM_TimeBaseInit                       0x08001a08   Section        0  stm32f10x_tim.o(i.TIM_TimeBaseInit)
    i.USART1_IRQHandler                      0x08001aac   Section        0  usart.o(i.USART1_IRQHandler)
    i.USART3_IRQHandler                      0x08001b34   Section        0  jy61.o(i.USART3_IRQHandler)
    i.USART_ClearFlag                        0x08001bac   Section        0  stm32f10x_usart.o(i.USART_ClearFlag)
    i.USART_Cmd                              0x08001bbe   Section        0  stm32f10x_usart.o(i.USART_Cmd)
    i.USART_GetITStatus                      0x08001bd6   Section        0  stm32f10x_usart.o(i.USART_GetITStatus)
    i.USART_ITConfig                         0x08001c2a   Section        0  stm32f10x_usart.o(i.USART_ITConfig)
    i.USART_Init                             0x08001c74   Section        0  stm32f10x_usart.o(i.USART_Init)
    i.USART_ReceiveData                      0x08001d4c   Section        0  stm32f10x_usart.o(i.USART_ReceiveData)
    i.UsageFault_Handler                     0x08001d56   Section        0  stm32f10x_it.o(i.UsageFault_Handler)
    i.Xianfu_Pwm                             0x08001d5c   Section        0  motor.o(i.Xianfu_Pwm)
    i.__0printf$1                            0x08001da4   Section        0  printf1.o(i.__0printf$1)
    i.__scatterload_copy                     0x08001dc4   Section       14  handlers.o(i.__scatterload_copy)
    i.__scatterload_null                     0x08001dd2   Section        2  handlers.o(i.__scatterload_null)
    i.__scatterload_zeroinit                 0x08001dd4   Section       14  handlers.o(i.__scatterload_zeroinit)
    i._printf_core                           0x08001de4   Section        0  printf1.o(i._printf_core)
    _printf_core                             0x08001de5   Thumb Code   336  printf1.o(i._printf_core)
    i.fputc                                  0x08001f38   Section        0  usart.o(i.fputc)
    i.imu_date                               0x08001f54   Section        0  jy61.o(i.imu_date)
    i.main                                   0x0800221c   Section        0  main.o(i.main)
    i.uart3_init                             0x08002250   Section        0  jy61.o(i.uart3_init)
    i.uart_init                              0x08002308   Section        0  usart.o(i.uart_init)
    .data                                    0x20000000   Section       20  system_stm32f10x.o(.data)
    .data                                    0x20000014   Section       60  motor.o(.data)
    BiasA                                    0x2000002c   Data           4  motor.o(.data)
    PwmA                                     0x20000030   Data           4  motor.o(.data)
    Last_biasA                               0x20000034   Data           4  motor.o(.data)
    Integral_biasA                           0x20000038   Data           4  motor.o(.data)
    tiaojie                                  0x2000003c   Data           4  motor.o(.data)
    BiasB                                    0x20000040   Data           4  motor.o(.data)
    PwmB                                     0x20000044   Data           4  motor.o(.data)
    Last_biasB                               0x20000048   Data           4  motor.o(.data)
    Integral_biasB                           0x2000004c   Data           4  motor.o(.data)
    .data                                    0x20000050   Section        8  encoder.o(.data)
    .data                                    0x20000058   Section       28  timer.o(.data)
    .data                                    0x20000074   Section       16  jy61.o(.data)
    .data                                    0x20000084   Section        4  delay.o(.data)
    fac_us                                   0x20000084   Data           1  delay.o(.data)
    fac_ms                                   0x20000086   Data           2  delay.o(.data)
    .data                                    0x20000088   Section        6  usart.o(.data)
    .data                                    0x2000008e   Section       20  stm32f10x_rcc.o(.data)
    APBAHBPrescTable                         0x2000008e   Data          16  stm32f10x_rcc.o(.data)
    ADCPrescTable                            0x2000009e   Data           4  stm32f10x_rcc.o(.data)
    .bss                                     0x200000a4   Section       72  jy61.o(.bss)
    Temp_date                                0x200000af   Data          11  jy61.o(.bss)
    .bss                                     0x200000ec   Section      200  usart.o(.bss)
    STACK                                    0x200001b8   Section     1024  startup_stm32f10x_hd.o(STACK)

    Global Symbols

    Symbol Name                              Value     Ov Type        Size  Object(Section)

    BuildAttributes$$THM_ISAv4$P$D$K$B$S$PE$A:L22UL41UL21$X:L11$S22US41US21$IEEE1$IW$USESV6$~STKCKD$USESV7$~SHL$OTIME$ROPI$EBA8$MICROLIB$REQ8$PRES8$EABIv2 0x00000000   Number         0  anon$$obj.o ABSOLUTE
    __ARM_use_no_argv                        0x00000000   Number         0  main.o ABSOLUTE
    __use_no_errno                           0x00000000   Number         0  useno.o ABSOLUTE
    __use_no_exception_handling              0x00000000   Number         0  useno.o ABSOLUTE
    __use_no_fp                              0x00000000   Number         0  useno.o ABSOLUTE
    __use_no_heap                            0x00000000   Number         0  useno.o ABSOLUTE
    __use_no_heap_region                     0x00000000   Number         0  useno.o ABSOLUTE
    __use_no_semihosting                     0x00000000   Number         0  useno.o ABSOLUTE
    __use_no_semihosting_swi                 0x00000000   Number         0  useno.o ABSOLUTE
    __use_no_signal_handling                 0x00000000   Number         0  useno.o ABSOLUTE
    _printf_a                                0x00000000   Number         0  stubs.o ABSOLUTE
    _printf_c                                0x00000000   Number         0  stubs.o ABSOLUTE
    _printf_charcount                        0x00000000   Number         0  stubs.o ABSOLUTE
    _printf_d                                0x00000000   Number         0  stubs.o ABSOLUTE
    _printf_e                                0x00000000   Number         0  stubs.o ABSOLUTE
    _printf_f                                0x00000000   Number         0  stubs.o ABSOLUTE
    _printf_flags                            0x00000000   Number         0  stubs.o ABSOLUTE
    _printf_fp_dec                           0x00000000   Number         0  stubs.o ABSOLUTE
    _printf_fp_hex                           0x00000000   Number         0  stubs.o ABSOLUTE
    _printf_g                                0x00000000   Number         0  stubs.o ABSOLUTE
    _printf_i                                0x00000000   Number         0  stubs.o ABSOLUTE
    _printf_int_dec                          0x00000000   Number         0  stubs.o ABSOLUTE
    _printf_l                                0x00000000   Number         0  stubs.o ABSOLUTE
    _printf_lc                               0x00000000   Number         0  stubs.o ABSOLUTE
    _printf_ll                               0x00000000   Number         0  stubs.o ABSOLUTE
    _printf_lld                              0x00000000   Number         0  stubs.o ABSOLUTE
    _printf_lli                              0x00000000   Number         0  stubs.o ABSOLUTE
    _printf_llo                              0x00000000   Number         0  stubs.o ABSOLUTE
    _printf_llu                              0x00000000   Number         0  stubs.o ABSOLUTE
    _printf_llx                              0x00000000   Number         0  stubs.o ABSOLUTE
    _printf_longlong_dec                     0x00000000   Number         0  stubs.o ABSOLUTE
    _printf_longlong_hex                     0x00000000   Number         0  stubs.o ABSOLUTE
    _printf_longlong_oct                     0x00000000   Number         0  stubs.o ABSOLUTE
    _printf_ls                               0x00000000   Number         0  stubs.o ABSOLUTE
    _printf_mbtowc                           0x00000000   Number         0  stubs.o ABSOLUTE
    _printf_n                                0x00000000   Number         0  stubs.o ABSOLUTE
    _printf_o                                0x00000000   Number         0  stubs.o ABSOLUTE
    _printf_p                                0x00000000   Number         0  stubs.o ABSOLUTE
    _printf_percent                          0x00000000   Number         0  stubs.o ABSOLUTE
    _printf_pre_padding                      0x00000000   Number         0  stubs.o ABSOLUTE
    _printf_return_value                     0x00000000   Number         0  stubs.o ABSOLUTE
    _printf_s                                0x00000000   Number         0  stubs.o ABSOLUTE
    _printf_sizespec                         0x00000000   Number         0  stubs.o ABSOLUTE
    _printf_str                              0x00000000   Number         0  stubs.o ABSOLUTE
    _printf_truncate_signed                  0x00000000   Number         0  stubs.o ABSOLUTE
    _printf_truncate_unsigned                0x00000000   Number         0  stubs.o ABSOLUTE
    _printf_u                                0x00000000   Number         0  stubs.o ABSOLUTE
    _printf_wc                               0x00000000   Number         0  stubs.o ABSOLUTE
    _printf_wctomb                           0x00000000   Number         0  stubs.o ABSOLUTE
    _printf_widthprec                        0x00000000   Number         0  stubs.o ABSOLUTE
    _printf_x                                0x00000000   Number         0  stubs.o ABSOLUTE
    __cpp_initialize__aeabi_                  - Undefined Weak Reference
    __cxa_finalize                            - Undefined Weak Reference
    __decompress                              - Undefined Weak Reference
    _clock_init                               - Undefined Weak Reference
    _microlib_exit                            - Undefined Weak Reference
    __Vectors_Size                           0x00000130   Number         0  startup_stm32f10x_hd.o ABSOLUTE
    __Vectors                                0x08000000   Data           4  startup_stm32f10x_hd.o(RESET)
    __Vectors_End                            0x08000130   Data           0  startup_stm32f10x_hd.o(RESET)
    __main                                   0x08000131   Thumb Code     0  entry.o(.ARM.Collect$$$$00000000)
    _main_stk                                0x08000131   Thumb Code     0  entry2.o(.ARM.Collect$$$$00000001)
    _main_scatterload                        0x08000135   Thumb Code     0  entry5.o(.ARM.Collect$$$$00000004)
    __main_after_scatterload                 0x08000139   Thumb Code     0  entry5.o(.ARM.Collect$$$$00000004)
    _main_clock                              0x08000139   Thumb Code     0  entry7b.o(.ARM.Collect$$$$00000008)
    _main_cpp_init                           0x08000139   Thumb Code     0  entry8b.o(.ARM.Collect$$$$0000000A)
    _main_init                               0x08000139   Thumb Code     0  entry9a.o(.ARM.Collect$$$$0000000B)
    __rt_final_cpp                           0x08000141   Thumb Code     0  entry10a.o(.ARM.Collect$$$$0000000D)
    __rt_final_exit                          0x08000141   Thumb Code     0  entry11a.o(.ARM.Collect$$$$0000000F)
    Reset_Handler                            0x08000145   Thumb Code     8  startup_stm32f10x_hd.o(.text)
    ADC1_2_IRQHandler                        0x0800015f   Thumb Code     0  startup_stm32f10x_hd.o(.text)
    ADC3_IRQHandler                          0x0800015f   Thumb Code     0  startup_stm32f10x_hd.o(.text)
    CAN1_RX1_IRQHandler                      0x0800015f   Thumb Code     0  startup_stm32f10x_hd.o(.text)
    CAN1_SCE_IRQHandler                      0x0800015f   Thumb Code     0  startup_stm32f10x_hd.o(.text)
    DMA1_Channel1_IRQHandler                 0x0800015f   Thumb Code     0  startup_stm32f10x_hd.o(.text)
    DMA1_Channel2_IRQHandler                 0x0800015f   Thumb Code     0  startup_stm32f10x_hd.o(.text)
    DMA1_Channel3_IRQHandler                 0x0800015f   Thumb Code     0  startup_stm32f10x_hd.o(.text)
    DMA1_Channel4_IRQHandler                 0x0800015f   Thumb Code     0  startup_stm32f10x_hd.o(.text)
    DMA1_Channel5_IRQHandler                 0x0800015f   Thumb Code     0  startup_stm32f10x_hd.o(.text)
    DMA1_Channel6_IRQHandler                 0x0800015f   Thumb Code     0  startup_stm32f10x_hd.o(.text)
    DMA1_Channel7_IRQHandler                 0x0800015f   Thumb Code     0  startup_stm32f10x_hd.o(.text)
    DMA2_Channel1_IRQHandler                 0x0800015f   Thumb Code     0  startup_stm32f10x_hd.o(.text)
    DMA2_Channel2_IRQHandler                 0x0800015f   Thumb Code     0  startup_stm32f10x_hd.o(.text)
    DMA2_Channel3_IRQHandler                 0x0800015f   Thumb Code     0  startup_stm32f10x_hd.o(.text)
    DMA2_Channel4_5_IRQHandler               0x0800015f   Thumb Code     0  startup_stm32f10x_hd.o(.text)
    EXTI15_10_IRQHandler                     0x0800015f   Thumb Code     0  startup_stm32f10x_hd.o(.text)
    EXTI2_IRQHandler                         0x0800015f   Thumb Code     0  startup_stm32f10x_hd.o(.text)
    EXTI3_IRQHandler                         0x0800015f   Thumb Code     0  startup_stm32f10x_hd.o(.text)
    EXTI4_IRQHandler                         0x0800015f   Thumb Code     0  startup_stm32f10x_hd.o(.text)
    FLASH_IRQHandler                         0x0800015f   Thumb Code     0  startup_stm32f10x_hd.o(.text)
    FSMC_IRQHandler                          0x0800015f   Thumb Code     0  startup_stm32f10x_hd.o(.text)
    I2C1_ER_IRQHandler                       0x0800015f   Thumb Code     0  startup_stm32f10x_hd.o(.text)
    I2C1_EV_IRQHandler                       0x0800015f   Thumb Code     0  startup_stm32f10x_hd.o(.text)
    I2C2_ER_IRQHandler                       0x0800015f   Thumb Code     0  startup_stm32f10x_hd.o(.text)
    I2C2_EV_IRQHandler                       0x0800015f   Thumb Code     0  startup_stm32f10x_hd.o(.text)
    PVD_IRQHandler                           0x0800015f   Thumb Code     0  startup_stm32f10x_hd.o(.text)
    RCC_IRQHandler                           0x0800015f   Thumb Code     0  startup_stm32f10x_hd.o(.text)
    RTCAlarm_IRQHandler                      0x0800015f   Thumb Code     0  startup_stm32f10x_hd.o(.text)
    RTC_IRQHandler                           0x0800015f   Thumb Code     0  startup_stm32f10x_hd.o(.text)
    SDIO_IRQHandler                          0x0800015f   Thumb Code     0  startup_stm32f10x_hd.o(.text)
    SPI1_IRQHandler                          0x0800015f   Thumb Code     0  startup_stm32f10x_hd.o(.text)
    SPI2_IRQHandler                          0x0800015f   Thumb Code     0  startup_stm32f10x_hd.o(.text)
    SPI3_IRQHandler                          0x0800015f   Thumb Code     0  startup_stm32f10x_hd.o(.text)
    TAMPER_IRQHandler                        0x0800015f   Thumb Code     0  startup_stm32f10x_hd.o(.text)
    TIM1_BRK_IRQHandler                      0x0800015f   Thumb Code     0  startup_stm32f10x_hd.o(.text)
    TIM1_CC_IRQHandler                       0x0800015f   Thumb Code     0  startup_stm32f10x_hd.o(.text)
    TIM1_TRG_COM_IRQHandler                  0x0800015f   Thumb Code     0  startup_stm32f10x_hd.o(.text)
    TIM2_IRQHandler                          0x0800015f   Thumb Code     0  startup_stm32f10x_hd.o(.text)
    TIM3_IRQHandler                          0x0800015f   Thumb Code     0  startup_stm32f10x_hd.o(.text)
    TIM4_IRQHandler                          0x0800015f   Thumb Code     0  startup_stm32f10x_hd.o(.text)
    TIM5_IRQHandler                          0x0800015f   Thumb Code     0  startup_stm32f10x_hd.o(.text)
    TIM6_IRQHandler                          0x0800015f   Thumb Code     0  startup_stm32f10x_hd.o(.text)
    TIM7_IRQHandler                          0x0800015f   Thumb Code     0  startup_stm32f10x_hd.o(.text)
    TIM8_BRK_IRQHandler                      0x0800015f   Thumb Code     0  startup_stm32f10x_hd.o(.text)
    TIM8_CC_IRQHandler                       0x0800015f   Thumb Code     0  startup_stm32f10x_hd.o(.text)
    TIM8_TRG_COM_IRQHandler                  0x0800015f   Thumb Code     0  startup_stm32f10x_hd.o(.text)
    TIM8_UP_IRQHandler                       0x0800015f   Thumb Code     0  startup_stm32f10x_hd.o(.text)
    UART4_IRQHandler                         0x0800015f   Thumb Code     0  startup_stm32f10x_hd.o(.text)
    UART5_IRQHandler                         0x0800015f   Thumb Code     0  startup_stm32f10x_hd.o(.text)
    USART2_IRQHandler                        0x0800015f   Thumb Code     0  startup_stm32f10x_hd.o(.text)
    USBWakeUp_IRQHandler                     0x0800015f   Thumb Code     0  startup_stm32f10x_hd.o(.text)
    USB_HP_CAN1_TX_IRQHandler                0x0800015f   Thumb Code     0  startup_stm32f10x_hd.o(.text)
    USB_LP_CAN1_RX0_IRQHandler               0x0800015f   Thumb Code     0  startup_stm32f10x_hd.o(.text)
    WWDG_IRQHandler                          0x0800015f   Thumb Code     0  startup_stm32f10x_hd.o(.text)
    __aeabi_fadd                             0x08000169   Thumb Code   164  fadd.o(.text)
    __aeabi_fsub                             0x0800020d   Thumb Code     6  fadd.o(.text)
    __aeabi_frsub                            0x08000213   Thumb Code     6  fadd.o(.text)
    __aeabi_fmul                             0x08000219   Thumb Code   100  fmul.o(.text)
    __aeabi_dadd                             0x0800027d   Thumb Code   322  dadd.o(.text)
    __aeabi_dsub                             0x080003bf   Thumb Code     6  dadd.o(.text)
    __aeabi_drsub                            0x080003c5   Thumb Code     6  dadd.o(.text)
    __aeabi_dmul                             0x080003cb   Thumb Code   228  dmul.o(.text)
    __aeabi_ddiv                             0x080004af   Thumb Code   222  ddiv.o(.text)
    __aeabi_i2f                              0x0800058d   Thumb Code    18  fflti.o(.text)
    __aeabi_i2d                              0x0800059f   Thumb Code    34  dflti.o(.text)
    __aeabi_f2iz                             0x080005c1   Thumb Code    50  ffixi.o(.text)
    __aeabi_d2f                              0x080005f3   Thumb Code    56  d2f.o(.text)
    __aeabi_uidiv                            0x0800062b   Thumb Code     0  uidiv.o(.text)
    __aeabi_uidivmod                         0x0800062b   Thumb Code    44  uidiv.o(.text)
    __aeabi_llsl                             0x08000657   Thumb Code    30  llshl.o(.text)
    _ll_shift_l                              0x08000657   Thumb Code     0  llshl.o(.text)
    __aeabi_lasr                             0x08000675   Thumb Code    36  llsshr.o(.text)
    _ll_sshift_r                             0x08000675   Thumb Code     0  llsshr.o(.text)
    __I$use$fp                               0x08000699   Thumb Code     0  iusefp.o(.text)
    _float_round                             0x08000699   Thumb Code    18  fepilogue.o(.text)
    _float_epilogue                          0x080006ab   Thumb Code    92  fepilogue.o(.text)
    _double_round                            0x08000707   Thumb Code    30  depilogue.o(.text)
    _double_epilogue                         0x08000725   Thumb Code   156  depilogue.o(.text)
    __scatterload                            0x080007c1   Thumb Code    28  init.o(.text)
    __scatterload_rt2                        0x080007c1   Thumb Code     0  init.o(.text)
    __aeabi_llsr                             0x080007e5   Thumb Code    32  llushr.o(.text)
    _ll_ushift_r                             0x080007e5   Thumb Code     0  llushr.o(.text)
    ADC_ClearFlag                            0x08000805   Thumb Code     6  stm32f10x_adc.o(i.ADC_ClearFlag)
    ADC_Cmd                                  0x0800080b   Thumb Code    22  stm32f10x_adc.o(i.ADC_Cmd)
    ADC_DeInit                               0x08000821   Thumb Code    78  stm32f10x_adc.o(i.ADC_DeInit)
    ADC_GetCalibrationStatus                 0x0800087d   Thumb Code    20  stm32f10x_adc.o(i.ADC_GetCalibrationStatus)
    ADC_GetResetCalibrationStatus            0x08000891   Thumb Code    20  stm32f10x_adc.o(i.ADC_GetResetCalibrationStatus)
    ADC_ITConfig                             0x080008a5   Thumb Code    24  stm32f10x_adc.o(i.ADC_ITConfig)
    ADC_Init                                 0x080008bd   Thumb Code    70  stm32f10x_adc.o(i.ADC_Init)
    ADC_ResetCalibration                     0x0800090d   Thumb Code    10  stm32f10x_adc.o(i.ADC_ResetCalibration)
    ADC_SoftwareStartConvCmd                 0x08000917   Thumb Code    22  stm32f10x_adc.o(i.ADC_SoftwareStartConvCmd)
    ADC_StartCalibration                     0x0800092d   Thumb Code    10  stm32f10x_adc.o(i.ADC_StartCalibration)
    Adc_Init                                 0x08000939   Thumb Code   160  adc.o(i.Adc_Init)
    BusFault_Handler                         0x080009e1   Thumb Code     4  stm32f10x_it.o(i.BusFault_Handler)
    DebugMon_Handler                         0x080009e5   Thumb Code     2  stm32f10x_it.o(i.DebugMon_Handler)
    Delay_init                               0x080009e9   Thumb Code    50  delay.o(i.Delay_init)
    EXTI0_IRQHandler                         0x08000a2d   Thumb Code    76  encoder.o(i.EXTI0_IRQHandler)
    EXTI1_IRQHandler                         0x08000a85   Thumb Code    78  encoder.o(i.EXTI1_IRQHandler)
    EXTI9_5_IRQHandler                       0x08000ae1   Thumb Code   168  encoder.o(i.EXTI9_5_IRQHandler)
    EXTI_GetITStatus                         0x08000b95   Thumb Code    34  stm32f10x_exti.o(i.EXTI_GetITStatus)
    EXTI_Init                                0x08000bbd   Thumb Code   142  stm32f10x_exti.o(i.EXTI_Init)
    Encoder_Init                             0x08000c51   Thumb Code    20  encoder.o(i.Encoder_Init)
    Encoder_Init_TIM_Exit0                   0x08000c65   Thumb Code   106  encoder.o(i.Encoder_Init_TIM_Exit0)
    Encoder_Init_TIM_Exit1                   0x08000cd5   Thumb Code   106  encoder.o(i.Encoder_Init_TIM_Exit1)
    Encoder_Init_TIM_Exit6                   0x08000d45   Thumb Code   102  encoder.o(i.Encoder_Init_TIM_Exit6)
    Encoder_Init_TIM_Exit7                   0x08000db1   Thumb Code   106  encoder.o(i.Encoder_Init_TIM_Exit7)
    GPIO_EXTILineConfig                      0x08000e21   Thumb Code    60  stm32f10x_gpio.o(i.GPIO_EXTILineConfig)
    GPIO_Init                                0x08000e61   Thumb Code   278  stm32f10x_gpio.o(i.GPIO_Init)
    GPIO_SetBits                             0x08000f77   Thumb Code     4  stm32f10x_gpio.o(i.GPIO_SetBits)
    HardFault_Handler                        0x08000f7b   Thumb Code     4  stm32f10x_it.o(i.HardFault_Handler)
    Incremental_PI_A                         0x08000f81   Thumb Code   150  motor.o(i.Incremental_PI_A)
    Incremental_PI_B                         0x08001039   Thumb Code   142  motor.o(i.Incremental_PI_B)
    LED_Init                                 0x080010e5   Thumb Code    46  led.o(i.LED_Init)
    MemManage_Handler                        0x08001119   Thumb Code     4  stm32f10x_it.o(i.MemManage_Handler)
    Motor_Gpio_init                          0x0800111d   Thumb Code    38  motor.o(i.Motor_Gpio_init)
    Motor_Init                               0x08001149   Thumb Code    18  motor.o(i.Motor_Init)
    NMI_Handler                              0x0800115b   Thumb Code     2  stm32f10x_it.o(i.NMI_Handler)
    NVIC_Init                                0x0800115d   Thumb Code   100  misc.o(i.NVIC_Init)
    NVIC_PriorityGroupConfig                 0x080011cd   Thumb Code    10  misc.o(i.NVIC_PriorityGroupConfig)
    PWM2_Init                                0x080011e1   Thumb Code   168  motor.o(i.PWM2_Init)
    PendSV_Handler                           0x0800128d   Thumb Code     2  stm32f10x_it.o(i.PendSV_Handler)
    RCC_ADCCLKConfig                         0x08001291   Thumb Code    18  stm32f10x_rcc.o(i.RCC_ADCCLKConfig)
    RCC_APB1PeriphClockCmd                   0x080012a9   Thumb Code    26  stm32f10x_rcc.o(i.RCC_APB1PeriphClockCmd)
    RCC_APB2PeriphClockCmd                   0x080012c9   Thumb Code    26  stm32f10x_rcc.o(i.RCC_APB2PeriphClockCmd)
    RCC_APB2PeriphResetCmd                   0x080012e9   Thumb Code    26  stm32f10x_rcc.o(i.RCC_APB2PeriphResetCmd)
    RCC_GetClocksFreq                        0x08001309   Thumb Code   192  stm32f10x_rcc.o(i.RCC_GetClocksFreq)
    Read_Encoder                             0x080013dd   Thumb Code    48  encoder.o(i.Read_Encoder)
    SVC_Handler                              0x08001415   Thumb Code     2  stm32f10x_it.o(i.SVC_Handler)
    Set_Pwm_Motor1                           0x08001501   Thumb Code    42  motor.o(i.Set_Pwm_Motor1)
    Set_Pwm_Motor2                           0x08001531   Thumb Code    42  motor.o(i.Set_Pwm_Motor2)
    SysTick_CLKSourceConfig                  0x08001561   Thumb Code    40  misc.o(i.SysTick_CLKSourceConfig)
    SysTick_Handler                          0x08001589   Thumb Code     2  stm32f10x_it.o(i.SysTick_Handler)
    SystemInit                               0x0800158d   Thumb Code    78  system_stm32f10x.o(i.SystemInit)
    TIM1_Int_Init                            0x080015ed   Thumb Code    96  timer.o(i.TIM1_Int_Init)
    TIM1_UP_IRQHandler                       0x08001651   Thumb Code   120  timer.o(i.TIM1_UP_IRQHandler)
    TIM_ClearITPendingBit                    0x080016ed   Thumb Code     6  stm32f10x_tim.o(i.TIM_ClearITPendingBit)
    TIM_Cmd                                  0x080016f3   Thumb Code    24  stm32f10x_tim.o(i.TIM_Cmd)
    TIM_GetITStatus                          0x0800170b   Thumb Code    34  stm32f10x_tim.o(i.TIM_GetITStatus)
    TIM_ITConfig                             0x0800172d   Thumb Code    18  stm32f10x_tim.o(i.TIM_ITConfig)
    TIM_OC1Init                              0x08001741   Thumb Code   132  stm32f10x_tim.o(i.TIM_OC1Init)
    TIM_OC1PreloadConfig                     0x080017d9   Thumb Code    18  stm32f10x_tim.o(i.TIM_OC1PreloadConfig)
    TIM_OC2Init                              0x080017ed   Thumb Code   154  stm32f10x_tim.o(i.TIM_OC2Init)
    TIM_OC2PreloadConfig                     0x08001891   Thumb Code    26  stm32f10x_tim.o(i.TIM_OC2PreloadConfig)
    TIM_OC3Init                              0x080018ad   Thumb Code   150  stm32f10x_tim.o(i.TIM_OC3Init)
    TIM_OC3PreloadConfig                     0x0800194d   Thumb Code    18  stm32f10x_tim.o(i.TIM_OC3PreloadConfig)
    TIM_OC4Init                              0x08001961   Thumb Code   114  stm32f10x_tim.o(i.TIM_OC4Init)
    TIM_OC4PreloadConfig                     0x080019dd   Thumb Code    26  stm32f10x_tim.o(i.TIM_OC4PreloadConfig)
    TIM_SetCompare1                          0x080019f7   Thumb Code     4  stm32f10x_tim.o(i.TIM_SetCompare1)
    TIM_SetCompare2                          0x080019fb   Thumb Code     4  stm32f10x_tim.o(i.TIM_SetCompare2)
    TIM_SetCompare3                          0x080019ff   Thumb Code     4  stm32f10x_tim.o(i.TIM_SetCompare3)
    TIM_SetCompare4                          0x08001a03   Thumb Code     6  stm32f10x_tim.o(i.TIM_SetCompare4)
    TIM_TimeBaseInit                         0x08001a09   Thumb Code   122  stm32f10x_tim.o(i.TIM_TimeBaseInit)
    USART1_IRQHandler                        0x08001aad   Thumb Code   122  usart.o(i.USART1_IRQHandler)
    USART3_IRQHandler                        0x08001b35   Thumb Code    98  jy61.o(i.USART3_IRQHandler)
    USART_ClearFlag                          0x08001bad   Thumb Code    18  stm32f10x_usart.o(i.USART_ClearFlag)
    USART_Cmd                                0x08001bbf   Thumb Code    24  stm32f10x_usart.o(i.USART_Cmd)
    USART_GetITStatus                        0x08001bd7   Thumb Code    84  stm32f10x_usart.o(i.USART_GetITStatus)
    USART_ITConfig                           0x08001c2b   Thumb Code    74  stm32f10x_usart.o(i.USART_ITConfig)
    USART_Init                               0x08001c75   Thumb Code   210  stm32f10x_usart.o(i.USART_Init)
    USART_ReceiveData                        0x08001d4d   Thumb Code    10  stm32f10x_usart.o(i.USART_ReceiveData)
    UsageFault_Handler                       0x08001d57   Thumb Code     4  stm32f10x_it.o(i.UsageFault_Handler)
    Xianfu_Pwm                               0x08001d5d   Thumb Code    62  motor.o(i.Xianfu_Pwm)
    __0printf$1                              0x08001da5   Thumb Code    22  printf1.o(i.__0printf$1)
    __1printf$1                              0x08001da5   Thumb Code     0  printf1.o(i.__0printf$1)
    __2printf                                0x08001da5   Thumb Code     0  printf1.o(i.__0printf$1)
    __scatterload_copy                       0x08001dc5   Thumb Code    14  handlers.o(i.__scatterload_copy)
    __scatterload_null                       0x08001dd3   Thumb Code     2  handlers.o(i.__scatterload_null)
    __scatterload_zeroinit                   0x08001dd5   Thumb Code    14  handlers.o(i.__scatterload_zeroinit)
    fputc                                    0x08001f39   Thumb Code    24  usart.o(i.fputc)
    imu_date                                 0x08001f55   Thumb Code   660  jy61.o(i.imu_date)
    main                                     0x0800221d   Thumb Code    52  main.o(i.main)
    uart3_init                               0x08002251   Thumb Code   174  jy61.o(i.uart3_init)
    uart_init                                0x08002309   Thumb Code   152  usart.o(i.uart_init)
    Region$$Table$$Base                      0x080023a8   Number         0  anon$$obj.o(Region$$Table)
    Region$$Table$$Limit                     0x080023c8   Number         0  anon$$obj.o(Region$$Table)
    SystemCoreClock                          0x20000000   Data           4  system_stm32f10x.o(.data)
    AHBPrescTable                            0x20000004   Data          16  system_stm32f10x.o(.data)
    Velocity_KPA                             0x20000014   Data           4  motor.o(.data)
    Velocity_KIA                             0x20000018   Data           4  motor.o(.data)
    Velocity_KDA                             0x2000001c   Data           4  motor.o(.data)
    Velocity_KPB                             0x20000020   Data           4  motor.o(.data)
    Velocity_KIB                             0x20000024   Data           4  motor.o(.data)
    Velocity_KDB                             0x20000028   Data           4  motor.o(.data)
    Encoder_A_EXTI                           0x20000050   Data           4  encoder.o(.data)
    Encoder_B_EXTI                           0x20000054   Data           4  encoder.o(.data)
    Encoder_Left                             0x20000058   Data           4  timer.o(.data)
    Encoder_Right                            0x2000005c   Data           4  timer.o(.data)
    t                                        0x20000060   Data           4  timer.o(.data)
    vout                                     0x20000064   Data           2  timer.o(.data)
    adc_date                                 0x20000066   Data           2  timer.o(.data)
    juli                                     0x20000068   Data           2  timer.o(.data)
    Motor_A                                  0x2000006c   Data           4  timer.o(.data)
    Motor_B                                  0x20000070   Data           4  timer.o(.data)
    sign                                     0x20000074   Data           1  jy61.o(.data)
    counter                                  0x20000075   Data           1  jy61.o(.data)
    SendData                                 0x20000076   Data           6  jy61.o(.data)
    len                                      0x2000007c   Data           2  jy61.o(.data)
    T                                        0x20000080   Data           4  jy61.o(.data)
    __stdout                                 0x20000088   Data           4  usart.o(.data)
    USART_RX_STA                             0x2000008c   Data           2  usart.o(.data)
    Re_buf                                   0x200000a4   Data          11  jy61.o(.bss)
    Temp                                     0x200000ba   Data          11  jy61.o(.bss)
    acc                                      0x200000c8   Data          12  jy61.o(.bss)
    speed                                    0x200000d4   Data          12  jy61.o(.bss)
    angle                                    0x200000e0   Data          12  jy61.o(.bss)
    USART_RX_BUF                             0x200000ec   Data         200  usart.o(.bss)
    __initial_sp                             0x200005b8   Data           0  startup_stm32f10x_hd.o(STACK)



==============================================================================

Memory Map of the image

  Image Entry point : 0x08000145

  Load Region LR_1 (Base: 0x08000000, Size: 0x0000246c, Max: 0xffffffff, ABSOLUTE)

    Execution Region ER_RO (Base: 0x08000000, Size: 0x000023c8, Max: 0xffffffff, ABSOLUTE)

    Base Addr    Size         Type   Attr      Idx    E Section Name        Object

    0x08000000   0x00000130   Data   RO          588    RESET               startup_stm32f10x_hd.o
    0x08000130   0x00000000   Code   RO         3560  * .ARM.Collect$$$$00000000  mc_w.l(entry.o)
    0x08000130   0x00000004   Code   RO         3842    .ARM.Collect$$$$00000001  mc_w.l(entry2.o)
    0x08000134   0x00000004   Code   RO         3845    .ARM.Collect$$$$00000004  mc_w.l(entry5.o)
    0x08000138   0x00000000   Code   RO         3847    .ARM.Collect$$$$00000008  mc_w.l(entry7b.o)
    0x08000138   0x00000000   Code   RO         3849    .ARM.Collect$$$$0000000A  mc_w.l(entry8b.o)
    0x08000138   0x00000008   Code   RO         3850    .ARM.Collect$$$$0000000B  mc_w.l(entry9a.o)
    0x08000140   0x00000000   Code   RO         3852    .ARM.Collect$$$$0000000D  mc_w.l(entry10a.o)
    0x08000140   0x00000000   Code   RO         3854    .ARM.Collect$$$$0000000F  mc_w.l(entry11a.o)
    0x08000140   0x00000004   Code   RO         3843    .ARM.Collect$$$$00002712  mc_w.l(entry2.o)
    0x08000144   0x00000024   Code   RO          589  * .text               startup_stm32f10x_hd.o
    0x08000168   0x000000b0   Code   RO         3824    .text               mf_w.l(fadd.o)
    0x08000218   0x00000064   Code   RO         3826    .text               mf_w.l(fmul.o)
    0x0800027c   0x0000014e   Code   RO         3828    .text               mf_w.l(dadd.o)
    0x080003ca   0x000000e4   Code   RO         3830    .text               mf_w.l(dmul.o)
    0x080004ae   0x000000de   Code   RO         3832    .text               mf_w.l(ddiv.o)
    0x0800058c   0x00000012   Code   RO         3834    .text               mf_w.l(fflti.o)
    0x0800059e   0x00000022   Code   RO         3836    .text               mf_w.l(dflti.o)
    0x080005c0   0x00000032   Code   RO         3838    .text               mf_w.l(ffixi.o)
    0x080005f2   0x00000038   Code   RO         3840    .text               mf_w.l(d2f.o)
    0x0800062a   0x0000002c   Code   RO         3856    .text               mc_w.l(uidiv.o)
    0x08000656   0x0000001e   Code   RO         3860    .text               mc_w.l(llshl.o)
    0x08000674   0x00000024   Code   RO         3862    .text               mc_w.l(llsshr.o)
    0x08000698   0x00000000   Code   RO         3864    .text               mc_w.l(iusefp.o)
    0x08000698   0x0000006e   Code   RO         3865    .text               mf_w.l(fepilogue.o)
    0x08000706   0x000000ba   Code   RO         3867    .text               mf_w.l(depilogue.o)
    0x080007c0   0x00000024   Code   RO         3873    .text               mc_w.l(init.o)
    0x080007e4   0x00000020   Code   RO         3875    .text               mc_w.l(llushr.o)
    0x08000804   0x00000006   Code   RO          633    i.ADC_ClearFlag     stm32f10x_adc.o
    0x0800080a   0x00000016   Code   RO          635    i.ADC_Cmd           stm32f10x_adc.o
    0x08000820   0x0000005c   Code   RO          637    i.ADC_DeInit        stm32f10x_adc.o
    0x0800087c   0x00000014   Code   RO          643    i.ADC_GetCalibrationStatus  stm32f10x_adc.o
    0x08000890   0x00000014   Code   RO          649    i.ADC_GetResetCalibrationStatus  stm32f10x_adc.o
    0x080008a4   0x00000018   Code   RO          652    i.ADC_ITConfig      stm32f10x_adc.o
    0x080008bc   0x00000050   Code   RO          653    i.ADC_Init          stm32f10x_adc.o
    0x0800090c   0x0000000a   Code   RO          658    i.ADC_ResetCalibration  stm32f10x_adc.o
    0x08000916   0x00000016   Code   RO          660    i.ADC_SoftwareStartConvCmd  stm32f10x_adc.o
    0x0800092c   0x0000000a   Code   RO          662    i.ADC_StartCalibration  stm32f10x_adc.o
    0x08000936   0x00000002   PAD
    0x08000938   0x000000a8   Code   RO          415    i.Adc_Init          adc.o
    0x080009e0   0x00000004   Code   RO          133    i.BusFault_Handler  stm32f10x_it.o
    0x080009e4   0x00000002   Code   RO          134    i.DebugMon_Handler  stm32f10x_it.o
    0x080009e6   0x00000002   PAD
    0x080009e8   0x00000044   Code   RO          480    i.Delay_init        delay.o
    0x08000a2c   0x00000058   Code   RO          330    i.EXTI0_IRQHandler  encoder.o
    0x08000a84   0x0000005c   Code   RO          331    i.EXTI1_IRQHandler  encoder.o
    0x08000ae0   0x000000b4   Code   RO          332    i.EXTI9_5_IRQHandler  encoder.o
    0x08000b94   0x00000028   Code   RO         1395    i.EXTI_GetITStatus  stm32f10x_exti.o
    0x08000bbc   0x00000094   Code   RO         1396    i.EXTI_Init         stm32f10x_exti.o
    0x08000c50   0x00000014   Code   RO          333    i.Encoder_Init      encoder.o
    0x08000c64   0x00000070   Code   RO          334    i.Encoder_Init_TIM_Exit0  encoder.o
    0x08000cd4   0x00000070   Code   RO          335    i.Encoder_Init_TIM_Exit1  encoder.o
    0x08000d44   0x0000006c   Code   RO          336    i.Encoder_Init_TIM_Exit6  encoder.o
    0x08000db0   0x00000070   Code   RO          337    i.Encoder_Init_TIM_Exit7  encoder.o
    0x08000e20   0x00000040   Code   RO         1741    i.GPIO_EXTILineConfig  stm32f10x_gpio.o
    0x08000e60   0x00000116   Code   RO         1744    i.GPIO_Init         stm32f10x_gpio.o
    0x08000f76   0x00000004   Code   RO         1752    i.GPIO_SetBits      stm32f10x_gpio.o
    0x08000f7a   0x00000004   Code   RO          135    i.HardFault_Handler  stm32f10x_it.o
    0x08000f7e   0x00000002   PAD
    0x08000f80   0x000000b8   Code   RO          268    i.Incremental_PI_A  motor.o
    0x08001038   0x000000ac   Code   RO          269    i.Incremental_PI_B  motor.o
    0x080010e4   0x00000034   Code   RO          230    i.LED_Init          led.o
    0x08001118   0x00000004   Code   RO          136    i.MemManage_Handler  stm32f10x_it.o
    0x0800111c   0x0000002c   Code   RO          270    i.Motor_Gpio_init   motor.o
    0x08001148   0x00000012   Code   RO          271    i.Motor_Init        motor.o
    0x0800115a   0x00000002   Code   RO          137    i.NMI_Handler       stm32f10x_it.o
    0x0800115c   0x00000070   Code   RO          593    i.NVIC_Init         misc.o
    0x080011cc   0x00000014   Code   RO          594    i.NVIC_PriorityGroupConfig  misc.o
    0x080011e0   0x000000ac   Code   RO          272    i.PWM2_Init         motor.o
    0x0800128c   0x00000002   Code   RO          138    i.PendSV_Handler    stm32f10x_it.o
    0x0800128e   0x00000002   PAD
    0x08001290   0x00000018   Code   RO         2158    i.RCC_ADCCLKConfig  stm32f10x_rcc.o
    0x080012a8   0x00000020   Code   RO         2160    i.RCC_APB1PeriphClockCmd  stm32f10x_rcc.o
    0x080012c8   0x00000020   Code   RO         2162    i.RCC_APB2PeriphClockCmd  stm32f10x_rcc.o
    0x080012e8   0x00000020   Code   RO         2163    i.RCC_APB2PeriphResetCmd  stm32f10x_rcc.o
    0x08001308   0x000000d4   Code   RO         2170    i.RCC_GetClocksFreq  stm32f10x_rcc.o
    0x080013dc   0x00000038   Code   RO          338    i.Read_Encoder      encoder.o
    0x08001414   0x00000002   Code   RO          139    i.SVC_Handler       stm32f10x_it.o
    0x08001416   0x00000008   Code   RO          196    i.SetSysClock       system_stm32f10x.o
    0x0800141e   0x00000002   PAD
    0x08001420   0x000000e0   Code   RO          197    i.SetSysClockTo72   system_stm32f10x.o
    0x08001500   0x00000030   Code   RO          273    i.Set_Pwm_Motor1    motor.o
    0x08001530   0x00000030   Code   RO          274    i.Set_Pwm_Motor2    motor.o
    0x08001560   0x00000028   Code   RO          597    i.SysTick_CLKSourceConfig  misc.o
    0x08001588   0x00000002   Code   RO          140    i.SysTick_Handler   stm32f10x_it.o
    0x0800158a   0x00000002   PAD
    0x0800158c   0x00000060   Code   RO          199    i.SystemInit        system_stm32f10x.o
    0x080015ec   0x00000064   Code   RO          393    i.TIM1_Int_Init     timer.o
    0x08001650   0x0000009c   Code   RO          394    i.TIM1_UP_IRQHandler  timer.o
    0x080016ec   0x00000006   Code   RO         2789    i.TIM_ClearITPendingBit  stm32f10x_tim.o
    0x080016f2   0x00000018   Code   RO         2794    i.TIM_Cmd           stm32f10x_tim.o
    0x0800170a   0x00000022   Code   RO         2815    i.TIM_GetITStatus   stm32f10x_tim.o
    0x0800172c   0x00000012   Code   RO         2819    i.TIM_ITConfig      stm32f10x_tim.o
    0x0800173e   0x00000002   PAD
    0x08001740   0x00000098   Code   RO         2823    i.TIM_OC1Init       stm32f10x_tim.o
    0x080017d8   0x00000012   Code   RO         2826    i.TIM_OC1PreloadConfig  stm32f10x_tim.o
    0x080017ea   0x00000002   PAD
    0x080017ec   0x000000a4   Code   RO         2828    i.TIM_OC2Init       stm32f10x_tim.o
    0x08001890   0x0000001a   Code   RO         2831    i.TIM_OC2PreloadConfig  stm32f10x_tim.o
    0x080018aa   0x00000002   PAD
    0x080018ac   0x000000a0   Code   RO         2833    i.TIM_OC3Init       stm32f10x_tim.o
    0x0800194c   0x00000012   Code   RO         2836    i.TIM_OC3PreloadConfig  stm32f10x_tim.o
    0x0800195e   0x00000002   PAD
    0x08001960   0x0000007c   Code   RO         2838    i.TIM_OC4Init       stm32f10x_tim.o
    0x080019dc   0x0000001a   Code   RO         2840    i.TIM_OC4PreloadConfig  stm32f10x_tim.o
    0x080019f6   0x00000004   Code   RO         2855    i.TIM_SetCompare1   stm32f10x_tim.o
    0x080019fa   0x00000004   Code   RO         2856    i.TIM_SetCompare2   stm32f10x_tim.o
    0x080019fe   0x00000004   Code   RO         2857    i.TIM_SetCompare3   stm32f10x_tim.o
    0x08001a02   0x00000006   Code   RO         2858    i.TIM_SetCompare4   stm32f10x_tim.o
    0x08001a08   0x000000a4   Code   RO         2865    i.TIM_TimeBaseInit  stm32f10x_tim.o
    0x08001aac   0x00000088   Code   RO          535    i.USART1_IRQHandler  usart.o
    0x08001b34   0x00000078   Code   RO          439    i.USART3_IRQHandler  jy61.o
    0x08001bac   0x00000012   Code   RO         3326    i.USART_ClearFlag   stm32f10x_usart.o
    0x08001bbe   0x00000018   Code   RO         3330    i.USART_Cmd         stm32f10x_usart.o
    0x08001bd6   0x00000054   Code   RO         3334    i.USART_GetITStatus  stm32f10x_usart.o
    0x08001c2a   0x0000004a   Code   RO         3336    i.USART_ITConfig    stm32f10x_usart.o
    0x08001c74   0x000000d8   Code   RO         3337    i.USART_Init        stm32f10x_usart.o
    0x08001d4c   0x0000000a   Code   RO         3344    i.USART_ReceiveData  stm32f10x_usart.o
    0x08001d56   0x00000004   Code   RO          141    i.UsageFault_Handler  stm32f10x_it.o
    0x08001d5a   0x00000002   PAD
    0x08001d5c   0x00000048   Code   RO          275    i.Xianfu_Pwm        motor.o
    0x08001da4   0x00000020   Code   RO         3608    i.__0printf$1       mc_w.l(printf1.o)
    0x08001dc4   0x0000000e   Code   RO         3879    i.__scatterload_copy  mc_w.l(handlers.o)
    0x08001dd2   0x00000002   Code   RO         3880    i.__scatterload_null  mc_w.l(handlers.o)
    0x08001dd4   0x0000000e   Code   RO         3881    i.__scatterload_zeroinit  mc_w.l(handlers.o)
    0x08001de2   0x00000002   PAD
    0x08001de4   0x00000154   Code   RO         3615    i._printf_core      mc_w.l(printf1.o)
    0x08001f38   0x0000001c   Code   RO          537    i.fputc             usart.o
    0x08001f54   0x000002c8   Code   RO          440    i.imu_date          jy61.o
    0x0800221c   0x00000034   Code   RO            1    i.main              main.o
    0x08002250   0x000000b8   Code   RO          441    i.uart3_init        jy61.o
    0x08002308   0x000000a0   Code   RO          538    i.uart_init         usart.o
    0x080023a8   0x00000020   Data   RO         3877    Region$$Table       anon$$obj.o


    Execution Region ER_RW (Base: 0x20000000, Size: 0x000000a4, Max: 0xffffffff, ABSOLUTE)

    Base Addr    Size         Type   Attr      Idx    E Section Name        Object

    0x20000000   0x00000014   Data   RW          200    .data               system_stm32f10x.o
    0x20000014   0x0000003c   Data   RW          276    .data               motor.o
    0x20000050   0x00000008   Data   RW          339    .data               encoder.o
    0x20000058   0x0000001c   Data   RW          395    .data               timer.o
    0x20000074   0x00000010   Data   RW          444    .data               jy61.o
    0x20000084   0x00000004   Data   RW          483    .data               delay.o
    0x20000088   0x00000006   Data   RW          540    .data               usart.o
    0x2000008e   0x00000014   Data   RW         2190    .data               stm32f10x_rcc.o


    Execution Region ER_ZI (Base: 0x200000a4, Size: 0x00000514, Max: 0xffffffff, ABSOLUTE)

    Base Addr    Size         Type   Attr      Idx    E Section Name        Object

    0x200000a4   0x00000048   Zero   RW          443    .bss                jy61.o
    0x200000ec   0x000000c8   Zero   RW          539    .bss                usart.o
    0x200001b4   0x00000004   PAD
    0x200001b8   0x00000400   Zero   RW          586    STACK               startup_stm32f10x_hd.o


==============================================================================

Image component sizes


      Code (inc. data)   RO Data    RW Data    ZI Data      Debug   Object Name

       168          8          0          0          0        611   adc.o
        68         18          0          4          0        657   delay.o
       880         70          0          8          0       5333   encoder.o
      1016         84          0         16         72       2726   jy61.o
        52          6          0          0          0     215055   led.o
        52          0          0          0          0      48407   main.o
       172         22          0          0          0       2017   misc.o
       758         96          0         60          0       4924   motor.o
        36          8        304          0       1024        784   startup_stm32f10x_hd.o
       306         24          0          0          0       7585   stm32f10x_adc.o
       188         12          0          0          0       1547   stm32f10x_exti.o
       346          4          0          0          0       3061   stm32f10x_gpio.o
        26          0          0          0          0       3614   stm32f10x_it.o
       332         44          0         20          0       5474   stm32f10x_rcc.o
       952         92          0          0          0      10686   stm32f10x_tim.o
       426          6          0          0          0       5428   stm32f10x_usart.o
         0          0          0          0          0         32   sys.o
       328         28          0         20          0       2037   system_stm32f10x.o
       256         40          0         28          0       1523   timer.o
       324         26          0          6        200       3592   usart.o

    ----------------------------------------------------------------------
      6708        588        336        164       1300     325093   Object Totals
         0          0         32          0          0          0   (incl. Generated)
        22          0          0          2          4          0   (incl. Padding)

    ----------------------------------------------------------------------

      Code (inc. data)   RO Data    RW Data    ZI Data      Debug   Library Member Name

         0          0          0          0          0          0   entry.o
         0          0          0          0          0          0   entry10a.o
         0          0          0          0          0          0   entry11a.o
         8          4          0          0          0          0   entry2.o
         4          0          0          0          0          0   entry5.o
         0          0          0          0          0          0   entry7b.o
         0          0          0          0          0          0   entry8b.o
         8          4          0          0          0          0   entry9a.o
        30          0          0          0          0          0   handlers.o
        36          8          0          0          0         68   init.o
         0          0          0          0          0          0   iusefp.o
        30          0          0          0          0         68   llshl.o
        36          0          0          0          0         68   llsshr.o
        32          0          0          0          0         68   llushr.o
       372         14          0          0          0        184   printf1.o
        44          0          0          0          0         80   uidiv.o
        56          0          0          0          0         88   d2f.o
       334          0          0          0          0        148   dadd.o
       222          0          0          0          0        100   ddiv.o
       186          0          0          0          0        176   depilogue.o
        34          0          0          0          0         76   dflti.o
       228          0          0          0          0         96   dmul.o
       176          0          0          0          0        140   fadd.o
       110          0          0          0          0        168   fepilogue.o
        50          0          0          0          0         68   ffixi.o
        18          0          0          0          0         68   fflti.o
       100          0          0          0          0         76   fmul.o

    ----------------------------------------------------------------------
      2116         30          0          0          0       1740   Library Totals
         2          0          0          0          0          0   (incl. Padding)

    ----------------------------------------------------------------------

      Code (inc. data)   RO Data    RW Data    ZI Data      Debug   Library Name

       600         30          0          0          0        536   mc_w.l
      1514          0          0          0          0       1204   mf_w.l

    ----------------------------------------------------------------------
      2116         30          0          0          0       1740   Library Totals

    ----------------------------------------------------------------------

==============================================================================


      Code (inc. data)   RO Data    RW Data    ZI Data      Debug   

      8824        618        336        164       1300     321837   Grand Totals
      8824        618        336        164       1300     321837   ELF Image Totals
      8824        618        336        164          0          0   ROM Totals

==============================================================================

    Total RO  Size (Code + RO Data)                 9160 (   8.95kB)
    Total RW  Size (RW Data + ZI Data)              1464 (   1.43kB)
    Total ROM Size (Code + RO Data + RW Data)       9324 (   9.11kB)

==============================================================================

